Archive member included to satisfy reference by file (symbol)

d:/competition/robotcon/clion/gcc-arm-none-eabi-10.3-2021.10/bin/../lib/gcc/arm-none-eabi/10.3.1/thumb/v7e-m+fp/hard\libgcc.a(_arm_addsubdf3.o)
                              CMakeFiles/Frankenstein.elf.dir/Core/Application/lqr_wbr.c.obj (__aeabi_f2d)
d:/competition/robotcon/clion/gcc-arm-none-eabi-10.3-2021.10/bin/../lib/gcc/arm-none-eabi/10.3.1/thumb/v7e-m+fp/hard\libgcc.a(_arm_cmpdf2.o)
                              CMakeFiles/Frankenstein.elf.dir/Core/Application/lqr_wbr.c.obj (__aeabi_dcmplt)
d:/competition/robotcon/clion/gcc-arm-none-eabi-10.3-2021.10/bin/../lib/gcc/arm-none-eabi/10.3.1/thumb/v7e-m+fp/hard\libgcc.a(_aeabi_uldivmod.o)
                              CMakeFiles/Frankenstein.elf.dir/Drivers/STM32F4xx_HAL_Driver/Src/stm32f4xx_hal_rcc.c.obj (__aeabi_uldivmod)
d:/competition/robotcon/clion/gcc-arm-none-eabi-10.3-2021.10/bin/../lib/gcc/arm-none-eabi/10.3.1/thumb/v7e-m+fp/hard\libgcc.a(_udivmoddi4.o)
                              d:/competition/robotcon/clion/gcc-arm-none-eabi-10.3-2021.10/bin/../lib/gcc/arm-none-eabi/10.3.1/thumb/v7e-m+fp/hard\libgcc.a(_aeabi_uldivmod.o) (__udivmoddi4)
d:/competition/robotcon/clion/gcc-arm-none-eabi-10.3-2021.10/bin/../lib/gcc/arm-none-eabi/10.3.1/thumb/v7e-m+fp/hard\libgcc.a(_dvmd_tls.o)
                              d:/competition/robotcon/clion/gcc-arm-none-eabi-10.3-2021.10/bin/../lib/gcc/arm-none-eabi/10.3.1/thumb/v7e-m+fp/hard\libgcc.a(_aeabi_uldivmod.o) (__aeabi_ldiv0)
d:/competition/robotcon/clion/gcc-arm-none-eabi-10.3-2021.10/bin/../lib/gcc/arm-none-eabi/10.3.1/../../../../arm-none-eabi/lib/thumb/v7e-m+fp/hard\libg.a(lib_a-errno.o)
                              CMakeFiles/Frankenstein.elf.dir/Core/Src/syscalls.c.obj (__errno)
d:/competition/robotcon/clion/gcc-arm-none-eabi-10.3-2021.10/bin/../lib/gcc/arm-none-eabi/10.3.1/../../../../arm-none-eabi/lib/thumb/v7e-m+fp/hard\libg.a(lib_a-exit.o)
                              d:/competition/robotcon/clion/gcc-arm-none-eabi-10.3-2021.10/bin/../lib/gcc/arm-none-eabi/10.3.1/../../../../arm-none-eabi/lib/thumb/v7e-m+fp/hard/crt0.o (exit)
d:/competition/robotcon/clion/gcc-arm-none-eabi-10.3-2021.10/bin/../lib/gcc/arm-none-eabi/10.3.1/../../../../arm-none-eabi/lib/thumb/v7e-m+fp/hard\libg.a(lib_a-impure.o)
                              d:/competition/robotcon/clion/gcc-arm-none-eabi-10.3-2021.10/bin/../lib/gcc/arm-none-eabi/10.3.1/../../../../arm-none-eabi/lib/thumb/v7e-m+fp/hard\libg.a(lib_a-exit.o) (_global_impure_ptr)
d:/competition/robotcon/clion/gcc-arm-none-eabi-10.3-2021.10/bin/../lib/gcc/arm-none-eabi/10.3.1/../../../../arm-none-eabi/lib/thumb/v7e-m+fp/hard\libg.a(lib_a-init.o)
                              d:/competition/robotcon/clion/gcc-arm-none-eabi-10.3-2021.10/bin/../lib/gcc/arm-none-eabi/10.3.1/../../../../arm-none-eabi/lib/thumb/v7e-m+fp/hard/crt0.o (__libc_init_array)
d:/competition/robotcon/clion/gcc-arm-none-eabi-10.3-2021.10/bin/../lib/gcc/arm-none-eabi/10.3.1/../../../../arm-none-eabi/lib/thumb/v7e-m+fp/hard\libg.a(lib_a-memcpy.o)
                              CMakeFiles/Frankenstein.elf.dir/Core/Application/vofa.c.obj (memcpy)
d:/competition/robotcon/clion/gcc-arm-none-eabi-10.3-2021.10/bin/../lib/gcc/arm-none-eabi/10.3.1/../../../../arm-none-eabi/lib/thumb/v7e-m+fp/hard\libg.a(lib_a-memset.o)
                              d:/competition/robotcon/clion/gcc-arm-none-eabi-10.3-2021.10/bin/../lib/gcc/arm-none-eabi/10.3.1/../../../../arm-none-eabi/lib/thumb/v7e-m+fp/hard/crt0.o (memset)
d:/competition/robotcon/clion/gcc-arm-none-eabi-10.3-2021.10/bin/../lib/gcc/arm-none-eabi/10.3.1/../../../../arm-none-eabi/lib/thumb/v7e-m+fp/hard\libg.a(lib_a-reent.o)
                              CMakeFiles/Frankenstein.elf.dir/Middlewares/Third_Party/FreeRTOS/Source/tasks.c.obj (_reclaim_reent)
d:/competition/robotcon/clion/gcc-arm-none-eabi-10.3-2021.10/bin/../lib/gcc/arm-none-eabi/10.3.1/../../../../arm-none-eabi/lib/thumb/v7e-m+fp/hard\libg.a(lib_a-__call_atexit.o)
                              d:/competition/robotcon/clion/gcc-arm-none-eabi-10.3-2021.10/bin/../lib/gcc/arm-none-eabi/10.3.1/../../../../arm-none-eabi/lib/thumb/v7e-m+fp/hard\libg.a(lib_a-exit.o) (__call_exitprocs)
d:/competition/robotcon/clion/gcc-arm-none-eabi-10.3-2021.10/bin/../lib/gcc/arm-none-eabi/10.3.1/../../../../arm-none-eabi/lib/thumb/v7e-m+fp/hard\libg.a(lib_a-atexit.o)
                              d:/competition/robotcon/clion/gcc-arm-none-eabi-10.3-2021.10/bin/../lib/gcc/arm-none-eabi/10.3.1/../../../../arm-none-eabi/lib/thumb/v7e-m+fp/hard\libg.a(lib_a-__call_atexit.o) (atexit)
d:/competition/robotcon/clion/gcc-arm-none-eabi-10.3-2021.10/bin/../lib/gcc/arm-none-eabi/10.3.1/../../../../arm-none-eabi/lib/thumb/v7e-m+fp/hard\libg.a(lib_a-fini.o)
[...]
Memory Configuration

Name             Origin             Length             Attributes
RAM              0x20000000         0x00020000         xrw
FLASH            0x08000000         0x00040000         xr
*default*        0x00000000         0xffffffff

Linker script and memory map

LOAD d:/competition/robotcon/clion/gcc-arm-none-eabi-10.3-2021.10/bin/../lib/gcc/arm-none-eabi/10.3.1/thumb/v7e-m+fp/hard/crti.o
LOAD d:/competition/robotcon/clion/gcc-arm-none-eabi-10.3-2021.10/bin/../lib/gcc/arm-none-eabi/10.3.1/thumb/v7e-m+fp/hard/crtbegin.o
LOAD d:/competition/robotcon/clion/gcc-arm-none-eabi-10.3-2021.10/bin/../lib/gcc/arm-none-eabi/10.3.1/../../../../arm-none-eabi/lib/thumb/v7e-m+fp/hard/crt0.o
LOAD CMakeFiles/Frankenstein.elf.dir/Core/Application/CAN_receive_dm.c.obj
LOAD CMakeFiles/Frankenstein.elf.dir/Core/Application/UART_DMA.c.obj
LOAD CMakeFiles/Frankenstein.elf.dir/Core/Application/VMC.c.obj
LOAD CMakeFiles/Frankenstein.elf.dir/Core/Application/ddt_m6_control.c.obj
LOAD CMakeFiles/Frankenstein.elf.dir/Core/Application/kalman.c.obj
LOAD CMakeFiles/Frankenstein.elf.dir/Core/Application/lqr_wbr.c.obj
LOAD CMakeFiles/Frankenstein.elf.dir/Core/Application/music.c.obj
LOAD CMakeFiles/Frankenstein.elf.dir/Core/Application/pid.c.obj
LOAD CMakeFiles/Frankenstein.elf.dir/Core/Application/user_lib.c.obj
LOAD CMakeFiles/Frankenstein.elf.dir/Core/Application/vofa.c.obj
LOAD CMakeFiles/Frankenstein.elf.dir/Core/Bsp_for_DM01/BMI088/Attitude.c.obj
LOAD CMakeFiles/Frankenstein.elf.dir/Core/Bsp_for_DM01/BMI088/BMI088Middleware.c.obj
LOAD CMakeFiles/Frankenstein.elf.dir/Core/Bsp_for_DM01/BMI088/BMI088driver.c.obj
LOAD CMakeFiles/Frankenstein.elf.dir/Core/Bsp_for_DM01/BMI088/MahonyAHRS.c.obj
LOAD CMakeFiles/Frankenstein.elf.dir/Core/Bsp_for_DM01/bsp_delay.c.obj
LOAD CMakeFiles/Frankenstein.elf.dir/Core/Bsp_for_DM01/bsp_sbus.c.obj
LOAD CMakeFiles/Frankenstein.elf.dir/Core/Src/can.c.obj
LOAD CMakeFiles/Frankenstein.elf.dir/Core/Src/dma.c.obj
LOAD CMakeFiles/Frankenstein.elf.dir/Core/Src/freertos.c.obj
LOAD CMakeFiles/Frankenstein.elf.dir/Core/Src/gpio.c.obj
LOAD CMakeFiles/Frankenstein.elf.dir/Core/Src/main.c.obj
LOAD CMakeFiles/Frankenstein.elf.dir/Core/Src/spi.c.obj
LOAD CMakeFiles/Frankenstein.elf.dir/Core/Src/stm32f4xx_hal_msp.c.obj
LOAD CMakeFiles/Frankenstein.elf.dir/Core/Src/stm32f4xx_hal_timebase_tim.c.obj
LOAD CMakeFiles/Frankenstein.elf.dir/Core/Src/stm32f4xx_it.c.obj
LOAD CMakeFiles/Frankenstein.elf.dir/Core/Src/syscalls.c.obj
LOAD CMakeFiles/Frankenstein.elf.dir/Core/Src/sysmem.c.obj
LOAD CMakeFiles/Frankenstein.elf.dir/Core/Src/system_stm32f4xx.c.obj
LOAD CMakeFiles/Frankenstein.elf.dir/Core/Src/tim.c.obj
LOAD CMakeFiles/Frankenstein.elf.dir/Core/Src/usart.c.obj
LOAD CMakeFiles/Frankenstein.elf.dir/Core/Startup/startup_stm32f446rctx.s.obj
LOAD CMakeFiles/Frankenstein.elf.dir/Drivers/STM32F4xx_HAL_Driver/Src/stm32f4xx_hal.c.obj
LOAD CMakeFiles/Frankenstein.elf.dir/Drivers/STM32F4xx_HAL_Driver/Src/stm32f4xx_hal_can.c.obj
LOAD CMakeFiles/Frankenstein.elf.dir/Drivers/STM32F4xx_HAL_Driver/Src/stm32f4xx_hal_cortex.c.obj
LOAD CMakeFiles/Frankenstein.elf.dir/Drivers/STM32F4xx_HAL_Driver/Src/stm32f4xx_hal_dma.c.obj
LOAD CMakeFiles/Frankenstein.elf.dir/Drivers/STM32F4xx_HAL_Driver/Src/stm32f4xx_hal_dma_ex.c.obj
LOAD CMakeFiles/Frankenstein.elf.dir/Drivers/STM32F4xx_HAL_Driver/Src/stm32f4xx_hal_exti.c.obj
LOAD CMakeFiles/Frankenstein.elf.dir/Drivers/STM32F4xx_HAL_Driver/Src/stm32f4xx_hal_flash.c.obj
LOAD CMakeFiles/Frankenstein.elf.dir/Drivers/STM32F4xx_HAL_Driver/Src/stm32f4xx_hal_flash_ex.c.obj
LOAD CMakeFiles/Frankenstein.elf.dir/Drivers/STM32F4xx_HAL_Driver/Src/stm32f4xx_hal_flash_ramfunc.c.obj
LOAD CMakeFiles/Frankenstein.elf.dir/Drivers/STM32F4xx_HAL_Driver/Src/stm32f4xx_hal_gpio.c.obj
LOAD CMakeFiles/Frankenstein.elf.dir/Drivers/STM32F4xx_HAL_Driver/Src/stm32f4xx_hal_pwr.c.obj
LOAD CMakeFiles/Frankenstein.elf.dir/Drivers/STM32F4xx_HAL_Driver/Src/stm32f4xx_hal_pwr_ex.c.obj
LOAD CMakeFiles/Frankenstein.elf.dir/Drivers/STM32F4xx_HAL_Driver/Src/stm32f4xx_hal_rcc.c.obj
LOAD CMakeFiles/Frankenstein.elf.dir/Drivers/STM32F4xx_HAL_Driver/Src/stm32f4xx_hal_rcc_ex.c.obj
LOAD CMakeFiles/Frankenstein.elf.dir/Drivers/STM32F4xx_HAL_Driver/Src/stm32f4xx_hal_spi.c.obj
LOAD CMakeFiles/Frankenstein.elf.dir/Drivers/STM32F4xx_HAL_Driver/Src/stm32f4xx_hal_tim.c.obj
LOAD CMakeFiles/Frankenstein.elf.dir/Drivers/STM32F4xx_HAL_Driver/Src/stm32f4xx_hal_tim_ex.c.obj
LOAD CMakeFiles/Frankenstein.elf.dir/Drivers/STM32F4xx_HAL_Driver/Src/stm32f4xx_hal_uart.c.obj
LOAD CMakeFiles/Frankenstein.elf.dir/Middlewares/Third_Party/FreeRTOS/Source/CMSIS_RTOS/cmsis_os.c.obj
LOAD CMakeFiles/Frankenstein.elf.dir/Middlewares/Third_Party/FreeRTOS/Source/croutine.c.obj
LOAD CMakeFiles/Frankenstein.elf.dir/Middlewares/Third_Party/FreeRTOS/Source/event_groups.c.obj
LOAD CMakeFiles/Frankenstein.elf.dir/Middlewares/Third_Party/FreeRTOS/Source/list.c.obj
LOAD CMakeFiles/Frankenstein.elf.dir/Middlewares/Third_Party/FreeRTOS/Source/portable/GCC/ARM_CM4F/port.c.obj
LOAD CMakeFiles/Frankenstein.elf.dir/Middlewares/Third_Party/FreeRTOS/Source/portable/MemMang/heap_4.c.obj
LOAD CMakeFiles/Frankenstein.elf.dir/Middlewares/Third_Party/FreeRTOS/Source/queue.c.obj
LOAD CMakeFiles/Frankenstein.elf.dir/Middlewares/Third_Party/FreeRTOS/Source/stream_buffer.c.obj
LOAD CMakeFiles/Frankenstein.elf.dir/Middlewares/Third_Party/FreeRTOS/Source/tasks.c.obj
LOAD CMakeFiles/Frankenstein.elf.dir/Middlewares/Third_Party/FreeRTOS/Source/timers.c.obj
START GROUP
LOAD d:/competition/robotcon/clion/gcc-arm-none-eabi-10.3-2021.10/bin/../lib/gcc/arm-none-eabi/10.3.1/thumb/v7e-m+fp/hard\libgcc.a
LOAD d:/competition/robotcon/clion/gcc-arm-none-eabi-10.3-2021.10/bin/../lib/gcc/arm-none-eabi/10.3.1/../../../../arm-none-eabi/lib/thumb/v7e-m+fp/hard\libg.a
LOAD d:/competition/robotcon/clion/gcc-arm-none-eabi-10.3-2021.10/bin/../lib/gcc/arm-none-eabi/10.3.1/../../../../arm-none-eabi/lib/thumb/v7e-m+fp/hard\libc.a
END GROUP
LOAD d:/competition/robotcon/clion/gcc-arm-none-eabi-10.3-2021.10/bin/../lib/gcc/arm-none-eabi/10.3.1/thumb/v7e-m+fp/hard/crtend.o
LOAD d:/competition/robotcon/clion/gcc-arm-none-eabi-10.3-2021.10/bin/../lib/gcc/arm-none-eabi/10.3.1/thumb/v7e-m+fp/hard/crtn.o
                0x20020000                _estack = (ORIGIN (RAM) + LENGTH (RAM))
                0x00001000                _Min_Heap_Size = 0x1000
                0x00000400                _Min_Stack_Size = 0x400

.isr_vector     0x08000000      0x1c4
                0x08000000                . = ALIGN (0x4)
 *(.isr_vector)
 .isr_vector    0x08000000      0x1c4 CMakeFiles/Frankenstein.elf.dir/Core/Startup/startup_stm32f446rctx.s.obj
                0x08000000                g_pfnVectors
                0x080001c4                . = ALIGN (0x4)

.text           0x080001d0     0xa024
                0x080001d0                . = ALIGN (0x4)
 *(.text)
 .text          0x080001d0       0x40 d:/competition/robotcon/clion/gcc-arm-none-eabi-10.3-2021.10/bin/../lib/gcc/arm-none-eabi/10.3.1/thumb/v7e-m+fp/hard/crtbegin.o
 .text          0x08000210      0x378 d:/competition/robotcon/clion/gcc-arm-none-eabi-10.3-2021.10/bin/../lib/gcc/arm-none-eabi/10.3.1/thumb/v7e-m+fp/hard\libgcc.a(_arm_addsubdf3.o)
                0x08000210                __aeabi_drsub
                0x08000218                __aeabi_dsub
                0x08000218                __subdf3
                0x0800021c                __aeabi_dadd
                0x0800021c                __adddf3
                0x08000494                __floatunsidf
                0x08000494                __aeabi_ui2d
                0x080004b4                __floatsidf
                0x080004b4                __aeabi_i2d
                0x080004d8                __aeabi_f2d
                0x080004d8                __extendsfdf2
                0x0800051c                __floatundidf
                0x0800051c                __aeabi_ul2d
                0x0800052c                __floatdidf
                0x0800052c                __aeabi_l2d
 .text          0x08000588      0x110 d:/competition/robotcon/clion/gcc-arm-none-eabi-10.3-2021.10/bin/../lib/gcc/arm-none-eabi/10.3.1/thumb/v7e-m+fp/hard\libgcc.a(_arm_cmpdf2.o)
                0x08000588                __gtdf2
                0x08000588                __gedf2
                0x08000590                __ltdf2
                0x08000590                __ledf2
                0x08000598                __nedf2
                0x08000598                __eqdf2
                0x08000598                __cmpdf2
                0x08000614                __aeabi_cdrcmple
                0x08000624                __aeabi_cdcmpeq
                0x08000624                __aeabi_cdcmple
                0x08000634                __aeabi_dcmpeq
                0x08000648                __aeabi_dcmplt
                0x0800065c                __aeabi_dcmple
                0x08000670                __aeabi_dcmpge
                0x08000684                __aeabi_dcmpgt
 .text          0x08000698       0x30 d:/competition/robotcon/clion/gcc-arm-none-eabi-10.3-2021.10/bin/../lib/gcc/arm-none-eabi/10.3.1/thumb/v7e-m+fp/hard\libgcc.a(_aeabi_uldivmod.o)
                0x08000698                __aeabi_uldivmod
 .text          0x080006c8      0x2d0 d:/competition/robotcon/clion/gcc-arm-none-eabi-10.3-2021.10/bin/../lib/gcc/arm-none-eabi/10.3.1/thumb/v7e-m+fp/hard\libgcc.a(_udivmoddi4.o)
                0x080006c8                __udivmoddi4
 .text          0x08000998        0x4 d:/competition/robotcon/clion/gcc-arm-none-eabi-10.3-2021.10/bin/../lib/gcc/arm-none-eabi/10.3.1/thumb/v7e-m+fp/hard\libgcc.a(_dvmd_tls.o)
                0x08000998                __aeabi_idiv0
                0x08000998                __aeabi_ldiv0
 .text          0x0800099c      0x134 d:/competition/robotcon/clion/gcc-arm-none-eabi-10.3-2021.10/bin/../lib/gcc/arm-none-eabi/10.3.1/../../../../arm-none-eabi/lib/thumb/v7e-m+fp/hard\libg.a(lib_a-memcpy.o)
                0x0800099c                memcpy
 *(.text*)
 .text.float_to_uint
                0x08000ad0       0x28 CMakeFiles/Frankenstein.elf.dir/Core/Application/CAN_receive_dm.c.obj
 .text.uint_to_float
                0x08000af8       0x28 CMakeFiles/Frankenstein.elf.dir/Core/Application/CAN_receive_dm.c.obj
 .text.get_dm_motor_measure
                0x08000b20       0x90 CMakeFiles/Frankenstein.elf.dir/Core/Application/CAN_receive_dm.c.obj
 .text.CAN_Filter_Init
                0x08000bb0       0x88 CMakeFiles/Frankenstein.elf.dir/Core/Application/CAN_receive_dm.c.obj
                0x08000bb0                CAN_Filter_Init
 .text.HAL_CAN_RxFifo0MsgPendingCallback
                0x08000c38       0x40 CMakeFiles/Frankenstein.elf.dir/Core/Application/CAN_receive_dm.c.obj
                0x08000c38                HAL_CAN_RxFifo0MsgPendingCallback
 .text.HAL_CAN_RxFifo1MsgPendingCallback
                0x08000c78       0x40 CMakeFiles/Frankenstein.elf.dir/Core/Application/CAN_receive_dm.c.obj
                0x08000c78                HAL_CAN_RxFifo1MsgPendingCallback
 .text.MIT_motor_CTRL
                0x08000cb8       0xe8 CMakeFiles/Frankenstein.elf.dir/Core/Application/CAN_receive_dm.c.obj
                0x08000cb8                MIT_motor_CTRL
 .text.get_motor_measure_point
                0x08000da0       0x14 CMakeFiles/Frankenstein.elf.dir/Core/Application/CAN_receive_dm.c.obj
                0x08000da0                get_motor_measure_point
 .text.start_motor
                0x08000db4       0x44 CMakeFiles/Frankenstein.elf.dir/Core/Application/CAN_receive_dm.c.obj
                0x08000db4                start_motor
 .text.UART2_Receive_Serve
                0x08000df8        0x8 CMakeFiles/Frankenstein.elf.dir/Core/Application/UART_DMA.c.obj
 .text.UART3_Receive_Serve
                0x08000e00        0x8 CMakeFiles/Frankenstein.elf.dir/Core/Application/UART_DMA.c.obj
 .text.UART5_Receive_Serve
                0x08000e08        0x8 CMakeFiles/Frankenstein.elf.dir/Core/Application/UART_DMA.c.obj
 .text.UART_DMA_Receive_init
                0x08000e10       0x12 CMakeFiles/Frankenstein.elf.dir/Core/Application/UART_DMA.c.obj
                0x08000e10                UART_DMA_Receive_init
 *fill*         0x08000e22        0x2 
 .text.UART_DMA_Receive_IT
                0x08000e24       0x88 CMakeFiles/Frankenstein.elf.dir/Core/Application/UART_DMA.c.obj
                0x08000e24                UART_DMA_Receive_IT
 .text.HAL_UART_ErrorCallback
                0x08000eac       0x26 CMakeFiles/Frankenstein.elf.dir/Core/Application/UART_DMA.c.obj
                0x08000eac                HAL_UART_ErrorCallback
 *fill*         0x08000ed2        0x2 
 .text.d_phi0_calc
                0x08000ed4      0x29c CMakeFiles/Frankenstein.elf.dir/Core/Application/VMC.c.obj
 .text.dk_calc  0x08001170      0x1e0 CMakeFiles/Frankenstein.elf.dir/Core/Application/VMC.c.obj
 .text.dk_feedback_update
                0x08001350       0x68 CMakeFiles/Frankenstein.elf.dir/Core/Application/VMC.c.obj
                0x08001350                dk_feedback_update
 .text.vmc_calc
                0x080013b8       0x3a CMakeFiles/Frankenstein.elf.dir/Core/Application/VMC.c.obj
                0x080013b8                vmc_calc
 *fill*         0x080013f2        0x2 
 .text.vmc_calc_reverse
                0x080013f4      0x100 CMakeFiles/Frankenstein.elf.dir/Core/Application/VMC.c.obj
                0x080013f4                vmc_calc_reverse
 .text.vmc_init
                0x080014f4       0xb8 CMakeFiles/Frankenstein.elf.dir/Core/Application/VMC.c.obj
                0x080014f4                vmc_init
 .text.crc8_MAXIM
                0x080015ac       0x32 CMakeFiles/Frankenstein.elf.dir/Core/Application/ddt_m6_control.c.obj
 *fill*         0x080015de        0x2 
 .text.get_ddt_motor_measure
                0x080015e0      0x15c CMakeFiles/Frankenstein.elf.dir/Core/Application/ddt_m6_control.c.obj
                0x080015e0                get_ddt_motor_measure
 .text.DDT_motor_toq_CTRL
                0x0800173c       0x94 CMakeFiles/Frankenstein.elf.dir/Core/Application/ddt_m6_control.c.obj
                0x0800173c                DDT_motor_toq_CTRL
 .text.DDT_motor_mode_CHANGE
                0x080017d0       0x40 CMakeFiles/Frankenstein.elf.dir/Core/Application/ddt_m6_control.c.obj
                0x080017d0                DDT_motor_mode_CHANGE
 .text.get_ddt_motor_measure_point
                0x08001810       0x10 CMakeFiles/Frankenstein.elf.dir/Core/Application/ddt_m6_control.c.obj
                0x08001810                get_ddt_motor_measure_point
 .text.HAL_UART_TxCpltCallback
                0x08001820       0x20 CMakeFiles/Frankenstein.elf.dir/Core/Application/ddt_m6_control.c.obj
                0x08001820                HAL_UART_TxCpltCallback
 .text.Kalman_Init
                0x08001840       0x16 CMakeFiles/Frankenstein.elf.dir/Core/Application/kalman.c.obj
                0x08001840                Kalman_Init
 .text.KalmanFilter
                0x08001856       0x46 CMakeFiles/Frankenstein.elf.dir/Core/Application/kalman.c.obj
                0x08001856                KalmanFilter
 *fill*         0x0800189c        0x4 
 .text.K_matrix_calc
                0x080018a0      0x3f8 CMakeFiles/Frankenstein.elf.dir/Core/Application/lqr_wbr.c.obj
 .text.FN_calc  0x08001c98       0xfc CMakeFiles/Frankenstein.elf.dir/Core/Application/lqr_wbr.c.obj
 .text.lqr_data_init
                0x08001d94      0x144 CMakeFiles/Frankenstein.elf.dir/Core/Application/lqr_wbr.c.obj
                0x08001d94                lqr_data_init
 .text.lqr_data_update
                0x08001ed8      0x270 CMakeFiles/Frankenstein.elf.dir/Core/Application/lqr_wbr.c.obj
                0x08001ed8                lqr_data_update
 .text.remote_control
                0x08002148      0x138 CMakeFiles/Frankenstein.elf.dir/Core/Application/lqr_wbr.c.obj
                0x08002148                remote_control
 .text.lqr_calc
                0x08002280      0x360 CMakeFiles/Frankenstein.elf.dir/Core/Application/lqr_wbr.c.obj
                0x08002280                lqr_calc
 .text.LqrControlTask
                0x080025e0      0x1e0 CMakeFiles/Frankenstein.elf.dir/Core/Application/lqr_wbr.c.obj
                0x080025e0                LqrControlTask
 .text.music_play
                0x080027c0       0x58 CMakeFiles/Frankenstein.elf.dir/Core/Application/music.c.obj
 .text.init_music
                0x08002818       0xc4 CMakeFiles/Frankenstein.elf.dir/Core/Application/music.c.obj
                0x08002818                init_music
 .text.PID_init
                0x080028dc       0x32 CMakeFiles/Frankenstein.elf.dir/Core/Application/pid.c.obj
                0x080028dc                PID_init
 *fill*         0x0800290e        0x2 
 .text.PID_calc
                0x08002910      0x158 CMakeFiles/Frankenstein.elf.dir/Core/Application/pid.c.obj
                0x08002910                PID_calc
 .text.first_order_filter_init
                0x08002a68       0x10 CMakeFiles/Frankenstein.elf.dir/Core/Application/user_lib.c.obj
                0x08002a68                first_order_filter_init
 .text.first_order_filter_cali
                0x08002a78       0x2e CMakeFiles/Frankenstein.elf.dir/Core/Application/user_lib.c.obj
                0x08002a78                first_order_filter_cali
 *fill*         0x08002aa6        0x2 
 .text.Vofa_Uart_Transmit
                0x08002aa8       0x3c CMakeFiles/Frankenstein.elf.dir/Core/Application/vofa.c.obj
                0x08002aa8                Vofa_Uart_Transmit
 .text.VofaOutputTask
                0x08002ae4       0xd0 CMakeFiles/Frankenstein.elf.dir/Core/Application/vofa.c.obj
                0x08002ae4                VofaOutputTask
 .text.Vofa_Slider_Handler
                0x08002bb4       0x38 CMakeFiles/Frankenstein.elf.dir/Core/Application/vofa.c.obj
                0x08002bb4                Vofa_Slider_Handler
 .text.Vofa_Key_Handler
                0x08002bec       0x38 CMakeFiles/Frankenstein.elf.dir/Core/Application/vofa.c.obj
                0x08002bec                Vofa_Key_Handler
 .text.Vofa_FRAME_Handler
                0x08002c24       0x44 CMakeFiles/Frankenstein.elf.dir/Core/Application/vofa.c.obj
                0x08002c24                Vofa_FRAME_Handler
 .text.Vofa_UART_Receive
                0x08002c68       0x8c CMakeFiles/Frankenstein.elf.dir/Core/Application/vofa.c.obj
                0x08002c68                Vofa_UART_Receive
 .text.Attitude_Init
                0x08002cf4       0x48 CMakeFiles/Frankenstein.elf.dir/Core/Bsp_for_DM01/BMI088/Attitude.c.obj
                0x08002cf4                Attitude_Init
 .text.Attitude_Calculate
                0x08002d3c       0xbc CMakeFiles/Frankenstein.elf.dir/Core/Bsp_for_DM01/BMI088/Attitude.c.obj
                0x08002d3c                Attitude_Calculate
 .text.Temperature_Init
                0x08002df8       0x44 CMakeFiles/Frankenstein.elf.dir/Core/Bsp_for_DM01/BMI088/Attitude.c.obj
                0x08002df8                Temperature_Init
 .text.Temperature_Control
                0x08002e3c       0x44 CMakeFiles/Frankenstein.elf.dir/Core/Bsp_for_DM01/BMI088/Attitude.c.obj
                0x08002e3c                Temperature_Control
 .text.get_imu_measure_point
                0x08002e80        0x8 CMakeFiles/Frankenstein.elf.dir/Core/Bsp_for_DM01/BMI088/Attitude.c.obj
                0x08002e80                get_imu_measure_point
 .text.StartImuTask
                0x08002e88      0x114 CMakeFiles/Frankenstein.elf.dir/Core/Bsp_for_DM01/BMI088/Attitude.c.obj
                0x08002e88                StartImuTask
 .text.BMI088_GPIO_init
                0x08002f9c        0x2 CMakeFiles/Frankenstein.elf.dir/Core/Bsp_for_DM01/BMI088/BMI088Middleware.c.obj
                0x08002f9c                BMI088_GPIO_init
 .text.BMI088_com_init
                0x08002f9e        0x2 CMakeFiles/Frankenstein.elf.dir/Core/Bsp_for_DM01/BMI088/BMI088Middleware.c.obj
                0x08002f9e                BMI088_com_init
 .text.BMI088_delay_us
                0x08002fa0       0x3a CMakeFiles/Frankenstein.elf.dir/Core/Bsp_for_DM01/BMI088/BMI088Middleware.c.obj
                0x08002fa0                BMI088_delay_us
 .text.BMI088_delay_ms
                0x08002fda       0x18 CMakeFiles/Frankenstein.elf.dir/Core/Bsp_for_DM01/BMI088/BMI088Middleware.c.obj
                0x08002fda                BMI088_delay_ms
 *fill*         0x08002ff2        0x2 
 .text.BMI088_ACCEL_NS_L
                0x08002ff4       0x14 CMakeFiles/Frankenstein.elf.dir/Core/Bsp_for_DM01/BMI088/BMI088Middleware.c.obj
                0x08002ff4                BMI088_ACCEL_NS_L
 .text.BMI088_ACCEL_NS_H
                0x08003008       0x14 CMakeFiles/Frankenstein.elf.dir/Core/Bsp_for_DM01/BMI088/BMI088Middleware.c.obj
                0x08003008                BMI088_ACCEL_NS_H
 .text.BMI088_GYRO_NS_L
                0x0800301c       0x14 CMakeFiles/Frankenstein.elf.dir/Core/Bsp_for_DM01/BMI088/BMI088Middleware.c.obj
                0x0800301c                BMI088_GYRO_NS_L
 .text.BMI088_GYRO_NS_H
                0x08003030       0x14 CMakeFiles/Frankenstein.elf.dir/Core/Bsp_for_DM01/BMI088/BMI088Middleware.c.obj
                0x08003030                BMI088_GYRO_NS_H
 .text.BMI088_read_write_byte
                0x08003044       0x2c CMakeFiles/Frankenstein.elf.dir/Core/Bsp_for_DM01/BMI088/BMI088Middleware.c.obj
                0x08003044                BMI088_read_write_byte
 .text.BMI088_write_single_reg
                0x08003070       0x10 CMakeFiles/Frankenstein.elf.dir/Core/Bsp_for_DM01/BMI088/BMI088driver.c.obj
 .text.BMI088_read_single_reg
                0x08003080       0x16 CMakeFiles/Frankenstein.elf.dir/Core/Bsp_for_DM01/BMI088/BMI088driver.c.obj
 .text.BMI088_read_muli_reg
                0x08003096       0x24 CMakeFiles/Frankenstein.elf.dir/Core/Bsp_for_DM01/BMI088/BMI088driver.c.obj
 *fill*         0x080030ba        0x2 
 .text.bmi088_accel_init
                0x080030bc      0x10c CMakeFiles/Frankenstein.elf.dir/Core/Bsp_for_DM01/BMI088/BMI088driver.c.obj
                0x080030bc                bmi088_accel_init
 .text.bmi088_gyro_init
                0x080031c8       0xf0 CMakeFiles/Frankenstein.elf.dir/Core/Bsp_for_DM01/BMI088/BMI088driver.c.obj
                0x080031c8                bmi088_gyro_init
 .text.BMI088_init
                0x080032b8       0x1a CMakeFiles/Frankenstein.elf.dir/Core/Bsp_for_DM01/BMI088/BMI088driver.c.obj
                0x080032b8                BMI088_init
 *fill*         0x080032d2        0x2 
 .text.BMI088_read
                0x080032d4      0x17c CMakeFiles/Frankenstein.elf.dir/Core/Bsp_for_DM01/BMI088/BMI088driver.c.obj
                0x080032d4                BMI088_read
 .text.Mahony_Init
                0x08003450       0x64 CMakeFiles/Frankenstein.elf.dir/Core/Bsp_for_DM01/BMI088/MahonyAHRS.c.obj
                0x08003450                Mahony_Init
 .text.Mahony_invSqrt
                0x080034b4       0x40 CMakeFiles/Frankenstein.elf.dir/Core/Bsp_for_DM01/BMI088/MahonyAHRS.c.obj
                0x080034b4                Mahony_invSqrt
 .text.MahonyAHRSinit
                0x080034f4      0x1e8 CMakeFiles/Frankenstein.elf.dir/Core/Bsp_for_DM01/BMI088/MahonyAHRS.c.obj
                0x080034f4                MahonyAHRSinit
 .text.MahonyAHRSupdateIMU
                0x080036dc      0x258 CMakeFiles/Frankenstein.elf.dir/Core/Bsp_for_DM01/BMI088/MahonyAHRS.c.obj
                0x080036dc                MahonyAHRSupdateIMU
 .text.Mahony_update
                0x08003934      0x3c4 CMakeFiles/Frankenstein.elf.dir/Core/Bsp_for_DM01/BMI088/MahonyAHRS.c.obj
                0x08003934                Mahony_update
 .text.Mahony_computeAngles
                0x08003cf8       0xd8 CMakeFiles/Frankenstein.elf.dir/Core/Bsp_for_DM01/BMI088/MahonyAHRS.c.obj
                0x08003cf8                Mahony_computeAngles
 .text.getRoll  0x08003dd0       0x2c CMakeFiles/Frankenstein.elf.dir/Core/Bsp_for_DM01/BMI088/MahonyAHRS.c.obj
                0x08003dd0                getRoll
 .text.getPitch
                0x08003dfc       0x2c CMakeFiles/Frankenstein.elf.dir/Core/Bsp_for_DM01/BMI088/MahonyAHRS.c.obj
                0x08003dfc                getPitch
 .text.getYaw   0x08003e28       0x2c CMakeFiles/Frankenstein.elf.dir/Core/Bsp_for_DM01/BMI088/MahonyAHRS.c.obj
                0x08003e28                getYaw
 .text.delay_init
                0x08003e54       0x34 CMakeFiles/Frankenstein.elf.dir/Core/Bsp_for_DM01/bsp_delay.c.obj
                0x08003e54                delay_init
 .text.rc_dead_band_limit
                0x08003e88       0x24 CMakeFiles/Frankenstein.elf.dir/Core/Bsp_for_DM01/bsp_sbus.c.obj
                0x08003e88                rc_dead_band_limit
 .text.SBUS_trans
                0x08003eac      0x128 CMakeFiles/Frankenstein.elf.dir/Core/Bsp_for_DM01/bsp_sbus.c.obj
                0x08003eac                SBUS_trans
 .text.MX_CAN1_Init
                0x08003fd4       0x40 CMakeFiles/Frankenstein.elf.dir/Core/Src/can.c.obj
                0x08003fd4                MX_CAN1_Init
 .text.MX_CAN2_Init
                0x08004014       0x40 CMakeFiles/Frankenstein.elf.dir/Core/Src/can.c.obj
                0x08004014                MX_CAN2_Init
 .text.HAL_CAN_MspInit
                0x08004054      0x124 CMakeFiles/Frankenstein.elf.dir/Core/Src/can.c.obj
                0x08004054                HAL_CAN_MspInit
 .text.MX_DMA_Init
                0x08004178       0x94 CMakeFiles/Frankenstein.elf.dir/Core/Src/dma.c.obj
                0x08004178                MX_DMA_Init
 .text.StartDefaultTask
                0x0800420c        0xa CMakeFiles/Frankenstein.elf.dir/Core/Src/freertos.c.obj
                0x0800420c                StartDefaultTask
 *fill*         0x08004216        0x2 
 .text.InitBoardTask
                0x08004218       0xd8 CMakeFiles/Frankenstein.elf.dir/Core/Src/freertos.c.obj
                0x08004218                InitBoardTask
 .text.vApplicationGetIdleTaskMemory
                0x080042f0       0x18 CMakeFiles/Frankenstein.elf.dir/Core/Src/freertos.c.obj
                0x080042f0                vApplicationGetIdleTaskMemory
 .text.MX_FREERTOS_Init
                0x08004308       0xd4 CMakeFiles/Frankenstein.elf.dir/Core/Src/freertos.c.obj
                0x08004308                MX_FREERTOS_Init
 .text.MX_GPIO_Init
                0x080043dc      0x110 CMakeFiles/Frankenstein.elf.dir/Core/Src/gpio.c.obj
                0x080043dc                MX_GPIO_Init
 .text.HAL_TIM_PeriodElapsedCallback
                0x080044ec       0x18 CMakeFiles/Frankenstein.elf.dir/Core/Src/main.c.obj
                0x080044ec                HAL_TIM_PeriodElapsedCallback
 .text.Error_Handler
                0x08004504        0x4 CMakeFiles/Frankenstein.elf.dir/Core/Src/main.c.obj
                0x08004504                Error_Handler
 .text.SystemClock_Config
                0x08004508       0xac CMakeFiles/Frankenstein.elf.dir/Core/Src/main.c.obj
                0x08004508                SystemClock_Config
 .text.main     0x080045b4       0x3c CMakeFiles/Frankenstein.elf.dir/Core/Src/main.c.obj
                0x080045b4                main
 .text.MX_SPI2_Init
                0x080045f0       0x48 CMakeFiles/Frankenstein.elf.dir/Core/Src/spi.c.obj
                0x080045f0                MX_SPI2_Init
 .text.HAL_SPI_MspInit
                0x08004638       0xe8 CMakeFiles/Frankenstein.elf.dir/Core/Src/spi.c.obj
                0x08004638                HAL_SPI_MspInit
 .text.HAL_MspInit
                0x08004720       0x44 CMakeFiles/Frankenstein.elf.dir/Core/Src/stm32f4xx_hal_msp.c.obj
                0x08004720                HAL_MspInit
 .text.HAL_InitTick
                0x08004764       0x98 CMakeFiles/Frankenstein.elf.dir/Core/Src/stm32f4xx_hal_timebase_tim.c.obj
                0x08004764                HAL_InitTick
 .text.NMI_Handler
                0x080047fc        0x2 CMakeFiles/Frankenstein.elf.dir/Core/Src/stm32f4xx_it.c.obj
                0x080047fc                NMI_Handler
 .text.HardFault_Handler
                0x080047fe        0x2 CMakeFiles/Frankenstein.elf.dir/Core/Src/stm32f4xx_it.c.obj
                0x080047fe                HardFault_Handler
 .text.MemManage_Handler
                0x08004800        0x2 CMakeFiles/Frankenstein.elf.dir/Core/Src/stm32f4xx_it.c.obj
                0x08004800                MemManage_Handler
 .text.BusFault_Handler
                0x08004802        0x2 CMakeFiles/Frankenstein.elf.dir/Core/Src/stm32f4xx_it.c.obj
                0x08004802                BusFault_Handler
 .text.UsageFault_Handler
                0x08004804        0x2 CMakeFiles/Frankenstein.elf.dir/Core/Src/stm32f4xx_it.c.obj
                0x08004804                UsageFault_Handler
 .text.DebugMon_Handler
                0x08004806        0x2 CMakeFiles/Frankenstein.elf.dir/Core/Src/stm32f4xx_it.c.obj
                0x08004806                DebugMon_Handler
 .text.EXTI2_IRQHandler
                0x08004808        0xa CMakeFiles/Frankenstein.elf.dir/Core/Src/stm32f4xx_it.c.obj
                0x08004808                EXTI2_IRQHandler
 .text.EXTI3_IRQHandler
                0x08004812        0xa CMakeFiles/Frankenstein.elf.dir/Core/Src/stm32f4xx_it.c.obj
                0x08004812                EXTI3_IRQHandler
 .text.DMA1_Stream0_IRQHandler
                0x0800481c       0x10 CMakeFiles/Frankenstein.elf.dir/Core/Src/stm32f4xx_it.c.obj
                0x0800481c                DMA1_Stream0_IRQHandler
 .text.DMA1_Stream1_IRQHandler
                0x0800482c       0x10 CMakeFiles/Frankenstein.elf.dir/Core/Src/stm32f4xx_it.c.obj
                0x0800482c                DMA1_Stream1_IRQHandler
 .text.DMA1_Stream3_IRQHandler
                0x0800483c       0x10 CMakeFiles/Frankenstein.elf.dir/Core/Src/stm32f4xx_it.c.obj
                0x0800483c                DMA1_Stream3_IRQHandler
 .text.DMA1_Stream4_IRQHandler
                0x0800484c       0x10 CMakeFiles/Frankenstein.elf.dir/Core/Src/stm32f4xx_it.c.obj
                0x0800484c                DMA1_Stream4_IRQHandler
 .text.DMA1_Stream5_IRQHandler
                0x0800485c       0x10 CMakeFiles/Frankenstein.elf.dir/Core/Src/stm32f4xx_it.c.obj
                0x0800485c                DMA1_Stream5_IRQHandler
 .text.DMA1_Stream6_IRQHandler
                0x0800486c       0x10 CMakeFiles/Frankenstein.elf.dir/Core/Src/stm32f4xx_it.c.obj
                0x0800486c                DMA1_Stream6_IRQHandler
 .text.CAN1_RX0_IRQHandler
                0x0800487c       0x10 CMakeFiles/Frankenstein.elf.dir/Core/Src/stm32f4xx_it.c.obj
                0x0800487c                CAN1_RX0_IRQHandler
 .text.TIM1_UP_TIM10_IRQHandler
                0x0800488c       0x10 CMakeFiles/Frankenstein.elf.dir/Core/Src/stm32f4xx_it.c.obj
                0x0800488c                TIM1_UP_TIM10_IRQHandler
 .text.USART2_IRQHandler
                0x0800489c       0x24 CMakeFiles/Frankenstein.elf.dir/Core/Src/stm32f4xx_it.c.obj
                0x0800489c                USART2_IRQHandler
 .text.USART3_IRQHandler
                0x080048c0       0x24 CMakeFiles/Frankenstein.elf.dir/Core/Src/stm32f4xx_it.c.obj
                0x080048c0                USART3_IRQHandler
 .text.DMA1_Stream7_IRQHandler
                0x080048e4       0x10 CMakeFiles/Frankenstein.elf.dir/Core/Src/stm32f4xx_it.c.obj
                0x080048e4                DMA1_Stream7_IRQHandler
 .text.UART5_IRQHandler
                0x080048f4       0x24 CMakeFiles/Frankenstein.elf.dir/Core/Src/stm32f4xx_it.c.obj
                0x080048f4                UART5_IRQHandler
 .text.CAN2_RX1_IRQHandler
                0x08004918       0x10 CMakeFiles/Frankenstein.elf.dir/Core/Src/stm32f4xx_it.c.obj
                0x08004918                CAN2_RX1_IRQHandler
 .text._sbrk    0x08004928       0x48 CMakeFiles/Frankenstein.elf.dir/Core/Src/sysmem.c.obj
                0x08004928                _sbrk
 .text.SystemInit
                0x08004970       0x14 CMakeFiles/Frankenstein.elf.dir/Core/Src/system_stm32f4xx.c.obj
                0x08004970                SystemInit
 .text.HAL_TIM_PWM_MspInit
                0x08004984       0x50 CMakeFiles/Frankenstein.elf.dir/Core/Src/tim.c.obj
                0x08004984                HAL_TIM_PWM_MspInit
 .text.HAL_TIM_MspPostInit
                0x080049d4       0x8c CMakeFiles/Frankenstein.elf.dir/Core/Src/tim.c.obj
                0x080049d4                HAL_TIM_MspPostInit
 .text.MX_TIM2_Init
                0x08004a60       0x7c CMakeFiles/Frankenstein.elf.dir/Core/Src/tim.c.obj
                0x08004a60                MX_TIM2_Init
 .text.MX_TIM3_Init
                0x08004adc       0x84 CMakeFiles/Frankenstein.elf.dir/Core/Src/tim.c.obj
                0x08004adc                MX_TIM3_Init
 .text.MX_UART5_Init
                0x08004b60       0x34 CMakeFiles/Frankenstein.elf.dir/Core/Src/usart.c.obj
                0x08004b60                MX_UART5_Init
 .text.MX_USART2_UART_Init
                0x08004b94       0x34 CMakeFiles/Frankenstein.elf.dir/Core/Src/usart.c.obj
                0x08004b94                MX_USART2_UART_Init
 .text.MX_USART3_UART_Init
                0x08004bc8       0x3c CMakeFiles/Frankenstein.elf.dir/Core/Src/usart.c.obj
                0x08004bc8                MX_USART3_UART_Init
 .text.HAL_UART_MspInit
                0x08004c04      0x2c0 CMakeFiles/Frankenstein.elf.dir/Core/Src/usart.c.obj
                0x08004c04                HAL_UART_MspInit
 .text.Reset_Handler
                0x08004ec4       0x50 CMakeFiles/Frankenstein.elf.dir/Core/Startup/startup_stm32f446rctx.s.obj
                0x08004ec4                Reset_Handler
 .text.Default_Handler
                0x08004f14        0x2 CMakeFiles/Frankenstein.elf.dir/Core/Startup/startup_stm32f446rctx.s.obj
                0x08004f14                RTC_Alarm_IRQHandler
                0x08004f14                TIM8_CC_IRQHandler
                0x08004f14                FMPI2C1_EV_IRQHandler
                0x08004f14                SPI4_IRQHandler
                0x08004f14                TIM1_CC_IRQHandler
                0x08004f14                DMA2_Stream5_IRQHandler
                0x08004f14                PVD_IRQHandler
                0x08004f14                SDIO_IRQHandler
                0x08004f14                TAMP_STAMP_IRQHandler
                0x08004f14                TIM8_TRG_COM_TIM14_IRQHandler
                0x08004f14                TIM8_UP_TIM13_IRQHandler
                0x08004f14                I2C3_ER_IRQHandler
                0x08004f14                EXTI0_IRQHandler
                0x08004f14                I2C2_EV_IRQHandler
                0x08004f14                DMA1_Stream2_IRQHandler
                0x08004f14                FPU_IRQHandler
                0x08004f14                OTG_HS_WKUP_IRQHandler
                0x08004f14                CAN2_SCE_IRQHandler
                0x08004f14                DMA2_Stream2_IRQHandler
                0x08004f14                SPI1_IRQHandler
                0x08004f14                TIM6_DAC_IRQHandler
                0x08004f14                TIM1_BRK_TIM9_IRQHandler
                0x08004f14                DCMI_IRQHandler
                0x08004f14                CAN2_RX0_IRQHandler
                0x08004f14                DMA2_Stream3_IRQHandler
                0x08004f14                SAI2_IRQHandler
                0x08004f14                USART6_IRQHandler
                0x08004f14                CAN1_RX1_IRQHandler
                0x08004f14                DMA2_Stream0_IRQHandler
                0x08004f14                TIM4_IRQHandler
                0x08004f14                QUADSPI_IRQHandler
                0x08004f14                I2C1_EV_IRQHandler
                0x08004f14                UART4_IRQHandler
                0x08004f14                TIM3_IRQHandler
                0x08004f14                RCC_IRQHandler
                0x08004f14                TIM8_BRK_TIM12_IRQHandler
                0x08004f14                Default_Handler
                0x08004f14                CEC_IRQHandler
                0x08004f14                EXTI15_10_IRQHandler
                0x08004f14                ADC_IRQHandler
                0x08004f14                TIM7_IRQHandler
                0x08004f14                CAN2_TX_IRQHandler
                0x08004f14                TIM5_IRQHandler
                0x08004f14                DMA2_Stream7_IRQHandler
                0x08004f14                I2C3_EV_IRQHandler
                0x08004f14                EXTI9_5_IRQHandler
                0x08004f14                RTC_WKUP_IRQHandler
                0x08004f14                SPDIF_RX_IRQHandler
                0x08004f14                SPI2_IRQHandler
                0x08004f14                OTG_HS_EP1_IN_IRQHandler
                0x08004f14                CAN1_TX_IRQHandler
                0x08004f14                FMPI2C1_ER_IRQHandler
                0x08004f14                EXTI4_IRQHandler
                0x08004f14                OTG_HS_EP1_OUT_IRQHandler
                0x08004f14                WWDG_IRQHandler
                0x08004f14                TIM2_IRQHandler
                0x08004f14                OTG_FS_WKUP_IRQHandler
                0x08004f14                TIM1_TRG_COM_TIM11_IRQHandler
                0x08004f14                OTG_HS_IRQHandler
                0x08004f14                EXTI1_IRQHandler
                0x08004f14                I2C2_ER_IRQHandler
                0x08004f14                DMA2_Stream1_IRQHandler
                0x08004f14                CAN1_SCE_IRQHandler
                0x08004f14                FLASH_IRQHandler
                0x08004f14                DMA2_Stream4_IRQHandler
                0x08004f14                USART1_IRQHandler
                0x08004f14                OTG_FS_IRQHandler
                0x08004f14                SPI3_IRQHandler
                0x08004f14                I2C1_ER_IRQHandler
                0x08004f14                FMC_IRQHandler
                0x08004f14                DMA2_Stream6_IRQHandler
                0x08004f14                SAI1_IRQHandler
 *fill*         0x08004f16        0x2 
 .text.HAL_Init
                0x08004f18       0x34 CMakeFiles/Frankenstein.elf.dir/Drivers/STM32F4xx_HAL_Driver/Src/stm32f4xx_hal.c.obj
                0x08004f18                HAL_Init
 .text.HAL_IncTick
                0x08004f4c       0x18 CMakeFiles/Frankenstein.elf.dir/Drivers/STM32F4xx_HAL_Driver/Src/stm32f4xx_hal.c.obj
                0x08004f4c                HAL_IncTick
 .text.HAL_GetTick
                0x08004f64        0xc CMakeFiles/Frankenstein.elf.dir/Drivers/STM32F4xx_HAL_Driver/Src/stm32f4xx_hal.c.obj
                0x08004f64                HAL_GetTick
 .text.HAL_Delay
                0x08004f70       0x28 CMakeFiles/Frankenstein.elf.dir/Drivers/STM32F4xx_HAL_Driver/Src/stm32f4xx_hal.c.obj
                0x08004f70                HAL_Delay
 .text.HAL_CAN_Init
                0x08004f98      0x14c CMakeFiles/Frankenstein.elf.dir/Drivers/STM32F4xx_HAL_Driver/Src/stm32f4xx_hal_can.c.obj
                0x08004f98                HAL_CAN_Init
 .text.HAL_CAN_ConfigFilter
                0x080050e4      0x138 CMakeFiles/Frankenstein.elf.dir/Drivers/STM32F4xx_HAL_Driver/Src/stm32f4xx_hal_can.c.obj
                0x080050e4                HAL_CAN_ConfigFilter
 .text.HAL_CAN_Start
                0x0800521c       0x5c CMakeFiles/Frankenstein.elf.dir/Drivers/STM32F4xx_HAL_Driver/Src/stm32f4xx_hal_can.c.obj
                0x0800521c                HAL_CAN_Start
 .text.HAL_CAN_AddTxMessage
                0x08005278       0xea CMakeFiles/Frankenstein.elf.dir/Drivers/STM32F4xx_HAL_Driver/Src/stm32f4xx_hal_can.c.obj
                0x08005278                HAL_CAN_AddTxMessage
 .text.HAL_CAN_GetRxMessage
                0x08005362      0x16a CMakeFiles/Frankenstein.elf.dir/Drivers/STM32F4xx_HAL_Driver/Src/stm32f4xx_hal_can.c.obj
                0x08005362                HAL_CAN_GetRxMessage
 .text.HAL_CAN_ActivateNotification
                0x080054cc       0x24 CMakeFiles/Frankenstein.elf.dir/Drivers/STM32F4xx_HAL_Driver/Src/stm32f4xx_hal_can.c.obj
                0x080054cc                HAL_CAN_ActivateNotification
 .text.HAL_CAN_TxMailbox0CompleteCallback
                0x080054f0        0x2 CMakeFiles/Frankenstein.elf.dir/Drivers/STM32F4xx_HAL_Driver/Src/stm32f4xx_hal_can.c.obj
                0x080054f0                HAL_CAN_TxMailbox0CompleteCallback
 .text.HAL_CAN_TxMailbox1CompleteCallback
                0x080054f2        0x2 CMakeFiles/Frankenstein.elf.dir/Drivers/STM32F4xx_HAL_Driver/Src/stm32f4xx_hal_can.c.obj
                0x080054f2                HAL_CAN_TxMailbox1CompleteCallback
 .text.HAL_CAN_TxMailbox2CompleteCallback
                0x080054f4        0x2 CMakeFiles/Frankenstein.elf.dir/Drivers/STM32F4xx_HAL_Driver/Src/stm32f4xx_hal_can.c.obj
                0x080054f4                HAL_CAN_TxMailbox2CompleteCallback
 .text.HAL_CAN_TxMailbox0AbortCallback
                0x080054f6        0x2 CMakeFiles/Frankenstein.elf.dir/Drivers/STM32F4xx_HAL_Driver/Src/stm32f4xx_hal_can.c.obj
                0x080054f6                HAL_CAN_TxMailbox0AbortCallback
 .text.HAL_CAN_TxMailbox1AbortCallback
                0x080054f8        0x2 CMakeFiles/Frankenstein.elf.dir/Drivers/STM32F4xx_HAL_Driver/Src/stm32f4xx_hal_can.c.obj
                0x080054f8                HAL_CAN_TxMailbox1AbortCallback
 .text.HAL_CAN_TxMailbox2AbortCallback
                0x080054fa        0x2 CMakeFiles/Frankenstein.elf.dir/Drivers/STM32F4xx_HAL_Driver/Src/stm32f4xx_hal_can.c.obj
                0x080054fa                HAL_CAN_TxMailbox2AbortCallback
 .text.HAL_CAN_RxFifo0FullCallback
                0x080054fc        0x2 CMakeFiles/Frankenstein.elf.dir/Drivers/STM32F4xx_HAL_Driver/Src/stm32f4xx_hal_can.c.obj
                0x080054fc                HAL_CAN_RxFifo0FullCallback
 .text.HAL_CAN_RxFifo1FullCallback
                0x080054fe        0x2 CMakeFiles/Frankenstein.elf.dir/Drivers/STM32F4xx_HAL_Driver/Src/stm32f4xx_hal_can.c.obj
                0x080054fe                HAL_CAN_RxFifo1FullCallback
 .text.HAL_CAN_SleepCallback
                0x08005500        0x2 CMakeFiles/Frankenstein.elf.dir/Drivers/STM32F4xx_HAL_Driver/Src/stm32f4xx_hal_can.c.obj
                0x08005500                HAL_CAN_SleepCallback
 .text.HAL_CAN_WakeUpFromRxMsgCallback
                0x08005502        0x2 CMakeFiles/Frankenstein.elf.dir/Drivers/STM32F4xx_HAL_Driver/Src/stm32f4xx_hal_can.c.obj
                0x08005502                HAL_CAN_WakeUpFromRxMsgCallback
 .text.HAL_CAN_ErrorCallback
                0x08005504        0x2 CMakeFiles/Frankenstein.elf.dir/Drivers/STM32F4xx_HAL_Driver/Src/stm32f4xx_hal_can.c.obj
                0x08005504                HAL_CAN_ErrorCallback
 .text.HAL_CAN_IRQHandler
                0x08005506      0x24a CMakeFiles/Frankenstein.elf.dir/Drivers/STM32F4xx_HAL_Driver/Src/stm32f4xx_hal_can.c.obj
                0x08005506                HAL_CAN_IRQHandler
 .text.HAL_NVIC_SetPriorityGrouping
                0x08005750       0x24 CMakeFiles/Frankenstein.elf.dir/Drivers/STM32F4xx_HAL_Driver/Src/stm32f4xx_hal_cortex.c.obj
                0x08005750                HAL_NVIC_SetPriorityGrouping
 .text.HAL_NVIC_SetPriority
                0x08005774       0x70 CMakeFiles/Frankenstein.elf.dir/Drivers/STM32F4xx_HAL_Driver/Src/stm32f4xx_hal_cortex.c.obj
                0x08005774                HAL_NVIC_SetPriority
 .text.HAL_NVIC_EnableIRQ
                0x080057e4       0x1c CMakeFiles/Frankenstein.elf.dir/Drivers/STM32F4xx_HAL_Driver/Src/stm32f4xx_hal_cortex.c.obj
                0x080057e4                HAL_NVIC_EnableIRQ
 .text.DMA_SetConfig
                0x08005800       0x2c CMakeFiles/Frankenstein.elf.dir/Drivers/STM32F4xx_HAL_Driver/Src/stm32f4xx_hal_dma.c.obj
 .text.DMA_CalcBaseAndBitshift
                0x0800582c       0x44 CMakeFiles/Frankenstein.elf.dir/Drivers/STM32F4xx_HAL_Driver/Src/stm32f4xx_hal_dma.c.obj
 .text.DMA_CheckFifoParam
                0x08005870       0x8e CMakeFiles/Frankenstein.elf.dir/Drivers/STM32F4xx_HAL_Driver/Src/stm32f4xx_hal_dma.c.obj
 *fill*         0x080058fe        0x2 
 .text.HAL_DMA_Init
                0x08005900       0xcc CMakeFiles/Frankenstein.elf.dir/Drivers/STM32F4xx_HAL_Driver/Src/stm32f4xx_hal_dma.c.obj
                0x08005900                HAL_DMA_Init
 .text.HAL_DMA_Start_IT
                0x080059cc       0x6a CMakeFiles/Frankenstein.elf.dir/Drivers/STM32F4xx_HAL_Driver/Src/stm32f4xx_hal_dma.c.obj
                0x080059cc                HAL_DMA_Start_IT
 .text.HAL_DMA_Abort
                0x08005a36       0x94 CMakeFiles/Frankenstein.elf.dir/Drivers/STM32F4xx_HAL_Driver/Src/stm32f4xx_hal_dma.c.obj
                0x08005a36                HAL_DMA_Abort
 .text.HAL_DMA_Abort_IT
                0x08005aca       0x26 CMakeFiles/Frankenstein.elf.dir/Drivers/STM32F4xx_HAL_Driver/Src/stm32f4xx_hal_dma.c.obj
                0x08005aca                HAL_DMA_Abort_IT
 .text.HAL_DMA_IRQHandler
                0x08005af0      0x1dc CMakeFiles/Frankenstein.elf.dir/Drivers/STM32F4xx_HAL_Driver/Src/stm32f4xx_hal_dma.c.obj
                0x08005af0                HAL_DMA_IRQHandler
 .text.HAL_GPIO_Init
                0x08005ccc      0x1d8 CMakeFiles/Frankenstein.elf.dir/Drivers/STM32F4xx_HAL_Driver/Src/stm32f4xx_hal_gpio.c.obj
                0x08005ccc                HAL_GPIO_Init
 .text.HAL_GPIO_WritePin
                0x08005ea4        0xc CMakeFiles/Frankenstein.elf.dir/Drivers/STM32F4xx_HAL_Driver/Src/stm32f4xx_hal_gpio.c.obj
                0x08005ea4                HAL_GPIO_WritePin
 .text.HAL_GPIO_EXTI_Callback
                0x08005eb0        0x2 CMakeFiles/Frankenstein.elf.dir/Drivers/STM32F4xx_HAL_Driver/Src/stm32f4xx_hal_gpio.c.obj
                0x08005eb0                HAL_GPIO_EXTI_Callback
 *fill*         0x08005eb2        0x2 
 .text.HAL_GPIO_EXTI_IRQHandler
                0x08005eb4       0x1c CMakeFiles/Frankenstein.elf.dir/Drivers/STM32F4xx_HAL_Driver/Src/stm32f4xx_hal_gpio.c.obj
                0x08005eb4                HAL_GPIO_EXTI_IRQHandler
 .text.HAL_RCC_ClockConfig
                0x08005ed0      0x160 CMakeFiles/Frankenstein.elf.dir/Drivers/STM32F4xx_HAL_Driver/Src/stm32f4xx_hal_rcc.c.obj
                0x08005ed0                HAL_RCC_ClockConfig
 .text.HAL_RCC_GetHCLKFreq
                0x08006030        0xc CMakeFiles/Frankenstein.elf.dir/Drivers/STM32F4xx_HAL_Driver/Src/stm32f4xx_hal_rcc.c.obj
                0x08006030                HAL_RCC_GetHCLKFreq
 .text.HAL_RCC_GetPCLK1Freq
                0x0800603c       0x20 CMakeFiles/Frankenstein.elf.dir/Drivers/STM32F4xx_HAL_Driver/Src/stm32f4xx_hal_rcc.c.obj
                0x0800603c                HAL_RCC_GetPCLK1Freq
 .text.HAL_RCC_GetPCLK2Freq
                0x0800605c       0x20 CMakeFiles/Frankenstein.elf.dir/Drivers/STM32F4xx_HAL_Driver/Src/stm32f4xx_hal_rcc.c.obj
                0x0800605c                HAL_RCC_GetPCLK2Freq
 .text.HAL_RCC_GetClockConfig
                0x0800607c       0x3c CMakeFiles/Frankenstein.elf.dir/Drivers/STM32F4xx_HAL_Driver/Src/stm32f4xx_hal_rcc.c.obj
                0x0800607c                HAL_RCC_GetClockConfig
 .text.HAL_RCC_GetSysClockFreq
                0x080060b8      0x120 CMakeFiles/Frankenstein.elf.dir/Drivers/STM32F4xx_HAL_Driver/Src/stm32f4xx_hal_rcc_ex.c.obj
                0x080060b8                HAL_RCC_GetSysClockFreq
 .text.HAL_RCC_OscConfig
                0x080061d8      0x444 CMakeFiles/Frankenstein.elf.dir/Drivers/STM32F4xx_HAL_Driver/Src/stm32f4xx_hal_rcc_ex.c.obj
                0x080061d8                HAL_RCC_OscConfig
 .text.SPI_WaitFlagStateUntilTimeout
                0x0800661c       0xd4 CMakeFiles/Frankenstein.elf.dir/Drivers/STM32F4xx_HAL_Driver/Src/stm32f4xx_hal_spi.c.obj
 .text.SPI_EndRxTxTransaction
                0x080066f0       0x80 CMakeFiles/Frankenstein.elf.dir/Drivers/STM32F4xx_HAL_Driver/Src/stm32f4xx_hal_spi.c.obj
 .text.HAL_SPI_Init
                0x08006770       0xbe CMakeFiles/Frankenstein.elf.dir/Drivers/STM32F4xx_HAL_Driver/Src/stm32f4xx_hal_spi.c.obj
                0x08006770                HAL_SPI_Init
 .text.HAL_SPI_TransmitReceive
                0x0800682e      0x244 CMakeFiles/Frankenstein.elf.dir/Drivers/STM32F4xx_HAL_Driver/Src/stm32f4xx_hal_spi.c.obj
                0x0800682e                HAL_SPI_TransmitReceive
 *fill*         0x08006a72        0x2 
 .text.TIM_OC1_SetConfig
                0x08006a74       0x68 CMakeFiles/Frankenstein.elf.dir/Drivers/STM32F4xx_HAL_Driver/Src/stm32f4xx_hal_tim.c.obj
 .text.TIM_OC3_SetConfig
                0x08006adc       0x70 CMakeFiles/Frankenstein.elf.dir/Drivers/STM32F4xx_HAL_Driver/Src/stm32f4xx_hal_tim.c.obj
 .text.TIM_OC4_SetConfig
                0x08006b4c       0x50 CMakeFiles/Frankenstein.elf.dir/Drivers/STM32F4xx_HAL_Driver/Src/stm32f4xx_hal_tim.c.obj
 .text.HAL_TIM_Base_MspInit
                0x08006b9c        0x2 CMakeFiles/Frankenstein.elf.dir/Drivers/STM32F4xx_HAL_Driver/Src/stm32f4xx_hal_tim.c.obj
                0x08006b9c                HAL_TIM_Base_MspInit
 *fill*         0x08006b9e        0x2 
 .text.HAL_TIM_Base_Start_IT
                0x08006ba0       0x88 CMakeFiles/Frankenstein.elf.dir/Drivers/STM32F4xx_HAL_Driver/Src/stm32f4xx_hal_tim.c.obj
                0x08006ba0                HAL_TIM_Base_Start_IT
 .text.HAL_TIM_OC_DelayElapsedCallback
                0x08006c28        0x2 CMakeFiles/Frankenstein.elf.dir/Drivers/STM32F4xx_HAL_Driver/Src/stm32f4xx_hal_tim.c.obj
                0x08006c28                HAL_TIM_OC_DelayElapsedCallback
 .text.HAL_TIM_IC_CaptureCallback
                0x08006c2a        0x2 CMakeFiles/Frankenstein.elf.dir/Drivers/STM32F4xx_HAL_Driver/Src/stm32f4xx_hal_tim.c.obj
                0x08006c2a                HAL_TIM_IC_CaptureCallback
 .text.HAL_TIM_PWM_PulseFinishedCallback
                0x08006c2c        0x2 CMakeFiles/Frankenstein.elf.dir/Drivers/STM32F4xx_HAL_Driver/Src/stm32f4xx_hal_tim.c.obj
                0x08006c2c                HAL_TIM_PWM_PulseFinishedCallback
 .text.HAL_TIM_TriggerCallback
                0x08006c2e        0x2 CMakeFiles/Frankenstein.elf.dir/Drivers/STM32F4xx_HAL_Driver/Src/stm32f4xx_hal_tim.c.obj
                0x08006c2e                HAL_TIM_TriggerCallback
 .text.HAL_TIM_IRQHandler
                0x08006c30      0x15e CMakeFiles/Frankenstein.elf.dir/Drivers/STM32F4xx_HAL_Driver/Src/stm32f4xx_hal_tim.c.obj
                0x08006c30                HAL_TIM_IRQHandler
 *fill*         0x08006d8e        0x2 
 .text.TIM_Base_SetConfig
                0x08006d90       0xd8 CMakeFiles/Frankenstein.elf.dir/Drivers/STM32F4xx_HAL_Driver/Src/stm32f4xx_hal_tim.c.obj
                0x08006d90                TIM_Base_SetConfig
 .text.HAL_TIM_Base_Init
                0x08006e68       0x58 CMakeFiles/Frankenstein.elf.dir/Drivers/STM32F4xx_HAL_Driver/Src/stm32f4xx_hal_tim.c.obj
                0x08006e68                HAL_TIM_Base_Init
 .text.HAL_TIM_PWM_Init
                0x08006ec0       0x58 CMakeFiles/Frankenstein.elf.dir/Drivers/STM32F4xx_HAL_Driver/Src/stm32f4xx_hal_tim.c.obj
                0x08006ec0                HAL_TIM_PWM_Init
 .text.TIM_OC2_SetConfig
                0x08006f18       0x70 CMakeFiles/Frankenstein.elf.dir/Drivers/STM32F4xx_HAL_Driver/Src/stm32f4xx_hal_tim.c.obj
                0x08006f18                TIM_OC2_SetConfig
 .text.HAL_TIM_PWM_ConfigChannel
                0x08006f88       0xdc CMakeFiles/Frankenstein.elf.dir/Drivers/STM32F4xx_HAL_Driver/Src/stm32f4xx_hal_tim.c.obj
                0x08006f88                HAL_TIM_PWM_ConfigChannel
 .text.TIM_CCxChannelCmd
                0x08007064       0x1e CMakeFiles/Frankenstein.elf.dir/Drivers/STM32F4xx_HAL_Driver/Src/stm32f4xx_hal_tim.c.obj
                0x08007064                TIM_CCxChannelCmd
 *fill*         0x08007082        0x2 
 .text.HAL_TIM_PWM_Start
                0x08007084      0x104 CMakeFiles/Frankenstein.elf.dir/Drivers/STM32F4xx_HAL_Driver/Src/stm32f4xx_hal_tim.c.obj
                0x08007084                HAL_TIM_PWM_Start
 .text.HAL_TIMEx_MasterConfigSynchronization
                0x08007188       0x8c CMakeFiles/Frankenstein.elf.dir/Drivers/STM32F4xx_HAL_Driver/Src/stm32f4xx_hal_tim_ex.c.obj
                0x08007188                HAL_TIMEx_MasterConfigSynchronization
 .text.HAL_TIMEx_CommutCallback
                0x08007214        0x2 CMakeFiles/Frankenstein.elf.dir/Drivers/STM32F4xx_HAL_Driver/Src/stm32f4xx_hal_tim_ex.c.obj
                0x08007214                HAL_TIMEx_CommutCallback
 .text.HAL_TIMEx_BreakCallback
                0x08007216        0x2 CMakeFiles/Frankenstein.elf.dir/Drivers/STM32F4xx_HAL_Driver/Src/stm32f4xx_hal_tim_ex.c.obj
                0x08007216                HAL_TIMEx_BreakCallback
 .text.UART_EndTxTransfer
                0x08007218       0x20 CMakeFiles/Frankenstein.elf.dir/Drivers/STM32F4xx_HAL_Driver/Src/stm32f4xx_hal_uart.c.obj
 .text.UART_EndRxTransfer
                0x08007238       0x5c CMakeFiles/Frankenstein.elf.dir/Drivers/STM32F4xx_HAL_Driver/Src/stm32f4xx_hal_uart.c.obj
 .text.UART_Transmit_IT
                0x08007294       0x60 CMakeFiles/Frankenstein.elf.dir/Drivers/STM32F4xx_HAL_Driver/Src/stm32f4xx_hal_uart.c.obj
 .text.UART_SetConfig
                0x080072f4      0x110 CMakeFiles/Frankenstein.elf.dir/Drivers/STM32F4xx_HAL_Driver/Src/stm32f4xx_hal_uart.c.obj
 .text.HAL_UART_Init
                0x08007404       0x60 CMakeFiles/Frankenstein.elf.dir/Drivers/STM32F4xx_HAL_Driver/Src/stm32f4xx_hal_uart.c.obj
                0x08007404                HAL_UART_Init
 .text.HAL_UART_Transmit_DMA
                0x08007464       0x84 CMakeFiles/Frankenstein.elf.dir/Drivers/STM32F4xx_HAL_Driver/Src/stm32f4xx_hal_uart.c.obj
                0x08007464                HAL_UART_Transmit_DMA
 .text.HAL_UART_DMAStop
                0x080074e8       0x84 CMakeFiles/Frankenstein.elf.dir/Drivers/STM32F4xx_HAL_Driver/Src/stm32f4xx_hal_uart.c.obj
                0x080074e8                HAL_UART_DMAStop
 .text.UART_DMATransmitCplt
                0x0800756c       0x4c CMakeFiles/Frankenstein.elf.dir/Drivers/STM32F4xx_HAL_Driver/Src/stm32f4xx_hal_uart.c.obj
 .text.UART_EndTransmit_IT
                0x080075b8       0x1a CMakeFiles/Frankenstein.elf.dir/Drivers/STM32F4xx_HAL_Driver/Src/stm32f4xx_hal_uart.c.obj
 .text.HAL_UART_TxHalfCpltCallback
                0x080075d2        0x2 CMakeFiles/Frankenstein.elf.dir/Drivers/STM32F4xx_HAL_Driver/Src/stm32f4xx_hal_uart.c.obj
                0x080075d2                HAL_UART_TxHalfCpltCallback
 .text.UART_DMATxHalfCplt
                0x080075d4        0xa CMakeFiles/Frankenstein.elf.dir/Drivers/STM32F4xx_HAL_Driver/Src/stm32f4xx_hal_uart.c.obj
 .text.HAL_UART_RxCpltCallback
                0x080075de        0x2 CMakeFiles/Frankenstein.elf.dir/Drivers/STM32F4xx_HAL_Driver/Src/stm32f4xx_hal_uart.c.obj
                0x080075de                HAL_UART_RxCpltCallback
 .text.HAL_UART_RxHalfCpltCallback
                0x080075e0        0x2 CMakeFiles/Frankenstein.elf.dir/Drivers/STM32F4xx_HAL_Driver/Src/stm32f4xx_hal_uart.c.obj
                0x080075e0                HAL_UART_RxHalfCpltCallback
 .text.UART_DMAError
                0x080075e2       0x58 CMakeFiles/Frankenstein.elf.dir/Drivers/STM32F4xx_HAL_Driver/Src/stm32f4xx_hal_uart.c.obj
 .text.UART_DMAAbortOnError
                0x0800763a       0x10 CMakeFiles/Frankenstein.elf.dir/Drivers/STM32F4xx_HAL_Driver/Src/stm32f4xx_hal_uart.c.obj
 .text.HAL_UARTEx_RxEventCallback
                0x0800764a        0x2 CMakeFiles/Frankenstein.elf.dir/Drivers/STM32F4xx_HAL_Driver/Src/stm32f4xx_hal_uart.c.obj
                0x0800764a                HAL_UARTEx_RxEventCallback
 .text.UART_Receive_IT
                0x0800764c       0xe6 CMakeFiles/Frankenstein.elf.dir/Drivers/STM32F4xx_HAL_Driver/Src/stm32f4xx_hal_uart.c.obj
 *fill*         0x08007732        0x2 
 .text.HAL_UART_IRQHandler
                0x08007734      0x288 CMakeFiles/Frankenstein.elf.dir/Drivers/STM32F4xx_HAL_Driver/Src/stm32f4xx_hal_uart.c.obj
                0x08007734                HAL_UART_IRQHandler
 .text.UART_DMARxHalfCplt
                0x080079bc       0x1e CMakeFiles/Frankenstein.elf.dir/Drivers/STM32F4xx_HAL_Driver/Src/stm32f4xx_hal_uart.c.obj
 .text.UART_DMAReceiveCplt
                0x080079da       0x9a CMakeFiles/Frankenstein.elf.dir/Drivers/STM32F4xx_HAL_Driver/Src/stm32f4xx_hal_uart.c.obj
 .text.UART_Start_Receive_DMA
                0x08007a74       0xa4 CMakeFiles/Frankenstein.elf.dir/Drivers/STM32F4xx_HAL_Driver/Src/stm32f4xx_hal_uart.c.obj
                0x08007a74                UART_Start_Receive_DMA
 .text.HAL_UART_Receive_DMA
                0x08007b18       0x26 CMakeFiles/Frankenstein.elf.dir/Drivers/STM32F4xx_HAL_Driver/Src/stm32f4xx_hal_uart.c.obj
                0x08007b18                HAL_UART_Receive_DMA
 .text.makeFreeRtosPriority
                0x08007b3e        0xc CMakeFiles/Frankenstein.elf.dir/Middlewares/Third_Party/FreeRTOS/Source/CMSIS_RTOS/cmsis_os.c.obj
 .text.osKernelStart
                0x08007b4a        0xa CMakeFiles/Frankenstein.elf.dir/Middlewares/Third_Party/FreeRTOS/Source/CMSIS_RTOS/cmsis_os.c.obj
                0x08007b4a                osKernelStart
 .text.osThreadCreate
                0x08007b54       0x6a CMakeFiles/Frankenstein.elf.dir/Middlewares/Third_Party/FreeRTOS/Source/CMSIS_RTOS/cmsis_os.c.obj
                0x08007b54                osThreadCreate
 .text.osDelay  0x08007bbe        0xe CMakeFiles/Frankenstein.elf.dir/Middlewares/Third_Party/FreeRTOS/Source/CMSIS_RTOS/cmsis_os.c.obj
                0x08007bbe                osDelay
 .text.vListInitialise
                0x08007bcc       0x16 CMakeFiles/Frankenstein.elf.dir/Middlewares/Third_Party/FreeRTOS/Source/list.c.obj
                0x08007bcc                vListInitialise
 .text.vListInitialiseItem
                0x08007be2        0x6 CMakeFiles/Frankenstein.elf.dir/Middlewares/Third_Party/FreeRTOS/Source/list.c.obj
                0x08007be2                vListInitialiseItem
 .text.vListInsertEnd
                0x08007be8       0x16 CMakeFiles/Frankenstein.elf.dir/Middlewares/Third_Party/FreeRTOS/Source/list.c.obj
                0x08007be8                vListInsertEnd
 .text.vListInsert
                0x08007bfe       0x32 CMakeFiles/Frankenstein.elf.dir/Middlewares/Third_Party/FreeRTOS/Source/list.c.obj
                0x08007bfe                vListInsert
 .text.uxListRemove
                0x08007c30       0x26 CMakeFiles/Frankenstein.elf.dir/Middlewares/Third_Party/FreeRTOS/Source/list.c.obj
                0x08007c30                uxListRemove
 *fill*         0x08007c56        0x2 
 .text.prvTaskExitError
                0x08007c58       0x40 CMakeFiles/Frankenstein.elf.dir/Middlewares/Third_Party/FreeRTOS/Source/portable/GCC/ARM_CM4F/port.c.obj
 .text.prvPortStartFirstTask
                0x08007c98       0x28 CMakeFiles/Frankenstein.elf.dir/Middlewares/Third_Party/FreeRTOS/Source/portable/GCC/ARM_CM4F/port.c.obj
 .text.vPortEnableVFP
                0x08007cc0       0x14 CMakeFiles/Frankenstein.elf.dir/Middlewares/Third_Party/FreeRTOS/Source/portable/GCC/ARM_CM4F/port.c.obj
 .text.pxPortInitialiseStack
                0x08007cd4       0x2c CMakeFiles/Frankenstein.elf.dir/Middlewares/Third_Party/FreeRTOS/Source/portable/GCC/ARM_CM4F/port.c.obj
                0x08007cd4                pxPortInitialiseStack
 .text.SVC_Handler
                0x08007d00       0x24 CMakeFiles/Frankenstein.elf.dir/Middlewares/Third_Party/FreeRTOS/Source/portable/GCC/ARM_CM4F/port.c.obj
                0x08007d00                SVC_Handler
 .text.vPortEnterCritical
                0x08007d24       0x44 CMakeFiles/Frankenstein.elf.dir/Middlewares/Third_Party/FreeRTOS/Source/portable/GCC/ARM_CM4F/port.c.obj
                0x08007d24                vPortEnterCritical
 .text.vPortExitCritical
                0x08007d68       0x2c CMakeFiles/Frankenstein.elf.dir/Middlewares/Third_Party/FreeRTOS/Source/portable/GCC/ARM_CM4F/port.c.obj
                0x08007d68                vPortExitCritical
 *fill*         0x08007d94        0xc 
 .text.PendSV_Handler
                0x08007da0       0x64 CMakeFiles/Frankenstein.elf.dir/Middlewares/Third_Party/FreeRTOS/Source/portable/GCC/ARM_CM4F/port.c.obj
                0x08007da0                PendSV_Handler
 .text.SysTick_Handler
                0x08007e04       0x2c CMakeFiles/Frankenstein.elf.dir/Middlewares/Third_Party/FreeRTOS/Source/portable/GCC/ARM_CM4F/port.c.obj
                0x08007e04                SysTick_Handler
 .text.vPortSetupTimerInterrupt
                0x08007e30       0x28 CMakeFiles/Frankenstein.elf.dir/Middlewares/Third_Party/FreeRTOS/Source/portable/GCC/ARM_CM4F/port.c.obj
                0x08007e30                vPortSetupTimerInterrupt
 .text.xPortStartScheduler
                0x08007e58      0x118 CMakeFiles/Frankenstein.elf.dir/Middlewares/Third_Party/FreeRTOS/Source/portable/GCC/ARM_CM4F/port.c.obj
                0x08007e58                xPortStartScheduler
 .text.prvHeapInit
                0x08007f70       0x64 CMakeFiles/Frankenstein.elf.dir/Middlewares/Third_Party/FreeRTOS/Source/portable/MemMang/heap_4.c.obj
 .text.prvInsertBlockIntoFreeList
                0x08007fd4       0x64 CMakeFiles/Frankenstein.elf.dir/Middlewares/Third_Party/FreeRTOS/Source/portable/MemMang/heap_4.c.obj
 .text.pvPortMalloc
                0x08008038       0xfc CMakeFiles/Frankenstein.elf.dir/Middlewares/Third_Party/FreeRTOS/Source/portable/MemMang/heap_4.c.obj
                0x08008038                pvPortMalloc
 .text.vPortFree
                0x08008134       0x7c CMakeFiles/Frankenstein.elf.dir/Middlewares/Third_Party/FreeRTOS/Source/portable/MemMang/heap_4.c.obj
                0x08008134                vPortFree
 .text.prvResetNextTaskUnblockTime
                0x080081b0       0x2c CMakeFiles/Frankenstein.elf.dir/Middlewares/Third_Party/FreeRTOS/Source/tasks.c.obj
 .text.prvInitialiseNewTask
                0x080081dc       0xfe CMakeFiles/Frankenstein.elf.dir/Middlewares/Third_Party/FreeRTOS/Source/tasks.c.obj
 *fill*         0x080082da        0x2 
 .text.prvInitialiseTaskLists
                0x080082dc       0x68 CMakeFiles/Frankenstein.elf.dir/Middlewares/Third_Party/FreeRTOS/Source/tasks.c.obj
 .text.prvAddNewTaskToReadyList
                0x08008344       0xa8 CMakeFiles/Frankenstein.elf.dir/Middlewares/Third_Party/FreeRTOS/Source/tasks.c.obj
 .text.prvDeleteTCB
                0x080083ec       0x40 CMakeFiles/Frankenstein.elf.dir/Middlewares/Third_Party/FreeRTOS/Source/tasks.c.obj
 .text.prvCheckTasksWaitingTermination
                0x0800842c       0x4c CMakeFiles/Frankenstein.elf.dir/Middlewares/Third_Party/FreeRTOS/Source/tasks.c.obj
 .text.prvIdleTask
                0x08008478       0x28 CMakeFiles/Frankenstein.elf.dir/Middlewares/Third_Party/FreeRTOS/Source/tasks.c.obj
 .text.prvAddCurrentTaskToDelayedList
                0x080084a0       0x98 CMakeFiles/Frankenstein.elf.dir/Middlewares/Third_Party/FreeRTOS/Source/tasks.c.obj
 .text.xTaskCreateStatic
                0x08008538       0x7a CMakeFiles/Frankenstein.elf.dir/Middlewares/Third_Party/FreeRTOS/Source/tasks.c.obj
                0x08008538                xTaskCreateStatic
 .text.xTaskCreate
                0x080085b2       0x6a CMakeFiles/Frankenstein.elf.dir/Middlewares/Third_Party/FreeRTOS/Source/tasks.c.obj
                0x080085b2                xTaskCreate
 .text.vTaskStartScheduler
                0x0800861c       0x84 CMakeFiles/Frankenstein.elf.dir/Middlewares/Third_Party/FreeRTOS/Source/tasks.c.obj
                0x0800861c                vTaskStartScheduler
 .text.vTaskSuspendAll
                0x080086a0       0x10 CMakeFiles/Frankenstein.elf.dir/Middlewares/Third_Party/FreeRTOS/Source/tasks.c.obj
                0x080086a0                vTaskSuspendAll
 .text.xTaskIncrementTick
                0x080086b0      0x118 CMakeFiles/Frankenstein.elf.dir/Middlewares/Third_Party/FreeRTOS/Source/tasks.c.obj
                0x080086b0                xTaskIncrementTick
 .text.xTaskResumeAll
                0x080087c8       0xf8 CMakeFiles/Frankenstein.elf.dir/Middlewares/Third_Party/FreeRTOS/Source/tasks.c.obj
                0x080087c8                xTaskResumeAll
 .text.vTaskDelay
                0x080088c0       0x4c CMakeFiles/Frankenstein.elf.dir/Middlewares/Third_Party/FreeRTOS/Source/tasks.c.obj
                0x080088c0                vTaskDelay
 .text.vTaskSwitchContext
                0x0800890c       0xa4 CMakeFiles/Frankenstein.elf.dir/Middlewares/Third_Party/FreeRTOS/Source/tasks.c.obj
                0x0800890c                vTaskSwitchContext
 .text.__errno  0x080089b0        0xc d:/competition/robotcon/clion/gcc-arm-none-eabi-10.3-2021.10/bin/../lib/gcc/arm-none-eabi/10.3.1/../../../../arm-none-eabi/lib/thumb/v7e-m+fp/hard\libg.a(lib_a-errno.o)
                0x080089b0                __errno
 .text.__libc_init_array
                0x080089bc       0x48 d:/competition/robotcon/clion/gcc-arm-none-eabi-10.3-2021.10/bin/../lib/gcc/arm-none-eabi/10.3.1/../../../../arm-none-eabi/lib/thumb/v7e-m+fp/hard\libg.a(lib_a-init.o)
                0x080089bc                __libc_init_array
 .text.memset   0x08008a04       0xa4 d:/competition/robotcon/clion/gcc-arm-none-eabi-10.3-2021.10/bin/../lib/gcc/arm-none-eabi/10.3.1/../../../../arm-none-eabi/lib/thumb/v7e-m+fp/hard\libg.a(lib_a-memset.o)
                0x08008a04                memset
 .text.cleanup_glue
                0x08008aa8       0x48 d:/competition/robotcon/clion/gcc-arm-none-eabi-10.3-2021.10/bin/../lib/gcc/arm-none-eabi/10.3.1/../../../../arm-none-eabi/lib/thumb/v7e-m+fp/hard\libg.a(lib_a-reent.o)
                0x08008aa8                cleanup_glue
 .text._reclaim_reent
                0x08008af0       0x90 d:/competition/robotcon/clion/gcc-arm-none-eabi-10.3-2021.10/bin/../lib/gcc/arm-none-eabi/10.3.1/../../../../arm-none-eabi/lib/thumb/v7e-m+fp/hard\libg.a(lib_a-reent.o)
                0x08008af0                _reclaim_reent
 .text.startup.register_fini
                0x08008b80       0x14 d:/competition/robotcon/clion/gcc-arm-none-eabi-10.3-2021.10/bin/../lib/gcc/arm-none-eabi/10.3.1/../../../../arm-none-eabi/lib/thumb/v7e-m+fp/hard\libg.a(lib_a-__call_atexit.o)
 .text.atexit   0x08008b94        0xc d:/competition/robotcon/clion/gcc-arm-none-eabi-10.3-2021.10/bin/../lib/gcc/arm-none-eabi/10.3.1/../../../../arm-none-eabi/lib/thumb/v7e-m+fp/hard\libg.a(lib_a-atexit.o)
                0x08008b94                atexit
 .text.__libc_fini_array
                0x08008ba0       0x2c d:/competition/robotcon/clion/gcc-arm-none-eabi-10.3-2021.10/bin/../lib/gcc/arm-none-eabi/10.3.1/../../../../arm-none-eabi/lib/thumb/v7e-m+fp/hard\libg.a(lib_a-fini.o)
                0x08008ba0                __libc_fini_array
 .text._malloc_trim_r
                0x08008bcc       0xa0 d:/competition/robotcon/clion/gcc-arm-none-eabi-10.3-2021.10/bin/../lib/gcc/arm-none-eabi/10.3.1/../../../../arm-none-eabi/lib/thumb/v7e-m+fp/hard\libg.a(lib_a-freer.o)
                0x08008bcc                _malloc_trim_r
 .text._free_r  0x08008c6c      0x20c d:/competition/robotcon/clion/gcc-arm-none-eabi-10.3-2021.10/bin/../lib/gcc/arm-none-eabi/10.3.1/../../../../arm-none-eabi/lib/thumb/v7e-m+fp/hard\libg.a(lib_a-freer.o)
                0x08008c6c                _free_r
 .text.__retarget_lock_acquire_recursive
                0x08008e78        0x4 d:/competition/robotcon/clion/gcc-arm-none-eabi-10.3-2021.10/bin/../lib/gcc/arm-none-eabi/10.3.1/../../../../arm-none-eabi/lib/thumb/v7e-m+fp/hard\libg.a(lib_a-lock.o)
                0x08008e78                __retarget_lock_acquire_recursive
 .text.__retarget_lock_release_recursive
                0x08008e7c        0x4 d:/competition/robotcon/clion/gcc-arm-none-eabi-10.3-2021.10/bin/../lib/gcc/arm-none-eabi/10.3.1/../../../../arm-none-eabi/lib/thumb/v7e-m+fp/hard\libg.a(lib_a-lock.o)
                0x08008e7c                __retarget_lock_release_recursive
 .text.__malloc_lock
                0x08008e80        0xc d:/competition/robotcon/clion/gcc-arm-none-eabi-10.3-2021.10/bin/../lib/gcc/arm-none-eabi/10.3.1/../../../../arm-none-eabi/lib/thumb/v7e-m+fp/hard\libg.a(lib_a-mlock.o)
                0x08008e80                __malloc_lock
 .text.__malloc_unlock
                0x08008e8c        0xc d:/competition/robotcon/clion/gcc-arm-none-eabi-10.3-2021.10/bin/../lib/gcc/arm-none-eabi/10.3.1/../../../../arm-none-eabi/lib/thumb/v7e-m+fp/hard\libg.a(lib_a-mlock.o)
                0x08008e8c                __malloc_unlock
 .text._sbrk_r  0x08008e98       0x24 d:/competition/robotcon/clion/gcc-arm-none-eabi-10.3-2021.10/bin/../lib/gcc/arm-none-eabi/10.3.1/../../../../arm-none-eabi/lib/thumb/v7e-m+fp/hard\libg.a(lib_a-sbrkr.o)
                0x08008e98                _sbrk_r
 .text.__register_exitproc
                0x08008ebc       0x8c d:/competition/robotcon/clion/gcc-arm-none-eabi-10.3-2021.10/bin/../lib/gcc/arm-none-eabi/10.3.1/../../../../arm-none-eabi/lib/thumb/v7e-m+fp/hard\libg.a(lib_a-__atexit.o)
                0x08008ebc                __register_exitproc
 .text.cosf     0x08008f48       0x70 d:/competition/robotcon/clion/gcc-arm-none-eabi-10.3-2021.10/bin/../lib/gcc/arm-none-eabi/10.3.1/../../../../arm-none-eabi/lib/thumb/v7e-m+fp/hard\libm.a(lib_a-sf_cos.o)
                0x08008f48                cosf
 .text.sinf     0x08008fb8       0x74 d:/competition/robotcon/clion/gcc-arm-none-eabi-10.3-2021.10/bin/../lib/gcc/arm-none-eabi/10.3.1/../../../../arm-none-eabi/lib/thumb/v7e-m+fp/hard\libm.a(lib_a-sf_sin.o)
                0x08008fb8                sinf
 .text.asinf    0x0800902c       0x58 d:/competition/robotcon/clion/gcc-arm-none-eabi-10.3-2021.10/bin/../lib/gcc/arm-none-eabi/10.3.1/../../../../arm-none-eabi/lib/thumb/v7e-m+fp/hard\libm.a(lib_a-wf_asin.o)
                0x0800902c                asinf
 .text.atan2f   0x08009084        0x4 d:/competition/robotcon/clion/gcc-arm-none-eabi-10.3-2021.10/bin/../lib/gcc/arm-none-eabi/10.3.1/../../../../arm-none-eabi/lib/thumb/v7e-m+fp/hard\libm.a(lib_a-wf_atan2.o)
                0x08009084                atan2f
 .text.sqrtf    0x08009088       0x44 d:/competition/robotcon/clion/gcc-arm-none-eabi-10.3-2021.10/bin/../lib/gcc/arm-none-eabi/10.3.1/../../../../arm-none-eabi/lib/thumb/v7e-m+fp/hard\libm.a(lib_a-wf_sqrt.o)
                0x08009088                sqrtf
 .text.__ieee754_asinf
                0x080090cc      0x20c d:/competition/robotcon/clion/gcc-arm-none-eabi-10.3-2021.10/bin/../lib/gcc/arm-none-eabi/10.3.1/../../../../arm-none-eabi/lib/thumb/v7e-m+fp/hard\libm.a(lib_a-ef_asin.o)
                0x080090cc                __ieee754_asinf
 .text.__ieee754_atan2f
                0x080092d8      0x150 d:/competition/robotcon/clion/gcc-arm-none-eabi-10.3-2021.10/bin/../lib/gcc/arm-none-eabi/10.3.1/../../../../arm-none-eabi/lib/thumb/v7e-m+fp/hard\libm.a(lib_a-ef_atan2.o)
                0x080092d8                __ieee754_atan2f
 .text.__ieee754_rem_pio2f
                0x08009428      0x264 d:/competition/robotcon/clion/gcc-arm-none-eabi-10.3-2021.10/bin/../lib/gcc/arm-none-eabi/10.3.1/../../../../arm-none-eabi/lib/thumb/v7e-m+fp/hard\libm.a(lib_a-ef_rem_pio2.o)
                0x08009428                __ieee754_rem_pio2f
 .text.__ieee754_sqrtf
                0x0800968c        0x8 d:/competition/robotcon/clion/gcc-arm-none-eabi-10.3-2021.10/bin/../lib/gcc/arm-none-eabi/10.3.1/../../../../arm-none-eabi/lib/thumb/v7e-m+fp/hard\libm.a(lib_a-ef_sqrt.o)
                0x0800968c                __ieee754_sqrtf
 .text.__kernel_cosf
                0x08009694      0x104 d:/competition/robotcon/clion/gcc-arm-none-eabi-10.3-2021.10/bin/../lib/gcc/arm-none-eabi/10.3.1/../../../../arm-none-eabi/lib/thumb/v7e-m+fp/hard\libm.a(lib_a-kf_cos.o)
                0x08009694                __kernel_cosf
 .text.__kernel_rem_pio2f
                0x08009798      0x674 d:/competition/robotcon/clion/gcc-arm-none-eabi-10.3-2021.10/bin/../lib/gcc/arm-none-eabi/10.3.1/../../../../arm-none-eabi/lib/thumb/v7e-m+fp/hard\libm.a(lib_a-kf_rem_pio2.o)
                0x08009798                __kernel_rem_pio2f
 .text.__kernel_sinf
                0x08009e0c       0x90 d:/competition/robotcon/clion/gcc-arm-none-eabi-10.3-2021.10/bin/../lib/gcc/arm-none-eabi/10.3.1/../../../../arm-none-eabi/lib/thumb/v7e-m+fp/hard\libm.a(lib_a-kf_sin.o)
                0x08009e0c                __kernel_sinf
 .text.atanf    0x08009e9c      0x1b4 d:/competition/robotcon/clion/gcc-arm-none-eabi-10.3-2021.10/bin/../lib/gcc/arm-none-eabi/10.3.1/../../../../arm-none-eabi/lib/thumb/v7e-m+fp/hard\libm.a(lib_a-sf_atan.o)
                0x08009e9c                atanf
 .text.fabsf    0x0800a050       0x10 d:/competition/robotcon/clion/gcc-arm-none-eabi-10.3-2021.10/bin/../lib/gcc/arm-none-eabi/10.3.1/../../../../arm-none-eabi/lib/thumb/v7e-m+fp/hard\libm.a(lib_a-sf_fabs.o)
                0x0800a050                fabsf
 .text.floorf   0x0800a060       0x8c d:/competition/robotcon/clion/gcc-arm-none-eabi-10.3-2021.10/bin/../lib/gcc/arm-none-eabi/10.3.1/../../../../arm-none-eabi/lib/thumb/v7e-m+fp/hard\libm.a(lib_a-sf_floor.o)
                0x0800a060                floorf
 .text.nanf     0x0800a0ec        0xc d:/competition/robotcon/clion/gcc-arm-none-eabi-10.3-2021.10/bin/../lib/gcc/arm-none-eabi/10.3.1/../../../../arm-none-eabi/lib/thumb/v7e-m+fp/hard\libm.a(lib_a-sf_nan.o)
                0x0800a0ec                nanf
 .text.scalbnf  0x0800a0f8       0xe4 d:/competition/robotcon/clion/gcc-arm-none-eabi-10.3-2021.10/bin/../lib/gcc/arm-none-eabi/10.3.1/../../../../arm-none-eabi/lib/thumb/v7e-m+fp/hard\libm.a(lib_a-sf_scalbn.o)
                0x0800a0f8                scalbnf
 *(.glue_7)
 .glue_7        0x0800a1dc        0x0 linker stubs
 *(.glue_7t)
 .glue_7t       0x0800a1dc        0x0 linker stubs
 *(.eh_frame)
 .eh_frame      0x0800a1dc        0x0 d:/competition/robotcon/clion/gcc-arm-none-eabi-10.3-2021.10/bin/../lib/gcc/arm-none-eabi/10.3.1/thumb/v7e-m+fp/hard/crtbegin.o
 *(.init)
 .init          0x0800a1dc        0x4 d:/competition/robotcon/clion/gcc-arm-none-eabi-10.3-2021.10/bin/../lib/gcc/arm-none-eabi/10.3.1/thumb/v7e-m+fp/hard/crti.o
                0x0800a1dc                _init
 .init          0x0800a1e0        0x8 d:/competition/robotcon/clion/gcc-arm-none-eabi-10.3-2021.10/bin/../lib/gcc/arm-none-eabi/10.3.1/thumb/v7e-m+fp/hard/crtn.o
 *(.fini)
 .fini          0x0800a1e8        0x4 d:/competition/robotcon/clion/gcc-arm-none-eabi-10.3-2021.10/bin/../lib/gcc/arm-none-eabi/10.3.1/thumb/v7e-m+fp/hard/crti.o
                0x0800a1e8                _fini
 .fini          0x0800a1ec        0x8 d:/competition/robotcon/clion/gcc-arm-none-eabi-10.3-2021.10/bin/../lib/gcc/arm-none-eabi/10.3.1/thumb/v7e-m+fp/hard/crtn.o
                0x0800a1f4                . = ALIGN (0x4)
                0x0800a1f4                _etext = .

.vfp11_veneer   0x0800a1f4        0x0
 .vfp11_veneer  0x0800a1f4        0x0 linker stubs

.v4_bx          0x0800a1f4        0x0
 .v4_bx         0x0800a1f4        0x0 linker stubs

.iplt           0x0800a1f4        0x0
 .iplt          0x0800a1f4        0x0 d:/competition/robotcon/clion/gcc-arm-none-eabi-10.3-2021.10/bin/../lib/gcc/arm-none-eabi/10.3.1/thumb/v7e-m+fp/hard/crtbegin.o

.rodata         0x0800a1f4      0x560
                0x0800a1f4                . = ALIGN (0x4)
 *(.rodata)
 .rodata        0x0800a1f4       0x30 CMakeFiles/Frankenstein.elf.dir/Core/Application/lqr_wbr.c.obj
 .rodata        0x0800a224        0xc CMakeFiles/Frankenstein.elf.dir/Core/Bsp_for_DM01/BMI088/Attitude.c.obj
 .rodata        0x0800a230        0x8 CMakeFiles/Frankenstein.elf.dir/Core/Bsp_for_DM01/BMI088/BMI088driver.c.obj
 .rodata        0x0800a238       0x8c CMakeFiles/Frankenstein.elf.dir/Core/Src/freertos.c.obj
 *(.rodata*)
 .rodata.write_BMI088_accel_reg_data_error
                0x0800a2c4       0x12 CMakeFiles/Frankenstein.elf.dir/Core/Bsp_for_DM01/BMI088/BMI088driver.c.obj
 *fill*         0x0800a2d6        0x2 
 .rodata.write_BMI088_gyro_reg_data_error
                0x0800a2d8       0x12 CMakeFiles/Frankenstein.elf.dir/Core/Bsp_for_DM01/BMI088/BMI088driver.c.obj
 *fill*         0x0800a2ea        0x2 
 .rodata.str1.4
                0x0800a2ec       0x34 CMakeFiles/Frankenstein.elf.dir/Core/Src/freertos.c.obj
 .rodata.AHBPrescTable
                0x0800a320       0x10 CMakeFiles/Frankenstein.elf.dir/Core/Src/system_stm32f4xx.c.obj
                0x0800a320                AHBPrescTable
 .rodata.APBPrescTable
                0x0800a330        0x8 CMakeFiles/Frankenstein.elf.dir/Core/Src/system_stm32f4xx.c.obj
                0x0800a330                APBPrescTable
 .rodata.flagBitshiftOffset.0
                0x0800a338        0x8 CMakeFiles/Frankenstein.elf.dir/Drivers/STM32F4xx_HAL_Driver/Src/stm32f4xx_hal_dma.c.obj
 .rodata.vTaskStartScheduler.str1.4
                0x0800a340        0x5 CMakeFiles/Frankenstein.elf.dir/Middlewares/Third_Party/FreeRTOS/Source/tasks.c.obj
 *fill*         0x0800a345        0x3 
 .rodata._global_impure_ptr
                0x0800a348        0x4 d:/competition/robotcon/clion/gcc-arm-none-eabi-10.3-2021.10/bin/../lib/gcc/arm-none-eabi/10.3.1/../../../../arm-none-eabi/lib/thumb/v7e-m+fp/hard\libg.a(lib_a-impure.o)
                0x0800a348                _global_impure_ptr
 .rodata.asinf.str1.4
                0x0800a34c        0x5 d:/competition/robotcon/clion/gcc-arm-none-eabi-10.3-2021.10/bin/../lib/gcc/arm-none-eabi/10.3.1/../../../../arm-none-eabi/lib/thumb/v7e-m+fp/hard\libm.a(lib_a-wf_asin.o)
                                  0x1 (size before relaxing)
 .rodata.CSWTCH.8
                0x0800a34c        0xc d:/competition/robotcon/clion/gcc-arm-none-eabi-10.3-2021.10/bin/../lib/gcc/arm-none-eabi/10.3.1/../../../../arm-none-eabi/lib/thumb/v7e-m+fp/hard\libm.a(lib_a-ef_atan2.o)
 .rodata.CSWTCH.9
                0x0800a358        0xc d:/competition/robotcon/clion/gcc-arm-none-eabi-10.3-2021.10/bin/../lib/gcc/arm-none-eabi/10.3.1/../../../../arm-none-eabi/lib/thumb/v7e-m+fp/hard\libm.a(lib_a-ef_atan2.o)
 .rodata.npio2_hw
                0x0800a364       0x80 d:/competition/robotcon/clion/gcc-arm-none-eabi-10.3-2021.10/bin/../lib/gcc/arm-none-eabi/10.3.1/../../../../arm-none-eabi/lib/thumb/v7e-m+fp/hard\libm.a(lib_a-ef_rem_pio2.o)
 .rodata.two_over_pi
                0x0800a3e4      0x318 d:/competition/robotcon/clion/gcc-arm-none-eabi-10.3-2021.10/bin/../lib/gcc/arm-none-eabi/10.3.1/../../../../arm-none-eabi/lib/thumb/v7e-m+fp/hard\libm.a(lib_a-ef_rem_pio2.o)
 .rodata.PIo2   0x0800a6fc       0x2c d:/competition/robotcon/clion/gcc-arm-none-eabi-10.3-2021.10/bin/../lib/gcc/arm-none-eabi/10.3.1/../../../../arm-none-eabi/lib/thumb/v7e-m+fp/hard\libm.a(lib_a-kf_rem_pio2.o)
 .rodata.init_jk
                0x0800a728        0xc d:/competition/robotcon/clion/gcc-arm-none-eabi-10.3-2021.10/bin/../lib/gcc/arm-none-eabi/10.3.1/../../../../arm-none-eabi/lib/thumb/v7e-m+fp/hard\libm.a(lib_a-kf_rem_pio2.o)
 .rodata.atanhi
                0x0800a734       0x10 d:/competition/robotcon/clion/gcc-arm-none-eabi-10.3-2021.10/bin/../lib/gcc/arm-none-eabi/10.3.1/../../../../arm-none-eabi/lib/thumb/v7e-m+fp/hard\libm.a(lib_a-sf_atan.o)
 .rodata.atanlo
                0x0800a744       0x10 d:/competition/robotcon/clion/gcc-arm-none-eabi-10.3-2021.10/bin/../lib/gcc/arm-none-eabi/10.3.1/../../../../arm-none-eabi/lib/thumb/v7e-m+fp/hard\libm.a(lib_a-sf_atan.o)
                0x0800a754                . = ALIGN (0x4)

.ARM.extab      0x0800a754        0x0
                0x0800a754                . = ALIGN (0x4)
 *(.ARM.extab* .gnu.linkonce.armextab.*)
                0x0800a754                . = ALIGN (0x4)

.ARM            0x0800a754        0x8
                0x0800a754                . = ALIGN (0x4)
                0x0800a754                __exidx_start = .
 *(.ARM.exidx*)
 .ARM.exidx     0x0800a754        0x8 d:/competition/robotcon/clion/gcc-arm-none-eabi-10.3-2021.10/bin/../lib/gcc/arm-none-eabi/10.3.1/thumb/v7e-m+fp/hard\libgcc.a(_udivmoddi4.o)
                0x0800a75c                __exidx_end = .
                0x0800a75c                . = ALIGN (0x4)

.rel.dyn        0x0800a75c        0x0
 .rel.iplt      0x0800a75c        0x0 d:/competition/robotcon/clion/gcc-arm-none-eabi-10.3-2021.10/bin/../lib/gcc/arm-none-eabi/10.3.1/thumb/v7e-m+fp/hard/crtbegin.o

.preinit_array  0x0800a75c        0x0
                0x0800a75c                . = ALIGN (0x4)
                0x0800a75c                PROVIDE (__preinit_array_start = .)
 *(.preinit_array*)
                0x0800a75c                PROVIDE (__preinit_array_end = .)
                0x0800a75c                . = ALIGN (0x4)

.init_array     0x0800a75c        0x8
                0x0800a75c                . = ALIGN (0x4)
                0x0800a75c                PROVIDE (__init_array_start = .)
 *(SORT_BY_NAME(.init_array.*))
 .init_array.00000
                0x0800a75c        0x4 d:/competition/robotcon/clion/gcc-arm-none-eabi-10.3-2021.10/bin/../lib/gcc/arm-none-eabi/10.3.1/../../../../arm-none-eabi/lib/thumb/v7e-m+fp/hard\libg.a(lib_a-__call_atexit.o)
 *(.init_array*)
 .init_array    0x0800a760        0x4 d:/competition/robotcon/clion/gcc-arm-none-eabi-10.3-2021.10/bin/../lib/gcc/arm-none-eabi/10.3.1/thumb/v7e-m+fp/hard/crtbegin.o
                0x0800a764                PROVIDE (__init_array_end = .)
                0x0800a764                . = ALIGN (0x4)

.fini_array     0x0800a764        0x4
                0x0800a764                . = ALIGN (0x4)
                0x0800a764                PROVIDE (__fini_array_start = .)
 *(SORT_BY_NAME(.fini_array.*))
 *(.fini_array*)
 .fini_array    0x0800a764        0x4 d:/competition/robotcon/clion/gcc-arm-none-eabi-10.3-2021.10/bin/../lib/gcc/arm-none-eabi/10.3.1/thumb/v7e-m+fp/hard/crtbegin.o
                0x0800a768                PROVIDE (__fini_array_end = .)
                0x0800a768                . = ALIGN (0x4)
                0x0800a768                _sidata = LOADADDR (.data)

.data           0x20000000      0x85c load address 0x0800a768
                0x20000000                . = ALIGN (0x4)
                0x20000000                _sdata = .
 *(.data)
 *(.data*)
 .data.BMI088_ACCEL_SEN
                0x20000000        0x4 CMakeFiles/Frankenstein.elf.dir/Core/Bsp_for_DM01/BMI088/BMI088driver.c.obj
                0x20000000                BMI088_ACCEL_SEN
 .data.BMI088_GYRO_SEN
                0x20000004        0x4 CMakeFiles/Frankenstein.elf.dir/Core/Bsp_for_DM01/BMI088/BMI088driver.c.obj
                0x20000004                BMI088_GYRO_SEN
 .data.SystemCoreClock
                0x20000008        0x4 CMakeFiles/Frankenstein.elf.dir/Core/Src/system_stm32f4xx.c.obj
                0x20000008                SystemCoreClock
 .data.uwTickFreq
                0x2000000c        0x1 CMakeFiles/Frankenstein.elf.dir/Drivers/STM32F4xx_HAL_Driver/Src/stm32f4xx_hal.c.obj
                0x2000000c                uwTickFreq
 *fill*         0x2000000d        0x3 
 .data.uwTickPrio
                0x20000010        0x4 CMakeFiles/Frankenstein.elf.dir/Drivers/STM32F4xx_HAL_Driver/Src/stm32f4xx_hal.c.obj
                0x20000010                uwTickPrio
 .data.uxCriticalNesting
                0x20000014        0x4 CMakeFiles/Frankenstein.elf.dir/Middlewares/Third_Party/FreeRTOS/Source/portable/GCC/ARM_CM4F/port.c.obj
 .data._impure_ptr
                0x20000018        0x4 d:/competition/robotcon/clion/gcc-arm-none-eabi-10.3-2021.10/bin/../lib/gcc/arm-none-eabi/10.3.1/../../../../arm-none-eabi/lib/thumb/v7e-m+fp/hard\libg.a(lib_a-impure.o)
                0x20000018                _impure_ptr
 *fill*         0x2000001c        0x4 
 .data.impure_data
                0x20000020      0x428 d:/competition/robotcon/clion/gcc-arm-none-eabi-10.3-2021.10/bin/../lib/gcc/arm-none-eabi/10.3.1/../../../../arm-none-eabi/lib/thumb/v7e-m+fp/hard\libg.a(lib_a-impure.o)
 .data.__atexit_recursive_mutex
                0x20000448        0x4 d:/competition/robotcon/clion/gcc-arm-none-eabi-10.3-2021.10/bin/../lib/gcc/arm-none-eabi/10.3.1/../../../../arm-none-eabi/lib/thumb/v7e-m+fp/hard\libg.a(lib_a-__call_atexit.o)
                0x20000448                __atexit_recursive_mutex
 .data.__malloc_av_
                0x2000044c      0x408 d:/competition/robotcon/clion/gcc-arm-none-eabi-10.3-2021.10/bin/../lib/gcc/arm-none-eabi/10.3.1/../../../../arm-none-eabi/lib/thumb/v7e-m+fp/hard\libg.a(lib_a-mallocr.o)
                0x2000044c                __malloc_av_
 .data.__malloc_sbrk_base
                0x20000854        0x4 d:/competition/robotcon/clion/gcc-arm-none-eabi-10.3-2021.10/bin/../lib/gcc/arm-none-eabi/10.3.1/../../../../arm-none-eabi/lib/thumb/v7e-m+fp/hard\libg.a(lib_a-mallocr.o)
                0x20000854                __malloc_sbrk_base
 .data.__malloc_trim_threshold
                0x20000858        0x4 d:/competition/robotcon/clion/gcc-arm-none-eabi-10.3-2021.10/bin/../lib/gcc/arm-none-eabi/10.3.1/../../../../arm-none-eabi/lib/thumb/v7e-m+fp/hard\libg.a(lib_a-mallocr.o)
                0x20000858                __malloc_trim_threshold
 *(.RamFunc)
 *(.RamFunc*)
                0x2000085c                . = ALIGN (0x4)
                0x2000085c                _edata = .

.igot.plt       0x2000085c        0x0 load address 0x0800afc4
 .igot.plt      0x2000085c        0x0 d:/competition/robotcon/clion/gcc-arm-none-eabi-10.3-2021.10/bin/../lib/gcc/arm-none-eabi/10.3.1/thumb/v7e-m+fp/hard/crtbegin.o
                0x2000085c                . = ALIGN (0x4)

.bss            0x20000860     0x517c load address 0x0800afc4
                0x20000860                _sbss = .
                0x20000860                __bss_start__ = _sbss
 *(.bss)
 .bss           0x20000860       0x1c d:/competition/robotcon/clion/gcc-arm-none-eabi-10.3-2021.10/bin/../lib/gcc/arm-none-eabi/10.3.1/thumb/v7e-m+fp/hard/crtbegin.o
 *(.bss*)
 .bss.DM_Motor_measure
                0x2000087c      0x120 CMakeFiles/Frankenstein.elf.dir/Core/Application/CAN_receive_dm.c.obj
                0x2000087c                DM_Motor_measure
 .bss.i.0       0x2000099c        0x1 CMakeFiles/Frankenstein.elf.dir/Core/Application/CAN_receive_dm.c.obj
 .bss.i.1       0x2000099d        0x1 CMakeFiles/Frankenstein.elf.dir/Core/Application/CAN_receive_dm.c.obj
 *fill*         0x2000099e        0x2 
 .bss.buffer_receive_2
                0x200009a0       0x32 CMakeFiles/Frankenstein.elf.dir/Core/Application/UART_DMA.c.obj
                0x200009a0                buffer_receive_2
 *fill*         0x200009d2        0x2 
 .bss.buffer_receive_3
                0x200009d4       0x32 CMakeFiles/Frankenstein.elf.dir/Core/Application/UART_DMA.c.obj
                0x200009d4                buffer_receive_3
 *fill*         0x20000a06        0x2 
 .bss.buffer_receive_5
                0x20000a08       0x32 CMakeFiles/Frankenstein.elf.dir/Core/Application/UART_DMA.c.obj
                0x20000a08                buffer_receive_5
 *fill*         0x20000a3a        0x2 
 .bss.DDT_measure
                0x20000a3c       0x40 CMakeFiles/Frankenstein.elf.dir/Core/Application/ddt_m6_control.c.obj
                0x20000a3c                DDT_measure
 .bss.send_data
                0x20000a7c        0xa CMakeFiles/Frankenstein.elf.dir/Core/Application/ddt_m6_control.c.obj
                0x20000a7c                send_data
 *fill*         0x20000a86        0x2 
 .bss.lqr_data_L
                0x20000a88      0x154 CMakeFiles/Frankenstein.elf.dir/Core/Application/lqr_wbr.c.obj
                0x20000a88                lqr_data_L
 .bss.lqr_data_R
                0x20000bdc      0x154 CMakeFiles/Frankenstein.elf.dir/Core/Application/lqr_wbr.c.obj
                0x20000bdc                lqr_data_R
 .bss.lqr_init_flag
                0x20000d30        0x1 CMakeFiles/Frankenstein.elf.dir/Core/Application/lqr_wbr.c.obj
                0x20000d30                lqr_init_flag
 *fill*         0x20000d31        0x3 
 .bss.wbr_control_data
                0x20000d34       0xf8 CMakeFiles/Frankenstein.elf.dir/Core/Application/lqr_wbr.c.obj
                0x20000d34                wbr_control_data
 .bss.VofaData  0x20000e2c       0x40 CMakeFiles/Frankenstein.elf.dir/Core/Application/vofa.c.obj
                0x20000e2c                VofaData
 .bss.Vofa_RX   0x20000e6c       0x18 CMakeFiles/Frankenstein.elf.dir/Core/Application/vofa.c.obj
                0x20000e6c                Vofa_RX
 .bss.tempData  0x20000e84       0x54 CMakeFiles/Frankenstein.elf.dir/Core/Application/vofa.c.obj
                0x20000e84                tempData
 .bss.tempFloat
                0x20000ed8       0x50 CMakeFiles/Frankenstein.elf.dir/Core/Application/vofa.c.obj
                0x20000ed8                tempFloat
 .bss.imu_data  0x20000f28      0x130 CMakeFiles/Frankenstein.elf.dir/Core/Bsp_for_DM01/BMI088/Attitude.c.obj
                0x20000f28                imu_data
 .bss.anglesComputed
                0x20001058        0x1 CMakeFiles/Frankenstein.elf.dir/Core/Bsp_for_DM01/BMI088/MahonyAHRS.c.obj
                0x20001058                anglesComputed
 *fill*         0x20001059        0x3 
 .bss.integralFBx
                0x2000105c        0x4 CMakeFiles/Frankenstein.elf.dir/Core/Bsp_for_DM01/BMI088/MahonyAHRS.c.obj
                0x2000105c                integralFBx
 .bss.integralFBy
                0x20001060        0x4 CMakeFiles/Frankenstein.elf.dir/Core/Bsp_for_DM01/BMI088/MahonyAHRS.c.obj
                0x20001060                integralFBy
 .bss.integralFBz
                0x20001064        0x4 CMakeFiles/Frankenstein.elf.dir/Core/Bsp_for_DM01/BMI088/MahonyAHRS.c.obj
                0x20001064                integralFBz
 .bss.invSampleFreq
                0x20001068        0x4 CMakeFiles/Frankenstein.elf.dir/Core/Bsp_for_DM01/BMI088/MahonyAHRS.c.obj
                0x20001068                invSampleFreq
 .bss.pitch     0x2000106c        0x4 CMakeFiles/Frankenstein.elf.dir/Core/Bsp_for_DM01/BMI088/MahonyAHRS.c.obj
                0x2000106c                pitch
 .bss.q0        0x20001070        0x4 CMakeFiles/Frankenstein.elf.dir/Core/Bsp_for_DM01/BMI088/MahonyAHRS.c.obj
                0x20001070                q0
 .bss.q1        0x20001074        0x4 CMakeFiles/Frankenstein.elf.dir/Core/Bsp_for_DM01/BMI088/MahonyAHRS.c.obj
                0x20001074                q1
 .bss.q2        0x20001078        0x4 CMakeFiles/Frankenstein.elf.dir/Core/Bsp_for_DM01/BMI088/MahonyAHRS.c.obj
                0x20001078                q2
 .bss.q3        0x2000107c        0x4 CMakeFiles/Frankenstein.elf.dir/Core/Bsp_for_DM01/BMI088/MahonyAHRS.c.obj
                0x2000107c                q3
 .bss.roll      0x20001080        0x4 CMakeFiles/Frankenstein.elf.dir/Core/Bsp_for_DM01/BMI088/MahonyAHRS.c.obj
                0x20001080                roll
 .bss.twoKi     0x20001084        0x4 CMakeFiles/Frankenstein.elf.dir/Core/Bsp_for_DM01/BMI088/MahonyAHRS.c.obj
                0x20001084                twoKi
 .bss.yaw       0x20001088        0x4 CMakeFiles/Frankenstein.elf.dir/Core/Bsp_for_DM01/BMI088/MahonyAHRS.c.obj
                0x20001088                yaw
 .bss.fac_ms    0x2000108c        0x4 CMakeFiles/Frankenstein.elf.dir/Core/Bsp_for_DM01/bsp_delay.c.obj
 .bss.fac_us    0x20001090        0x1 CMakeFiles/Frankenstein.elf.dir/Core/Bsp_for_DM01/bsp_delay.c.obj
 *fill*         0x20001091        0x3 
 .bss.sbus_channel
                0x20001094       0x20 CMakeFiles/Frankenstein.elf.dir/Core/Bsp_for_DM01/bsp_sbus.c.obj
                0x20001094                sbus_channel
 .bss.HAL_RCC_CAN1_CLK_ENABLED
                0x200010b4        0x4 CMakeFiles/Frankenstein.elf.dir/Core/Src/can.c.obj
 .bss.hcan1     0x200010b8       0x28 CMakeFiles/Frankenstein.elf.dir/Core/Src/can.c.obj
                0x200010b8                hcan1
 .bss.hcan2     0x200010e0       0x28 CMakeFiles/Frankenstein.elf.dir/Core/Src/can.c.obj
                0x200010e0                hcan2
 .bss.board_init_flag
                0x20001108        0x1 CMakeFiles/Frankenstein.elf.dir/Core/Src/freertos.c.obj
                0x20001108                board_init_flag
 *fill*         0x20001109        0x3 
 .bss.defaultTaskHandle
                0x2000110c        0x4 CMakeFiles/Frankenstein.elf.dir/Core/Src/freertos.c.obj
                0x2000110c                defaultTaskHandle
 .bss.imuTaskHandle
                0x20001110        0x4 CMakeFiles/Frankenstein.elf.dir/Core/Src/freertos.c.obj
                0x20001110                imuTaskHandle
 .bss.initTaskHandle
                0x20001114        0x4 CMakeFiles/Frankenstein.elf.dir/Core/Src/freertos.c.obj
                0x20001114                initTaskHandle
 .bss.lqrTaskHandle
                0x20001118        0x4 CMakeFiles/Frankenstein.elf.dir/Core/Src/freertos.c.obj
                0x20001118                lqrTaskHandle
 .bss.vofaTaskHandle
                0x2000111c        0x4 CMakeFiles/Frankenstein.elf.dir/Core/Src/freertos.c.obj
                0x2000111c                vofaTaskHandle
 .bss.xIdleStack
                0x20001120      0x200 CMakeFiles/Frankenstein.elf.dir/Core/Src/freertos.c.obj
 .bss.xIdleTaskTCBBuffer
                0x20001320      0x480 CMakeFiles/Frankenstein.elf.dir/Core/Src/freertos.c.obj
 .bss.hdma_spi2_rx
                0x200017a0       0x60 CMakeFiles/Frankenstein.elf.dir/Core/Src/spi.c.obj
                0x200017a0                hdma_spi2_rx
 .bss.hdma_spi2_tx
                0x20001800       0x60 CMakeFiles/Frankenstein.elf.dir/Core/Src/spi.c.obj
                0x20001800                hdma_spi2_tx
 .bss.hspi2     0x20001860       0x58 CMakeFiles/Frankenstein.elf.dir/Core/Src/spi.c.obj
                0x20001860                hspi2
 .bss.htim1     0x200018b8       0x48 CMakeFiles/Frankenstein.elf.dir/Core/Src/stm32f4xx_hal_timebase_tim.c.obj
                0x200018b8                htim1
 .bss.__sbrk_heap_end
                0x20001900        0x4 CMakeFiles/Frankenstein.elf.dir/Core/Src/sysmem.c.obj
 .bss.htim2     0x20001904       0x48 CMakeFiles/Frankenstein.elf.dir/Core/Src/tim.c.obj
                0x20001904                htim2
 .bss.htim3     0x2000194c       0x48 CMakeFiles/Frankenstein.elf.dir/Core/Src/tim.c.obj
                0x2000194c                htim3
 .bss.hdma_uart5_rx
                0x20001994       0x60 CMakeFiles/Frankenstein.elf.dir/Core/Src/usart.c.obj
                0x20001994                hdma_uart5_rx
 .bss.hdma_uart5_tx