Archive member included to satisfy reference by file (symbol)

d:/competition/robotcon/clion/gcc-arm-none-eabi-10.3-2021.10/bin/../lib/gcc/arm-none-eabi/10.3.1/thumb/v7e-m+fp/hard\libgcc.a(_arm_addsubdf3.o)
                              CMakeFiles/Frankenstein.elf.dir/Core/Application/lqr_wbr.c.obj (__aeabi_dsub)
d:/competition/robotcon/clion/gcc-arm-none-eabi-10.3-2021.10/bin/../lib/gcc/arm-none-eabi/10.3.1/thumb/v7e-m+fp/hard\libgcc.a(_arm_cmpdf2.o)
                              CMakeFiles/Frankenstein.elf.dir/Core/Application/lqr_wbr.c.obj (__aeabi_dcmplt)
d:/competition/robotcon/clion/gcc-arm-none-eabi-10.3-2021.10/bin/../lib/gcc/arm-none-eabi/10.3.1/thumb/v7e-m+fp/hard\libgcc.a(_arm_truncdfsf2.o)
                              CMakeFiles/Frankenstein.elf.dir/Core/Application/lqr_wbr.c.obj (__aeabi_d2f)
d:/competition/robotcon/clion/gcc-arm-none-eabi-10.3-2021.10/bin/../lib/gcc/arm-none-eabi/10.3.1/thumb/v7e-m+fp/hard\libgcc.a(_aeabi_uldivmod.o)
                              CMakeFiles/Frankenstein.elf.dir/Drivers/STM32F4xx_HAL_Driver/Src/stm32f4xx_hal_rcc.c.obj (__aeabi_uldivmod)
d:/competition/robotcon/clion/gcc-arm-none-eabi-10.3-2021.10/bin/../lib/gcc/arm-none-eabi/10.3.1/thumb/v7e-m+fp/hard\libgcc.a(_udivmoddi4.o)
                              d:/competition/robotcon/clion/gcc-arm-none-eabi-10.3-2021.10/bin/../lib/gcc/arm-none-eabi/10.3.1/thumb/v7e-m+fp/hard\libgcc.a(_aeabi_uldivmod.o) (__udivmoddi4)
d:/competition/robotcon/clion/gcc-arm-none-eabi-10.3-2021.10/bin/../lib/gcc/arm-none-eabi/10.3.1/thumb/v7e-m+fp/hard\libgcc.a(_dvmd_tls.o)
                              d:/competition/robotcon/clion/gcc-arm-none-eabi-10.3-2021.10/bin/../lib/gcc/arm-none-eabi/10.3.1/thumb/v7e-m+fp/hard\libgcc.a(_aeabi_uldivmod.o) (__aeabi_ldiv0)
d:/competition/robotcon/clion/gcc-arm-none-eabi-10.3-2021.10/bin/../lib/gcc/arm-none-eabi/10.3.1/../../../../arm-none-eabi/lib/thumb/v7e-m+fp/hard\libg.a(lib_a-errno.o)
                              CMakeFiles/Frankenstein.elf.dir/Core/Src/syscalls.c.obj (__errno)
d:/competition/robotcon/clion/gcc-arm-none-eabi-10.3-2021.10/bin/../lib/gcc/arm-none-eabi/10.3.1/../../../../arm-none-eabi/lib/thumb/v7e-m+fp/hard\libg.a(lib_a-exit.o)
                              d:/competition/robotcon/clion/gcc-arm-none-eabi-10.3-2021.10/bin/../lib/gcc/arm-none-eabi/10.3.1/../../../../arm-none-eabi/lib/thumb/v7e-m+fp/hard/crt0.o (exit)
d:/competition/robotcon/clion/gcc-arm-none-eabi-10.3-2021.10/bin/../lib/gcc/arm-none-eabi/10.3.1/../../../../arm-none-eabi/lib/thumb/v7e-m+fp/hard\libg.a(lib_a-impure.o)
                              d:/competition/robotcon/clion/gcc-arm-none-eabi-10.3-2021.10/bin/../lib/gcc/arm-none-eabi/10.3.1/../../../../arm-none-eabi/lib/thumb/v7e-m+fp/hard\libg.a(lib_a-exit.o) (_global_impure_ptr)
d:/competition/robotcon/clion/gcc-arm-none-eabi-10.3-2021.10/bin/../lib/gcc/arm-none-eabi/10.3.1/../../../../arm-none-eabi/lib/thumb/v7e-m+fp/hard\libg.a(lib_a-init.o)
                              d:/competition/robotcon/clion/gcc-arm-none-eabi-10.3-2021.10/bin/../lib/gcc/arm-none-eabi/10.3.1/../../../../arm-none-eabi/lib/thumb/v7e-m+fp/hard/crt0.o (__libc_init_array)
d:/competition/robotcon/clion/gcc-arm-none-eabi-10.3-2021.10/bin/../lib/gcc/arm-none-eabi/10.3.1/../../../../arm-none-eabi/lib/thumb/v7e-m+fp/hard\libg.a(lib_a-memcpy.o)
                              CMakeFiles/Frankenstein.elf.dir/Core/Application/vofa.c.obj (memcpy)
d:/competition/robotcon/clion/gcc-arm-none-eabi-10.3-2021.10/bin/../lib/gcc/arm-none-eabi/10.3.1/../../../../arm-none-eabi/lib/thumb/v7e-m+fp/hard\libg.a(lib_a-memset.o)
                              d:/competition/robotcon/clion/gcc-arm-none-eabi-10.3-2021.10/bin/../lib/gcc/arm-none-eabi/10.3.1/../../../../arm-none-eabi/lib/thumb/v7e-m+fp/hard/crt0.o (memset)
d:/competition/robotcon/clion/gcc-arm-none-eabi-10.3-2021.10/bin/../lib/gcc/arm-none-eabi/10.3.1/../../../../arm-none-eabi/lib/thumb/v7e-m+fp/hard\libg.a(lib_a-reent.o)
                              CMakeFiles/Frankenstein.elf.dir/Middlewares/Third_Party/FreeRTOS/Source/tasks.c.obj (_reclaim_reent)
d:/competition/robotcon/clion/gcc-arm-none-eabi-10.3-2021.10/bin/../lib/gcc/arm-none-eabi/10.3.1/../../../../arm-none-eabi/lib/thumb/v7e-m+fp/hard\libg.a(lib_a-__call_atexit.o)
                              d:/competition/robotcon/clion/gcc-arm-none-eabi-10.3-2021.10/bin/../lib/gcc/arm-none-eabi/10.3.1/../../../../arm-none-eabi/lib/thumb/v7e-m+fp/hard\libg.a(lib_a-exit.o) (__call_exitprocs)
d:/competition/robotcon/clion/gcc-arm-none-eabi-10.3-2021.10/bin/../lib/gcc/arm-none-eabi/10.3.1/../../../../arm-none-eabi/lib/thumb/v7e-m+fp/hard\libg.a(lib_a-atexit.o)
                              d:/competition/robotcon/clion/gcc-arm-none-eabi-10.3-2021.10/bin/../lib/gcc/arm-none-eabi/10.3.1/../../../../arm-none-eabi/lib/thumb/v7e-m+fp/hard\libg.a(lib_a-__call_atexit.o) (atexit)
[...]
Memory Configuration

Name             Origin             Length             Attributes
RAM              0x20000000         0x00020000         xrw
FLASH            0x08000000         0x00040000         xr
*default*        0x00000000         0xffffffff

Linker script and memory map

LOAD d:/competition/robotcon/clion/gcc-arm-none-eabi-10.3-2021.10/bin/../lib/gcc/arm-none-eabi/10.3.1/thumb/v7e-m+fp/hard/crti.o
LOAD d:/competition/robotcon/clion/gcc-arm-none-eabi-10.3-2021.10/bin/../lib/gcc/arm-none-eabi/10.3.1/thumb/v7e-m+fp/hard/crtbegin.o
LOAD d:/competition/robotcon/clion/gcc-arm-none-eabi-10.3-2021.10/bin/../lib/gcc/arm-none-eabi/10.3.1/../../../../arm-none-eabi/lib/thumb/v7e-m+fp/hard/crt0.o
LOAD CMakeFiles/Frankenstein.elf.dir/Core/Application/CAN_receive_dm.c.obj
LOAD CMakeFiles/Frankenstein.elf.dir/Core/Application/UART_DMA.c.obj
LOAD CMakeFiles/Frankenstein.elf.dir/Core/Application/VMC.c.obj
LOAD CMakeFiles/Frankenstein.elf.dir/Core/Application/kalman.c.obj
LOAD CMakeFiles/Frankenstein.elf.dir/Core/Application/lqr_wbr.c.obj
LOAD CMakeFiles/Frankenstein.elf.dir/Core/Application/music.c.obj
LOAD CMakeFiles/Frankenstein.elf.dir/Core/Application/pid.c.obj
LOAD CMakeFiles/Frankenstein.elf.dir/Core/Application/vofa.c.obj
LOAD CMakeFiles/Frankenstein.elf.dir/Core/Bsp_for_DM01/BMI088/Attitude.c.obj
LOAD CMakeFiles/Frankenstein.elf.dir/Core/Bsp_for_DM01/BMI088/BMI088Middleware.c.obj
LOAD CMakeFiles/Frankenstein.elf.dir/Core/Bsp_for_DM01/BMI088/BMI088driver.c.obj
LOAD CMakeFiles/Frankenstein.elf.dir/Core/Bsp_for_DM01/BMI088/MahonyAHRS.c.obj
LOAD CMakeFiles/Frankenstein.elf.dir/Core/Bsp_for_DM01/bsp_delay.c.obj
LOAD CMakeFiles/Frankenstein.elf.dir/Core/Src/can.c.obj
LOAD CMakeFiles/Frankenstein.elf.dir/Core/Src/dma.c.obj
LOAD CMakeFiles/Frankenstein.elf.dir/Core/Src/freertos.c.obj
LOAD CMakeFiles/Frankenstein.elf.dir/Core/Src/gpio.c.obj
LOAD CMakeFiles/Frankenstein.elf.dir/Core/Src/main.c.obj
LOAD CMakeFiles/Frankenstein.elf.dir/Core/Src/spi.c.obj
LOAD CMakeFiles/Frankenstein.elf.dir/Core/Src/stm32f4xx_hal_msp.c.obj
LOAD CMakeFiles/Frankenstein.elf.dir/Core/Src/stm32f4xx_hal_timebase_tim.c.obj
LOAD CMakeFiles/Frankenstein.elf.dir/Core/Src/stm32f4xx_it.c.obj
LOAD CMakeFiles/Frankenstein.elf.dir/Core/Src/syscalls.c.obj
LOAD CMakeFiles/Frankenstein.elf.dir/Core/Src/sysmem.c.obj
LOAD CMakeFiles/Frankenstein.elf.dir/Core/Src/system_stm32f4xx.c.obj
LOAD CMakeFiles/Frankenstein.elf.dir/Core/Src/tim.c.obj
LOAD CMakeFiles/Frankenstein.elf.dir/Core/Src/usart.c.obj
LOAD CMakeFiles/Frankenstein.elf.dir/Core/Startup/startup_stm32f446rctx.s.obj
LOAD CMakeFiles/Frankenstein.elf.dir/Drivers/STM32F4xx_HAL_Driver/Src/stm32f4xx_hal.c.obj
LOAD CMakeFiles/Frankenstein.elf.dir/Drivers/STM32F4xx_HAL_Driver/Src/stm32f4xx_hal_can.c.obj
LOAD CMakeFiles/Frankenstein.elf.dir/Drivers/STM32F4xx_HAL_Driver/Src/stm32f4xx_hal_cortex.c.obj
LOAD CMakeFiles/Frankenstein.elf.dir/Drivers/STM32F4xx_HAL_Driver/Src/stm32f4xx_hal_dma.c.obj
LOAD CMakeFiles/Frankenstein.elf.dir/Drivers/STM32F4xx_HAL_Driver/Src/stm32f4xx_hal_dma_ex.c.obj
LOAD CMakeFiles/Frankenstein.elf.dir/Drivers/STM32F4xx_HAL_Driver/Src/stm32f4xx_hal_exti.c.obj
LOAD CMakeFiles/Frankenstein.elf.dir/Drivers/STM32F4xx_HAL_Driver/Src/stm32f4xx_hal_flash.c.obj
LOAD CMakeFiles/Frankenstein.elf.dir/Drivers/STM32F4xx_HAL_Driver/Src/stm32f4xx_hal_flash_ex.c.obj
LOAD CMakeFiles/Frankenstein.elf.dir/Drivers/STM32F4xx_HAL_Driver/Src/stm32f4xx_hal_flash_ramfunc.c.obj
LOAD CMakeFiles/Frankenstein.elf.dir/Drivers/STM32F4xx_HAL_Driver/Src/stm32f4xx_hal_gpio.c.obj
LOAD CMakeFiles/Frankenstein.elf.dir/Drivers/STM32F4xx_HAL_Driver/Src/stm32f4xx_hal_pwr.c.obj
LOAD CMakeFiles/Frankenstein.elf.dir/Drivers/STM32F4xx_HAL_Driver/Src/stm32f4xx_hal_pwr_ex.c.obj
LOAD CMakeFiles/Frankenstein.elf.dir/Drivers/STM32F4xx_HAL_Driver/Src/stm32f4xx_hal_rcc.c.obj
LOAD CMakeFiles/Frankenstein.elf.dir/Drivers/STM32F4xx_HAL_Driver/Src/stm32f4xx_hal_rcc_ex.c.obj
LOAD CMakeFiles/Frankenstein.elf.dir/Drivers/STM32F4xx_HAL_Driver/Src/stm32f4xx_hal_spi.c.obj
LOAD CMakeFiles/Frankenstein.elf.dir/Drivers/STM32F4xx_HAL_Driver/Src/stm32f4xx_hal_tim.c.obj
LOAD CMakeFiles/Frankenstein.elf.dir/Drivers/STM32F4xx_HAL_Driver/Src/stm32f4xx_hal_tim_ex.c.obj
LOAD CMakeFiles/Frankenstein.elf.dir/Drivers/STM32F4xx_HAL_Driver/Src/stm32f4xx_hal_uart.c.obj
LOAD CMakeFiles/Frankenstein.elf.dir/Middlewares/Third_Party/FreeRTOS/Source/CMSIS_RTOS/cmsis_os.c.obj
LOAD CMakeFiles/Frankenstein.elf.dir/Middlewares/Third_Party/FreeRTOS/Source/croutine.c.obj
LOAD CMakeFiles/Frankenstein.elf.dir/Middlewares/Third_Party/FreeRTOS/Source/event_groups.c.obj
LOAD CMakeFiles/Frankenstein.elf.dir/Middlewares/Third_Party/FreeRTOS/Source/list.c.obj
LOAD CMakeFiles/Frankenstein.elf.dir/Middlewares/Third_Party/FreeRTOS/Source/portable/GCC/ARM_CM4F/port.c.obj
LOAD CMakeFiles/Frankenstein.elf.dir/Middlewares/Third_Party/FreeRTOS/Source/portable/MemMang/heap_4.c.obj
LOAD CMakeFiles/Frankenstein.elf.dir/Middlewares/Third_Party/FreeRTOS/Source/queue.c.obj
LOAD CMakeFiles/Frankenstein.elf.dir/Middlewares/Third_Party/FreeRTOS/Source/stream_buffer.c.obj
LOAD CMakeFiles/Frankenstein.elf.dir/Middlewares/Third_Party/FreeRTOS/Source/tasks.c.obj
LOAD CMakeFiles/Frankenstein.elf.dir/Middlewares/Third_Party/FreeRTOS/Source/timers.c.obj
START GROUP
LOAD d:/competition/robotcon/clion/gcc-arm-none-eabi-10.3-2021.10/bin/../lib/gcc/arm-none-eabi/10.3.1/thumb/v7e-m+fp/hard\libgcc.a
LOAD d:/competition/robotcon/clion/gcc-arm-none-eabi-10.3-2021.10/bin/../lib/gcc/arm-none-eabi/10.3.1/../../../../arm-none-eabi/lib/thumb/v7e-m+fp/hard\libg.a
LOAD d:/competition/robotcon/clion/gcc-arm-none-eabi-10.3-2021.10/bin/../lib/gcc/arm-none-eabi/10.3.1/../../../../arm-none-eabi/lib/thumb/v7e-m+fp/hard\libc.a
END GROUP
LOAD d:/competition/robotcon/clion/gcc-arm-none-eabi-10.3-2021.10/bin/../lib/gcc/arm-none-eabi/10.3.1/thumb/v7e-m+fp/hard/crtend.o
LOAD d:/competition/robotcon/clion/gcc-arm-none-eabi-10.3-2021.10/bin/../lib/gcc/arm-none-eabi/10.3.1/thumb/v7e-m+fp/hard/crtn.o
                0x20020000                _estack = (ORIGIN (RAM) + LENGTH (RAM))
                0x00001000                _Min_Heap_Size = 0x1000
                0x00000400                _Min_Stack_Size = 0x400

.isr_vector     0x08000000      0x1c4
                0x08000000                . = ALIGN (0x4)
 *(.isr_vector)
 .isr_vector    0x08000000      0x1c4 CMakeFiles/Frankenstein.elf.dir/Core/Startup/startup_stm32f446rctx.s.obj
                0x08000000                g_pfnVectors
                0x080001c4                . = ALIGN (0x4)

.text           0x080001d0     0x94c4
                0x080001d0                . = ALIGN (0x4)
 *(.text)
 .text          0x080001d0       0x40 d:/competition/robotcon/clion/gcc-arm-none-eabi-10.3-2021.10/bin/../lib/gcc/arm-none-eabi/10.3.1/thumb/v7e-m+fp/hard/crtbegin.o
 .text          0x08000210      0x378 d:/competition/robotcon/clion/gcc-arm-none-eabi-10.3-2021.10/bin/../lib/gcc/arm-none-eabi/10.3.1/thumb/v7e-m+fp/hard\libgcc.a(_arm_addsubdf3.o)
                0x08000210                __aeabi_drsub
                0x08000218                __aeabi_dsub
                0x08000218                __subdf3
                0x0800021c                __aeabi_dadd
                0x0800021c                __adddf3
                0x08000494                __floatunsidf
                0x08000494                __aeabi_ui2d
                0x080004b4                __floatsidf
                0x080004b4                __aeabi_i2d
                0x080004d8                __aeabi_f2d
                0x080004d8                __extendsfdf2
                0x0800051c                __floatundidf
                0x0800051c                __aeabi_ul2d
                0x0800052c                __floatdidf
                0x0800052c                __aeabi_l2d
 .text          0x08000588      0x110 d:/competition/robotcon/clion/gcc-arm-none-eabi-10.3-2021.10/bin/../lib/gcc/arm-none-eabi/10.3.1/thumb/v7e-m+fp/hard\libgcc.a(_arm_cmpdf2.o)
                0x08000588                __gtdf2
                0x08000588                __gedf2
                0x08000590                __ltdf2
                0x08000590                __ledf2
                0x08000598                __nedf2
                0x08000598                __eqdf2
                0x08000598                __cmpdf2
                0x08000614                __aeabi_cdrcmple
                0x08000624                __aeabi_cdcmpeq
                0x08000624                __aeabi_cdcmple
                0x08000634                __aeabi_dcmpeq
                0x08000648                __aeabi_dcmplt
                0x0800065c                __aeabi_dcmple
                0x08000670                __aeabi_dcmpge
                0x08000684                __aeabi_dcmpgt
 .text          0x08000698       0xa0 d:/competition/robotcon/clion/gcc-arm-none-eabi-10.3-2021.10/bin/../lib/gcc/arm-none-eabi/10.3.1/thumb/v7e-m+fp/hard\libgcc.a(_arm_truncdfsf2.o)
                0x08000698                __truncdfsf2
                0x08000698                __aeabi_d2f
 .text          0x08000738       0x30 d:/competition/robotcon/clion/gcc-arm-none-eabi-10.3-2021.10/bin/../lib/gcc/arm-none-eabi/10.3.1/thumb/v7e-m+fp/hard\libgcc.a(_aeabi_uldivmod.o)
                0x08000738                __aeabi_uldivmod
 .text          0x08000768      0x2d0 d:/competition/robotcon/clion/gcc-arm-none-eabi-10.3-2021.10/bin/../lib/gcc/arm-none-eabi/10.3.1/thumb/v7e-m+fp/hard\libgcc.a(_udivmoddi4.o)
                0x08000768                __udivmoddi4
 .text          0x08000a38        0x4 d:/competition/robotcon/clion/gcc-arm-none-eabi-10.3-2021.10/bin/../lib/gcc/arm-none-eabi/10.3.1/thumb/v7e-m+fp/hard\libgcc.a(_dvmd_tls.o)
                0x08000a38                __aeabi_idiv0
                0x08000a38                __aeabi_ldiv0
 .text          0x08000a3c      0x134 d:/competition/robotcon/clion/gcc-arm-none-eabi-10.3-2021.10/bin/../lib/gcc/arm-none-eabi/10.3.1/../../../../arm-none-eabi/lib/thumb/v7e-m+fp/hard\libg.a(lib_a-memcpy.o)
                0x08000a3c                memcpy
 *(.text*)
 .text.float_to_uint
                0x08000b70       0x28 CMakeFiles/Frankenstein.elf.dir/Core/Application/CAN_receive_dm.c.obj
                0x08000b70                float_to_uint
 .text.uint_to_float
                0x08000b98       0x28 CMakeFiles/Frankenstein.elf.dir/Core/Application/CAN_receive_dm.c.obj
                0x08000b98                uint_to_float
 .text.get_moto_measure
                0x08000bc0       0x90 CMakeFiles/Frankenstein.elf.dir/Core/Application/CAN_receive_dm.c.obj
 .text.CAN_Filter_Init
                0x08000c50       0x88 CMakeFiles/Frankenstein.elf.dir/Core/Application/CAN_receive_dm.c.obj
                0x08000c50                CAN_Filter_Init
 .text.HAL_CAN_RxFifo0MsgPendingCallback
                0x08000cd8       0x40 CMakeFiles/Frankenstein.elf.dir/Core/Application/CAN_receive_dm.c.obj
                0x08000cd8                HAL_CAN_RxFifo0MsgPendingCallback
 .text.HAL_CAN_RxFifo1MsgPendingCallback
                0x08000d18       0x14 CMakeFiles/Frankenstein.elf.dir/Core/Application/CAN_receive_dm.c.obj
                0x08000d18                HAL_CAN_RxFifo1MsgPendingCallback
 .text.MIT_motor_CTRL
                0x08000d2c       0xe8 CMakeFiles/Frankenstein.elf.dir/Core/Application/CAN_receive_dm.c.obj
                0x08000d2c                MIT_motor_CTRL
 .text.get_motor_measure_point
                0x08000e14       0x14 CMakeFiles/Frankenstein.elf.dir/Core/Application/CAN_receive_dm.c.obj
                0x08000e14                get_motor_measure_point
 .text.start_motor
                0x08000e28       0x44 CMakeFiles/Frankenstein.elf.dir/Core/Application/CAN_receive_dm.c.obj
                0x08000e28                start_motor
 .text.UART4_Receive_Serve
                0x08000e6c       0x14 CMakeFiles/Frankenstein.elf.dir/Core/Application/UART_DMA.c.obj
 .text.UART5_Receive_Serve
                0x08000e80        0x8 CMakeFiles/Frankenstein.elf.dir/Core/Application/UART_DMA.c.obj
 .text.UART_DMA_Receive_init
                0x08000e88       0x12 CMakeFiles/Frankenstein.elf.dir/Core/Application/UART_DMA.c.obj
                0x08000e88                UART_DMA_Receive_init
 *fill*         0x08000e9a        0x2 
 .text.UART_DMA_Receive_IT
                0x08000e9c       0x74 CMakeFiles/Frankenstein.elf.dir/Core/Application/UART_DMA.c.obj
                0x08000e9c                UART_DMA_Receive_IT
 .text.HAL_UART_ErrorCallback
                0x08000f10       0x26 CMakeFiles/Frankenstein.elf.dir/Core/Application/UART_DMA.c.obj
                0x08000f10                HAL_UART_ErrorCallback
 *fill*         0x08000f36        0x2 
 .text.vmc_calc
                0x08000f38       0xec CMakeFiles/Frankenstein.elf.dir/Core/Application/VMC.c.obj
                0x08000f38                vmc_calc
 .text.d_phi0_calc
                0x08001024      0x29c CMakeFiles/Frankenstein.elf.dir/Core/Application/VMC.c.obj
                0x08001024                d_phi0_calc
 .text.dk_calc  0x080012c0      0x1e0 CMakeFiles/Frankenstein.elf.dir/Core/Application/VMC.c.obj
                0x080012c0                dk_calc
 .text.dk_feedback_update
                0x080014a0       0x68 CMakeFiles/Frankenstein.elf.dir/Core/Application/VMC.c.obj
                0x080014a0                dk_feedback_update
 .text.vmc_init
                0x08001508       0x98 CMakeFiles/Frankenstein.elf.dir/Core/Application/VMC.c.obj
                0x08001508                vmc_init
 .text.Kalman_Init
                0x080015a0       0x16 CMakeFiles/Frankenstein.elf.dir/Core/Application/kalman.c.obj
                0x080015a0                Kalman_Init
 .text.KalmanFilter
                0x080015b6       0x46 CMakeFiles/Frankenstein.elf.dir/Core/Application/kalman.c.obj
                0x080015b6                KalmanFilter
 .text.lqr_data_init
                0x080015fc       0x7c CMakeFiles/Frankenstein.elf.dir/Core/Application/lqr_wbr.c.obj
                0x080015fc                lqr_data_init
 .text.lqr_data_update
                0x08001678      0x110 CMakeFiles/Frankenstein.elf.dir/Core/Application/lqr_wbr.c.obj
                0x08001678                lqr_data_update
 .text.K_matrix_calc
                0x08001788      0x374 CMakeFiles/Frankenstein.elf.dir/Core/Application/lqr_wbr.c.obj
                0x08001788                K_matrix_calc
 .text.lqr_calc
                0x08001afc      0x228 CMakeFiles/Frankenstein.elf.dir/Core/Application/lqr_wbr.c.obj
                0x08001afc                lqr_calc
 .text.LqrControlTask
                0x08001d24       0x30 CMakeFiles/Frankenstein.elf.dir/Core/Application/lqr_wbr.c.obj
                0x08001d24                LqrControlTask
 .text.music_play
                0x08001d54       0x58 CMakeFiles/Frankenstein.elf.dir/Core/Application/music.c.obj
 .text.init_music
                0x08001dac       0xc4 CMakeFiles/Frankenstein.elf.dir/Core/Application/music.c.obj
                0x08001dac                init_music
 .text.PID_init
                0x08001e70       0x32 CMakeFiles/Frankenstein.elf.dir/Core/Application/pid.c.obj
                0x08001e70                PID_init
 *fill*         0x08001ea2        0x2 
 .text.PID_calc
                0x08001ea4      0x158 CMakeFiles/Frankenstein.elf.dir/Core/Application/pid.c.obj
                0x08001ea4                PID_calc
 .text.Vofa_Uart_Transmit
                0x08001ffc       0x3c CMakeFiles/Frankenstein.elf.dir/Core/Application/vofa.c.obj
                0x08001ffc                Vofa_Uart_Transmit
 .text.VofaOutputTask
                0x08002038       0xa4 CMakeFiles/Frankenstein.elf.dir/Core/Application/vofa.c.obj
                0x08002038                VofaOutputTask
 .text.Vofa_Slider_Handler
                0x080020dc       0x38 CMakeFiles/Frankenstein.elf.dir/Core/Application/vofa.c.obj
                0x080020dc                Vofa_Slider_Handler
 .text.Vofa_Key_Handler
                0x08002114       0x38 CMakeFiles/Frankenstein.elf.dir/Core/Application/vofa.c.obj
                0x08002114                Vofa_Key_Handler
 .text.Vofa_FRAME_Handler
                0x0800214c       0x44 CMakeFiles/Frankenstein.elf.dir/Core/Application/vofa.c.obj
                0x0800214c                Vofa_FRAME_Handler
 .text.Vofa_UART_Receive
                0x08002190       0x8c CMakeFiles/Frankenstein.elf.dir/Core/Application/vofa.c.obj
                0x08002190                Vofa_UART_Receive
 .text.Attitude_Init
                0x0800221c       0x48 CMakeFiles/Frankenstein.elf.dir/Core/Bsp_for_DM01/BMI088/Attitude.c.obj
                0x0800221c                Attitude_Init
 .text.Attitude_Calculate
                0x08002264       0xbc CMakeFiles/Frankenstein.elf.dir/Core/Bsp_for_DM01/BMI088/Attitude.c.obj
                0x08002264                Attitude_Calculate
 .text.Temperature_Init
                0x08002320       0x44 CMakeFiles/Frankenstein.elf.dir/Core/Bsp_for_DM01/BMI088/Attitude.c.obj
                0x08002320                Temperature_Init
 .text.Temperature_Control
                0x08002364       0x44 CMakeFiles/Frankenstein.elf.dir/Core/Bsp_for_DM01/BMI088/Attitude.c.obj
                0x08002364                Temperature_Control
 .text.get_imu_measure_point
                0x080023a8        0x8 CMakeFiles/Frankenstein.elf.dir/Core/Bsp_for_DM01/BMI088/Attitude.c.obj
                0x080023a8                get_imu_measure_point
 .text.StartImuTask
                0x080023b0      0x11c CMakeFiles/Frankenstein.elf.dir/Core/Bsp_for_DM01/BMI088/Attitude.c.obj
                0x080023b0                StartImuTask
 .text.BMI088_GPIO_init
                0x080024cc        0x2 CMakeFiles/Frankenstein.elf.dir/Core/Bsp_for_DM01/BMI088/BMI088Middleware.c.obj
                0x080024cc                BMI088_GPIO_init
 .text.BMI088_com_init
                0x080024ce        0x2 CMakeFiles/Frankenstein.elf.dir/Core/Bsp_for_DM01/BMI088/BMI088Middleware.c.obj
                0x080024ce                BMI088_com_init
 .text.BMI088_delay_us
                0x080024d0       0x3a CMakeFiles/Frankenstein.elf.dir/Core/Bsp_for_DM01/BMI088/BMI088Middleware.c.obj
                0x080024d0                BMI088_delay_us
 .text.BMI088_delay_ms
                0x0800250a       0x18 CMakeFiles/Frankenstein.elf.dir/Core/Bsp_for_DM01/BMI088/BMI088Middleware.c.obj
                0x0800250a                BMI088_delay_ms
 *fill*         0x08002522        0x2 
 .text.BMI088_ACCEL_NS_L
                0x08002524       0x14 CMakeFiles/Frankenstein.elf.dir/Core/Bsp_for_DM01/BMI088/BMI088Middleware.c.obj
                0x08002524                BMI088_ACCEL_NS_L
 .text.BMI088_ACCEL_NS_H
                0x08002538       0x14 CMakeFiles/Frankenstein.elf.dir/Core/Bsp_for_DM01/BMI088/BMI088Middleware.c.obj
                0x08002538                BMI088_ACCEL_NS_H
 .text.BMI088_GYRO_NS_L
                0x0800254c       0x14 CMakeFiles/Frankenstein.elf.dir/Core/Bsp_for_DM01/BMI088/BMI088Middleware.c.obj
                0x0800254c                BMI088_GYRO_NS_L
 .text.BMI088_GYRO_NS_H
                0x08002560       0x14 CMakeFiles/Frankenstein.elf.dir/Core/Bsp_for_DM01/BMI088/BMI088Middleware.c.obj
                0x08002560                BMI088_GYRO_NS_H
 .text.BMI088_read_write_byte
                0x08002574       0x2c CMakeFiles/Frankenstein.elf.dir/Core/Bsp_for_DM01/BMI088/BMI088Middleware.c.obj
                0x08002574                BMI088_read_write_byte
 .text.BMI088_write_single_reg
                0x080025a0       0x10 CMakeFiles/Frankenstein.elf.dir/Core/Bsp_for_DM01/BMI088/BMI088driver.c.obj
 .text.BMI088_read_single_reg
                0x080025b0       0x16 CMakeFiles/Frankenstein.elf.dir/Core/Bsp_for_DM01/BMI088/BMI088driver.c.obj
 .text.BMI088_read_muli_reg
                0x080025c6       0x24 CMakeFiles/Frankenstein.elf.dir/Core/Bsp_for_DM01/BMI088/BMI088driver.c.obj
 *fill*         0x080025ea        0x2 
 .text.bmi088_accel_init
                0x080025ec      0x10c CMakeFiles/Frankenstein.elf.dir/Core/Bsp_for_DM01/BMI088/BMI088driver.c.obj
                0x080025ec                bmi088_accel_init
 .text.bmi088_gyro_init
                0x080026f8       0xf0 CMakeFiles/Frankenstein.elf.dir/Core/Bsp_for_DM01/BMI088/BMI088driver.c.obj
                0x080026f8                bmi088_gyro_init
 .text.BMI088_init
                0x080027e8       0x1a CMakeFiles/Frankenstein.elf.dir/Core/Bsp_for_DM01/BMI088/BMI088driver.c.obj
                0x080027e8                BMI088_init
 *fill*         0x08002802        0x2 
 .text.BMI088_read
                0x08002804      0x17c CMakeFiles/Frankenstein.elf.dir/Core/Bsp_for_DM01/BMI088/BMI088driver.c.obj
                0x08002804                BMI088_read
 .text.Mahony_Init
                0x08002980       0x64 CMakeFiles/Frankenstein.elf.dir/Core/Bsp_for_DM01/BMI088/MahonyAHRS.c.obj
                0x08002980                Mahony_Init
 .text.Mahony_invSqrt
                0x080029e4       0x40 CMakeFiles/Frankenstein.elf.dir/Core/Bsp_for_DM01/BMI088/MahonyAHRS.c.obj
                0x080029e4                Mahony_invSqrt
 .text.MahonyAHRSinit
                0x08002a24      0x1e8 CMakeFiles/Frankenstein.elf.dir/Core/Bsp_for_DM01/BMI088/MahonyAHRS.c.obj
                0x08002a24                MahonyAHRSinit
 .text.MahonyAHRSupdateIMU
                0x08002c0c      0x258 CMakeFiles/Frankenstein.elf.dir/Core/Bsp_for_DM01/BMI088/MahonyAHRS.c.obj
                0x08002c0c                MahonyAHRSupdateIMU
 .text.Mahony_update
                0x08002e64      0x3c4 CMakeFiles/Frankenstein.elf.dir/Core/Bsp_for_DM01/BMI088/MahonyAHRS.c.obj
                0x08002e64                Mahony_update
 .text.Mahony_computeAngles
                0x08003228       0xd8 CMakeFiles/Frankenstein.elf.dir/Core/Bsp_for_DM01/BMI088/MahonyAHRS.c.obj
                0x08003228                Mahony_computeAngles
 .text.getRoll  0x08003300       0x2c CMakeFiles/Frankenstein.elf.dir/Core/Bsp_for_DM01/BMI088/MahonyAHRS.c.obj
                0x08003300                getRoll
 .text.getPitch
                0x0800332c       0x2c CMakeFiles/Frankenstein.elf.dir/Core/Bsp_for_DM01/BMI088/MahonyAHRS.c.obj
                0x0800332c                getPitch
 .text.getYaw   0x08003358       0x2c CMakeFiles/Frankenstein.elf.dir/Core/Bsp_for_DM01/BMI088/MahonyAHRS.c.obj
                0x08003358                getYaw
 .text.delay_init
                0x08003384       0x34 CMakeFiles/Frankenstein.elf.dir/Core/Bsp_for_DM01/bsp_delay.c.obj
                0x08003384                delay_init
 .text.delay_us
                0x080033b8       0x40 CMakeFiles/Frankenstein.elf.dir/Core/Bsp_for_DM01/bsp_delay.c.obj
                0x080033b8                delay_us
 .text.MX_CAN1_Init
                0x080033f8       0x40 CMakeFiles/Frankenstein.elf.dir/Core/Src/can.c.obj
                0x080033f8                MX_CAN1_Init
 .text.MX_CAN2_Init
                0x08003438       0x40 CMakeFiles/Frankenstein.elf.dir/Core/Src/can.c.obj
                0x08003438                MX_CAN2_Init
 .text.HAL_CAN_MspInit
                0x08003478      0x124 CMakeFiles/Frankenstein.elf.dir/Core/Src/can.c.obj
                0x08003478                HAL_CAN_MspInit
 .text.MX_DMA_Init
                0x0800359c       0x74 CMakeFiles/Frankenstein.elf.dir/Core/Src/dma.c.obj
                0x0800359c                MX_DMA_Init
 .text.StartDefaultTask
                0x08003610        0xa CMakeFiles/Frankenstein.elf.dir/Core/Src/freertos.c.obj
                0x08003610                StartDefaultTask
 *fill*         0x0800361a        0x2 
 .text.InitBoardTask
                0x0800361c      0x1b0 CMakeFiles/Frankenstein.elf.dir/Core/Src/freertos.c.obj
                0x0800361c                InitBoardTask
 .text.vApplicationGetIdleTaskMemory
                0x080037cc       0x18 CMakeFiles/Frankenstein.elf.dir/Core/Src/freertos.c.obj
                0x080037cc                vApplicationGetIdleTaskMemory
 .text.MX_FREERTOS_Init
                0x080037e4       0xd4 CMakeFiles/Frankenstein.elf.dir/Core/Src/freertos.c.obj
                0x080037e4                MX_FREERTOS_Init
 .text.MX_GPIO_Init
                0x080038b8       0xf8 CMakeFiles/Frankenstein.elf.dir/Core/Src/gpio.c.obj
                0x080038b8                MX_GPIO_Init
 .text.HAL_TIM_PeriodElapsedCallback
                0x080039b0       0x18 CMakeFiles/Frankenstein.elf.dir/Core/Src/main.c.obj
                0x080039b0                HAL_TIM_PeriodElapsedCallback
 .text.Error_Handler
                0x080039c8        0x4 CMakeFiles/Frankenstein.elf.dir/Core/Src/main.c.obj
                0x080039c8                Error_Handler
 .text.SystemClock_Config
                0x080039cc       0xac CMakeFiles/Frankenstein.elf.dir/Core/Src/main.c.obj
                0x080039cc                SystemClock_Config
 .text.main     0x08003a78       0x38 CMakeFiles/Frankenstein.elf.dir/Core/Src/main.c.obj
                0x08003a78                main
 .text.MX_SPI2_Init
                0x08003ab0       0x48 CMakeFiles/Frankenstein.elf.dir/Core/Src/spi.c.obj
                0x08003ab0                MX_SPI2_Init
 .text.HAL_SPI_MspInit
                0x08003af8       0xe8 CMakeFiles/Frankenstein.elf.dir/Core/Src/spi.c.obj
                0x08003af8                HAL_SPI_MspInit
 .text.HAL_MspInit
                0x08003be0       0x44 CMakeFiles/Frankenstein.elf.dir/Core/Src/stm32f4xx_hal_msp.c.obj
                0x08003be0                HAL_MspInit
 .text.HAL_InitTick
                0x08003c24       0x98 CMakeFiles/Frankenstein.elf.dir/Core/Src/stm32f4xx_hal_timebase_tim.c.obj
                0x08003c24                HAL_InitTick
 .text.NMI_Handler
                0x08003cbc        0x2 CMakeFiles/Frankenstein.elf.dir/Core/Src/stm32f4xx_it.c.obj
                0x08003cbc                NMI_Handler
 .text.HardFault_Handler
                0x08003cbe        0x2 CMakeFiles/Frankenstein.elf.dir/Core/Src/stm32f4xx_it.c.obj
                0x08003cbe                HardFault_Handler
 .text.MemManage_Handler
                0x08003cc0        0x2 CMakeFiles/Frankenstein.elf.dir/Core/Src/stm32f4xx_it.c.obj
                0x08003cc0                MemManage_Handler
 .text.BusFault_Handler
                0x08003cc2        0x2 CMakeFiles/Frankenstein.elf.dir/Core/Src/stm32f4xx_it.c.obj
                0x08003cc2                BusFault_Handler
 .text.UsageFault_Handler
                0x08003cc4        0x2 CMakeFiles/Frankenstein.elf.dir/Core/Src/stm32f4xx_it.c.obj
                0x08003cc4                UsageFault_Handler
 .text.DebugMon_Handler
                0x08003cc6        0x2 CMakeFiles/Frankenstein.elf.dir/Core/Src/stm32f4xx_it.c.obj
                0x08003cc6                DebugMon_Handler
 .text.EXTI2_IRQHandler
                0x08003cc8        0xa CMakeFiles/Frankenstein.elf.dir/Core/Src/stm32f4xx_it.c.obj
                0x08003cc8                EXTI2_IRQHandler
 .text.EXTI3_IRQHandler
                0x08003cd2        0xa CMakeFiles/Frankenstein.elf.dir/Core/Src/stm32f4xx_it.c.obj
                0x08003cd2                EXTI3_IRQHandler
 .text.DMA1_Stream0_IRQHandler
                0x08003cdc       0x10 CMakeFiles/Frankenstein.elf.dir/Core/Src/stm32f4xx_it.c.obj
                0x08003cdc                DMA1_Stream0_IRQHandler
 .text.DMA1_Stream2_IRQHandler
                0x08003cec       0x10 CMakeFiles/Frankenstein.elf.dir/Core/Src/stm32f4xx_it.c.obj
                0x08003cec                DMA1_Stream2_IRQHandler
 .text.DMA1_Stream3_IRQHandler
                0x08003cfc       0x10 CMakeFiles/Frankenstein.elf.dir/Core/Src/stm32f4xx_it.c.obj
                0x08003cfc                DMA1_Stream3_IRQHandler
 .text.DMA1_Stream4_IRQHandler
                0x08003d0c       0x10 CMakeFiles/Frankenstein.elf.dir/Core/Src/stm32f4xx_it.c.obj
                0x08003d0c                DMA1_Stream4_IRQHandler
 .text.CAN1_RX0_IRQHandler
                0x08003d1c       0x10 CMakeFiles/Frankenstein.elf.dir/Core/Src/stm32f4xx_it.c.obj
                0x08003d1c                CAN1_RX0_IRQHandler
 .text.TIM1_UP_TIM10_IRQHandler
                0x08003d2c       0x10 CMakeFiles/Frankenstein.elf.dir/Core/Src/stm32f4xx_it.c.obj
                0x08003d2c                TIM1_UP_TIM10_IRQHandler
 .text.DMA1_Stream7_IRQHandler
                0x08003d3c       0x10 CMakeFiles/Frankenstein.elf.dir/Core/Src/stm32f4xx_it.c.obj
                0x08003d3c                DMA1_Stream7_IRQHandler
 .text.UART4_IRQHandler
                0x08003d4c       0x10 CMakeFiles/Frankenstein.elf.dir/Core/Src/stm32f4xx_it.c.obj
                0x08003d4c                UART4_IRQHandler
 .text.UART5_IRQHandler
                0x08003d5c       0x24 CMakeFiles/Frankenstein.elf.dir/Core/Src/stm32f4xx_it.c.obj
                0x08003d5c                UART5_IRQHandler
 .text.CAN2_RX1_IRQHandler
                0x08003d80       0x10 CMakeFiles/Frankenstein.elf.dir/Core/Src/stm32f4xx_it.c.obj
                0x08003d80                CAN2_RX1_IRQHandler
 .text._sbrk    0x08003d90       0x48 CMakeFiles/Frankenstein.elf.dir/Core/Src/sysmem.c.obj
                0x08003d90                _sbrk
 .text.SystemInit
                0x08003dd8       0x14 CMakeFiles/Frankenstein.elf.dir/Core/Src/system_stm32f4xx.c.obj
                0x08003dd8                SystemInit
 .text.HAL_TIM_PWM_MspInit
                0x08003dec       0x50 CMakeFiles/Frankenstein.elf.dir/Core/Src/tim.c.obj
                0x08003dec                HAL_TIM_PWM_MspInit
 .text.HAL_TIM_MspPostInit
                0x08003e3c       0x8c CMakeFiles/Frankenstein.elf.dir/Core/Src/tim.c.obj
                0x08003e3c                HAL_TIM_MspPostInit
 .text.MX_TIM2_Init
                0x08003ec8       0x7c CMakeFiles/Frankenstein.elf.dir/Core/Src/tim.c.obj
                0x08003ec8                MX_TIM2_Init
 .text.MX_TIM3_Init
                0x08003f44       0x84 CMakeFiles/Frankenstein.elf.dir/Core/Src/tim.c.obj
                0x08003f44                MX_TIM3_Init
 .text.MX_UART4_Init
                0x08003fc8       0x34 CMakeFiles/Frankenstein.elf.dir/Core/Src/usart.c.obj
                0x08003fc8                MX_UART4_Init
 .text.MX_UART5_Init
                0x08003ffc       0x34 CMakeFiles/Frankenstein.elf.dir/Core/Src/usart.c.obj
                0x08003ffc                MX_UART5_Init
 .text.HAL_UART_MspInit
                0x08004030      0x1d4 CMakeFiles/Frankenstein.elf.dir/Core/Src/usart.c.obj
                0x08004030                HAL_UART_MspInit
 .text.Reset_Handler
                0x08004204       0x50 CMakeFiles/Frankenstein.elf.dir/Core/Startup/startup_stm32f446rctx.s.obj
                0x08004204                Reset_Handler
 .text.Default_Handler
                0x08004254        0x2 CMakeFiles/Frankenstein.elf.dir/Core/Startup/startup_stm32f446rctx.s.obj
                0x08004254                RTC_Alarm_IRQHandler
                0x08004254                TIM8_CC_IRQHandler
                0x08004254                FMPI2C1_EV_IRQHandler
                0x08004254                SPI4_IRQHandler
                0x08004254                TIM1_CC_IRQHandler
                0x08004254                DMA2_Stream5_IRQHandler
                0x08004254                DMA1_Stream5_IRQHandler
                0x08004254                PVD_IRQHandler
                0x08004254                SDIO_IRQHandler
                0x08004254                TAMP_STAMP_IRQHandler
                0x08004254                TIM8_TRG_COM_TIM14_IRQHandler
                0x08004254                TIM8_UP_TIM13_IRQHandler
                0x08004254                I2C3_ER_IRQHandler
                0x08004254                EXTI0_IRQHandler
                0x08004254                I2C2_EV_IRQHandler
                0x08004254                FPU_IRQHandler
                0x08004254                OTG_HS_WKUP_IRQHandler
                0x08004254                CAN2_SCE_IRQHandler
                0x08004254                DMA2_Stream2_IRQHandler
                0x08004254                SPI1_IRQHandler
                0x08004254                TIM6_DAC_IRQHandler
                0x08004254                TIM1_BRK_TIM9_IRQHandler
                0x08004254                DCMI_IRQHandler
                0x08004254                CAN2_RX0_IRQHandler
                0x08004254                DMA2_Stream3_IRQHandler
                0x08004254                SAI2_IRQHandler
                0x08004254                USART6_IRQHandler
                0x08004254                USART3_IRQHandler
                0x08004254                CAN1_RX1_IRQHandler
                0x08004254                DMA2_Stream0_IRQHandler
                0x08004254                TIM4_IRQHandler
                0x08004254                QUADSPI_IRQHandler
                0x08004254                I2C1_EV_IRQHandler
                0x08004254                DMA1_Stream6_IRQHandler
                0x08004254                DMA1_Stream1_IRQHandler
                0x08004254                TIM3_IRQHandler
                0x08004254                RCC_IRQHandler
                0x08004254                TIM8_BRK_TIM12_IRQHandler
                0x08004254                Default_Handler
                0x08004254                CEC_IRQHandler
                0x08004254                EXTI15_10_IRQHandler
                0x08004254                ADC_IRQHandler
                0x08004254                TIM7_IRQHandler
                0x08004254                CAN2_TX_IRQHandler
                0x08004254                TIM5_IRQHandler
                0x08004254                DMA2_Stream7_IRQHandler
                0x08004254                I2C3_EV_IRQHandler
                0x08004254                EXTI9_5_IRQHandler
                0x08004254                RTC_WKUP_IRQHandler
                0x08004254                SPDIF_RX_IRQHandler
                0x08004254                SPI2_IRQHandler
                0x08004254                OTG_HS_EP1_IN_IRQHandler
                0x08004254                CAN1_TX_IRQHandler
                0x08004254                FMPI2C1_ER_IRQHandler
                0x08004254                EXTI4_IRQHandler
                0x08004254                OTG_HS_EP1_OUT_IRQHandler
                0x08004254                WWDG_IRQHandler
                0x08004254                TIM2_IRQHandler
                0x08004254                OTG_FS_WKUP_IRQHandler
                0x08004254                TIM1_TRG_COM_TIM11_IRQHandler
                0x08004254                OTG_HS_IRQHandler
                0x08004254                EXTI1_IRQHandler
                0x08004254                USART2_IRQHandler
                0x08004254                I2C2_ER_IRQHandler
                0x08004254                DMA2_Stream1_IRQHandler
                0x08004254                CAN1_SCE_IRQHandler
                0x08004254                FLASH_IRQHandler
                0x08004254                DMA2_Stream4_IRQHandler
                0x08004254                USART1_IRQHandler
                0x08004254                OTG_FS_IRQHandler
                0x08004254                SPI3_IRQHandler
                0x08004254                I2C1_ER_IRQHandler
                0x08004254                FMC_IRQHandler
                0x08004254                DMA2_Stream6_IRQHandler
                0x08004254                SAI1_IRQHandler
 *fill*         0x08004256        0x2 
 .text.HAL_Init
                0x08004258       0x34 CMakeFiles/Frankenstein.elf.dir/Drivers/STM32F4xx_HAL_Driver/Src/stm32f4xx_hal.c.obj
                0x08004258                HAL_Init
 .text.HAL_IncTick
                0x0800428c       0x18 CMakeFiles/Frankenstein.elf.dir/Drivers/STM32F4xx_HAL_Driver/Src/stm32f4xx_hal.c.obj
                0x0800428c                HAL_IncTick
 .text.HAL_GetTick
                0x080042a4        0xc CMakeFiles/Frankenstein.elf.dir/Drivers/STM32F4xx_HAL_Driver/Src/stm32f4xx_hal.c.obj
                0x080042a4                HAL_GetTick
 .text.HAL_Delay
                0x080042b0       0x28 CMakeFiles/Frankenstein.elf.dir/Drivers/STM32F4xx_HAL_Driver/Src/stm32f4xx_hal.c.obj
                0x080042b0                HAL_Delay
 .text.HAL_CAN_Init
                0x080042d8      0x14c CMakeFiles/Frankenstein.elf.dir/Drivers/STM32F4xx_HAL_Driver/Src/stm32f4xx_hal_can.c.obj
                0x080042d8                HAL_CAN_Init
 .text.HAL_CAN_ConfigFilter
                0x08004424      0x138 CMakeFiles/Frankenstein.elf.dir/Drivers/STM32F4xx_HAL_Driver/Src/stm32f4xx_hal_can.c.obj
                0x08004424                HAL_CAN_ConfigFilter
 .text.HAL_CAN_Start
                0x0800455c       0x5c CMakeFiles/Frankenstein.elf.dir/Drivers/STM32F4xx_HAL_Driver/Src/stm32f4xx_hal_can.c.obj
                0x0800455c                HAL_CAN_Start
 .text.HAL_CAN_AddTxMessage
                0x080045b8       0xea CMakeFiles/Frankenstein.elf.dir/Drivers/STM32F4xx_HAL_Driver/Src/stm32f4xx_hal_can.c.obj
                0x080045b8                HAL_CAN_AddTxMessage
 .text.HAL_CAN_GetRxMessage
                0x080046a2      0x16a CMakeFiles/Frankenstein.elf.dir/Drivers/STM32F4xx_HAL_Driver/Src/stm32f4xx_hal_can.c.obj
                0x080046a2                HAL_CAN_GetRxMessage
 .text.HAL_CAN_ActivateNotification
                0x0800480c       0x24 CMakeFiles/Frankenstein.elf.dir/Drivers/STM32F4xx_HAL_Driver/Src/stm32f4xx_hal_can.c.obj
                0x0800480c                HAL_CAN_ActivateNotification
 .text.HAL_CAN_TxMailbox0CompleteCallback
                0x08004830        0x2 CMakeFiles/Frankenstein.elf.dir/Drivers/STM32F4xx_HAL_Driver/Src/stm32f4xx_hal_can.c.obj
                0x08004830                HAL_CAN_TxMailbox0CompleteCallback
 .text.HAL_CAN_TxMailbox1CompleteCallback
                0x08004832        0x2 CMakeFiles/Frankenstein.elf.dir/Drivers/STM32F4xx_HAL_Driver/Src/stm32f4xx_hal_can.c.obj
                0x08004832                HAL_CAN_TxMailbox1CompleteCallback
 .text.HAL_CAN_TxMailbox2CompleteCallback
                0x08004834        0x2 CMakeFiles/Frankenstein.elf.dir/Drivers/STM32F4xx_HAL_Driver/Src/stm32f4xx_hal_can.c.obj
                0x08004834                HAL_CAN_TxMailbox2CompleteCallback
 .text.HAL_CAN_TxMailbox0AbortCallback
                0x08004836        0x2 CMakeFiles/Frankenstein.elf.dir/Drivers/STM32F4xx_HAL_Driver/Src/stm32f4xx_hal_can.c.obj
                0x08004836                HAL_CAN_TxMailbox0AbortCallback
 .text.HAL_CAN_TxMailbox1AbortCallback
                0x08004838        0x2 CMakeFiles/Frankenstein.elf.dir/Drivers/STM32F4xx_HAL_Driver/Src/stm32f4xx_hal_can.c.obj
                0x08004838                HAL_CAN_TxMailbox1AbortCallback
 .text.HAL_CAN_TxMailbox2AbortCallback
                0x0800483a        0x2 CMakeFiles/Frankenstein.elf.dir/Drivers/STM32F4xx_HAL_Driver/Src/stm32f4xx_hal_can.c.obj
                0x0800483a                HAL_CAN_TxMailbox2AbortCallback
 .text.HAL_CAN_RxFifo0FullCallback
                0x0800483c        0x2 CMakeFiles/Frankenstein.elf.dir/Drivers/STM32F4xx_HAL_Driver/Src/stm32f4xx_hal_can.c.obj
                0x0800483c                HAL_CAN_RxFifo0FullCallback
 .text.HAL_CAN_RxFifo1FullCallback
                0x0800483e        0x2 CMakeFiles/Frankenstein.elf.dir/Drivers/STM32F4xx_HAL_Driver/Src/stm32f4xx_hal_can.c.obj
                0x0800483e                HAL_CAN_RxFifo1FullCallback
 .text.HAL_CAN_SleepCallback
                0x08004840        0x2 CMakeFiles/Frankenstein.elf.dir/Drivers/STM32F4xx_HAL_Driver/Src/stm32f4xx_hal_can.c.obj
                0x08004840                HAL_CAN_SleepCallback
 .text.HAL_CAN_WakeUpFromRxMsgCallback
                0x08004842        0x2 CMakeFiles/Frankenstein.elf.dir/Drivers/STM32F4xx_HAL_Driver/Src/stm32f4xx_hal_can.c.obj
                0x08004842                HAL_CAN_WakeUpFromRxMsgCallback
 .text.HAL_CAN_ErrorCallback
                0x08004844        0x2 CMakeFiles/Frankenstein.elf.dir/Drivers/STM32F4xx_HAL_Driver/Src/stm32f4xx_hal_can.c.obj
                0x08004844                HAL_CAN_ErrorCallback
 .text.HAL_CAN_IRQHandler
                0x08004846      0x24a CMakeFiles/Frankenstein.elf.dir/Drivers/STM32F4xx_HAL_Driver/Src/stm32f4xx_hal_can.c.obj
                0x08004846                HAL_CAN_IRQHandler
 .text.HAL_NVIC_SetPriorityGrouping
                0x08004a90       0x24 CMakeFiles/Frankenstein.elf.dir/Drivers/STM32F4xx_HAL_Driver/Src/stm32f4xx_hal_cortex.c.obj
                0x08004a90                HAL_NVIC_SetPriorityGrouping
 .text.HAL_NVIC_SetPriority
                0x08004ab4       0x70 CMakeFiles/Frankenstein.elf.dir/Drivers/STM32F4xx_HAL_Driver/Src/stm32f4xx_hal_cortex.c.obj
                0x08004ab4                HAL_NVIC_SetPriority
 .text.HAL_NVIC_EnableIRQ
                0x08004b24       0x1c CMakeFiles/Frankenstein.elf.dir/Drivers/STM32F4xx_HAL_Driver/Src/stm32f4xx_hal_cortex.c.obj
                0x08004b24                HAL_NVIC_EnableIRQ
 .text.DMA_SetConfig
                0x08004b40       0x2c CMakeFiles/Frankenstein.elf.dir/Drivers/STM32F4xx_HAL_Driver/Src/stm32f4xx_hal_dma.c.obj
 .text.DMA_CalcBaseAndBitshift
                0x08004b6c       0x44 CMakeFiles/Frankenstein.elf.dir/Drivers/STM32F4xx_HAL_Driver/Src/stm32f4xx_hal_dma.c.obj
 .text.DMA_CheckFifoParam
                0x08004bb0       0x8e CMakeFiles/Frankenstein.elf.dir/Drivers/STM32F4xx_HAL_Driver/Src/stm32f4xx_hal_dma.c.obj
 *fill*         0x08004c3e        0x2 
 .text.HAL_DMA_Init
                0x08004c40       0xcc CMakeFiles/Frankenstein.elf.dir/Drivers/STM32F4xx_HAL_Driver/Src/stm32f4xx_hal_dma.c.obj
                0x08004c40                HAL_DMA_Init
 .text.HAL_DMA_Start_IT
                0x08004d0c       0x6a CMakeFiles/Frankenstein.elf.dir/Drivers/STM32F4xx_HAL_Driver/Src/stm32f4xx_hal_dma.c.obj
                0x08004d0c                HAL_DMA_Start_IT
 .text.HAL_DMA_Abort
                0x08004d76       0x94 CMakeFiles/Frankenstein.elf.dir/Drivers/STM32F4xx_HAL_Driver/Src/stm32f4xx_hal_dma.c.obj
                0x08004d76                HAL_DMA_Abort
 .text.HAL_DMA_Abort_IT
                0x08004e0a       0x26 CMakeFiles/Frankenstein.elf.dir/Drivers/STM32F4xx_HAL_Driver/Src/stm32f4xx_hal_dma.c.obj
                0x08004e0a                HAL_DMA_Abort_IT
 .text.HAL_DMA_IRQHandler
                0x08004e30      0x1dc CMakeFiles/Frankenstein.elf.dir/Drivers/STM32F4xx_HAL_Driver/Src/stm32f4xx_hal_dma.c.obj
                0x08004e30                HAL_DMA_IRQHandler
 .text.HAL_GPIO_Init
                0x0800500c      0x1d8 CMakeFiles/Frankenstein.elf.dir/Drivers/STM32F4xx_HAL_Driver/Src/stm32f4xx_hal_gpio.c.obj
                0x0800500c                HAL_GPIO_Init
 .text.HAL_GPIO_WritePin
                0x080051e4        0xc CMakeFiles/Frankenstein.elf.dir/Drivers/STM32F4xx_HAL_Driver/Src/stm32f4xx_hal_gpio.c.obj
                0x080051e4                HAL_GPIO_WritePin
 .text.HAL_GPIO_EXTI_Callback
                0x080051f0        0x2 CMakeFiles/Frankenstein.elf.dir/Drivers/STM32F4xx_HAL_Driver/Src/stm32f4xx_hal_gpio.c.obj
                0x080051f0                HAL_GPIO_EXTI_Callback
 *fill*         0x080051f2        0x2 
 .text.HAL_GPIO_EXTI_IRQHandler
                0x080051f4       0x1c CMakeFiles/Frankenstein.elf.dir/Drivers/STM32F4xx_HAL_Driver/Src/stm32f4xx_hal_gpio.c.obj
                0x080051f4                HAL_GPIO_EXTI_IRQHandler
 .text.HAL_RCC_ClockConfig
                0x08005210      0x160 CMakeFiles/Frankenstein.elf.dir/Drivers/STM32F4xx_HAL_Driver/Src/stm32f4xx_hal_rcc.c.obj
                0x08005210                HAL_RCC_ClockConfig
 .text.HAL_RCC_GetHCLKFreq
                0x08005370        0xc CMakeFiles/Frankenstein.elf.dir/Drivers/STM32F4xx_HAL_Driver/Src/stm32f4xx_hal_rcc.c.obj
                0x08005370                HAL_RCC_GetHCLKFreq
 .text.HAL_RCC_GetPCLK1Freq
                0x0800537c       0x20 CMakeFiles/Frankenstein.elf.dir/Drivers/STM32F4xx_HAL_Driver/Src/stm32f4xx_hal_rcc.c.obj
                0x0800537c                HAL_RCC_GetPCLK1Freq
 .text.HAL_RCC_GetPCLK2Freq
                0x0800539c       0x20 CMakeFiles/Frankenstein.elf.dir/Drivers/STM32F4xx_HAL_Driver/Src/stm32f4xx_hal_rcc.c.obj
                0x0800539c                HAL_RCC_GetPCLK2Freq
 .text.HAL_RCC_GetClockConfig
                0x080053bc       0x3c CMakeFiles/Frankenstein.elf.dir/Drivers/STM32F4xx_HAL_Driver/Src/stm32f4xx_hal_rcc.c.obj
                0x080053bc                HAL_RCC_GetClockConfig
 .text.HAL_RCC_GetSysClockFreq
                0x080053f8      0x120 CMakeFiles/Frankenstein.elf.dir/Drivers/STM32F4xx_HAL_Driver/Src/stm32f4xx_hal_rcc_ex.c.obj
                0x080053f8                HAL_RCC_GetSysClockFreq
 .text.HAL_RCC_OscConfig
                0x08005518      0x444 CMakeFiles/Frankenstein.elf.dir/Drivers/STM32F4xx_HAL_Driver/Src/stm32f4xx_hal_rcc_ex.c.obj
                0x08005518                HAL_RCC_OscConfig
 .text.SPI_WaitFlagStateUntilTimeout
                0x0800595c       0xd4 CMakeFiles/Frankenstein.elf.dir/Drivers/STM32F4xx_HAL_Driver/Src/stm32f4xx_hal_spi.c.obj
 .text.SPI_EndRxTxTransaction
                0x08005a30       0x80 CMakeFiles/Frankenstein.elf.dir/Drivers/STM32F4xx_HAL_Driver/Src/stm32f4xx_hal_spi.c.obj
 .text.HAL_SPI_Init
                0x08005ab0       0xbe CMakeFiles/Frankenstein.elf.dir/Drivers/STM32F4xx_HAL_Driver/Src/stm32f4xx_hal_spi.c.obj
                0x08005ab0                HAL_SPI_Init
 .text.HAL_SPI_TransmitReceive
                0x08005b6e      0x244 CMakeFiles/Frankenstein.elf.dir/Drivers/STM32F4xx_HAL_Driver/Src/stm32f4xx_hal_spi.c.obj
                0x08005b6e                HAL_SPI_TransmitReceive
 *fill*         0x08005db2        0x2 
 .text.TIM_OC1_SetConfig
                0x08005db4       0x68 CMakeFiles/Frankenstein.elf.dir/Drivers/STM32F4xx_HAL_Driver/Src/stm32f4xx_hal_tim.c.obj
 .text.TIM_OC3_SetConfig
                0x08005e1c       0x70 CMakeFiles/Frankenstein.elf.dir/Drivers/STM32F4xx_HAL_Driver/Src/stm32f4xx_hal_tim.c.obj
 .text.TIM_OC4_SetConfig
                0x08005e8c       0x50 CMakeFiles/Frankenstein.elf.dir/Drivers/STM32F4xx_HAL_Driver/Src/stm32f4xx_hal_tim.c.obj
 .text.HAL_TIM_Base_MspInit
                0x08005edc        0x2 CMakeFiles/Frankenstein.elf.dir/Drivers/STM32F4xx_HAL_Driver/Src/stm32f4xx_hal_tim.c.obj
                0x08005edc                HAL_TIM_Base_MspInit
 *fill*         0x08005ede        0x2 
 .text.HAL_TIM_Base_Start_IT
                0x08005ee0       0x88 CMakeFiles/Frankenstein.elf.dir/Drivers/STM32F4xx_HAL_Driver/Src/stm32f4xx_hal_tim.c.obj
                0x08005ee0                HAL_TIM_Base_Start_IT
 .text.HAL_TIM_OC_DelayElapsedCallback
                0x08005f68        0x2 CMakeFiles/Frankenstein.elf.dir/Drivers/STM32F4xx_HAL_Driver/Src/stm32f4xx_hal_tim.c.obj
                0x08005f68                HAL_TIM_OC_DelayElapsedCallback
 .text.HAL_TIM_IC_CaptureCallback
                0x08005f6a        0x2 CMakeFiles/Frankenstein.elf.dir/Drivers/STM32F4xx_HAL_Driver/Src/stm32f4xx_hal_tim.c.obj
                0x08005f6a                HAL_TIM_IC_CaptureCallback
 .text.HAL_TIM_PWM_PulseFinishedCallback
                0x08005f6c        0x2 CMakeFiles/Frankenstein.elf.dir/Drivers/STM32F4xx_HAL_Driver/Src/stm32f4xx_hal_tim.c.obj
                0x08005f6c                HAL_TIM_PWM_PulseFinishedCallback
 .text.HAL_TIM_TriggerCallback
                0x08005f6e        0x2 CMakeFiles/Frankenstein.elf.dir/Drivers/STM32F4xx_HAL_Driver/Src/stm32f4xx_hal_tim.c.obj
                0x08005f6e                HAL_TIM_TriggerCallback
 .text.HAL_TIM_IRQHandler
                0x08005f70      0x15e CMakeFiles/Frankenstein.elf.dir/Drivers/STM32F4xx_HAL_Driver/Src/stm32f4xx_hal_tim.c.obj
                0x08005f70                HAL_TIM_IRQHandler
 *fill*         0x080060ce        0x2 
 .text.TIM_Base_SetConfig
                0x080060d0       0xd8 CMakeFiles/Frankenstein.elf.dir/Drivers/STM32F4xx_HAL_Driver/Src/stm32f4xx_hal_tim.c.obj
                0x080060d0                TIM_Base_SetConfig
 .text.HAL_TIM_Base_Init
                0x080061a8       0x58 CMakeFiles/Frankenstein.elf.dir/Drivers/STM32F4xx_HAL_Driver/Src/stm32f4xx_hal_tim.c.obj
                0x080061a8                HAL_TIM_Base_Init
 .text.HAL_TIM_PWM_Init
                0x08006200       0x58 CMakeFiles/Frankenstein.elf.dir/Drivers/STM32F4xx_HAL_Driver/Src/stm32f4xx_hal_tim.c.obj
                0x08006200                HAL_TIM_PWM_Init
 .text.TIM_OC2_SetConfig
                0x08006258       0x70 CMakeFiles/Frankenstein.elf.dir/Drivers/STM32F4xx_HAL_Driver/Src/stm32f4xx_hal_tim.c.obj
                0x08006258                TIM_OC2_SetConfig
 .text.HAL_TIM_PWM_ConfigChannel
                0x080062c8       0xdc CMakeFiles/Frankenstein.elf.dir/Drivers/STM32F4xx_HAL_Driver/Src/stm32f4xx_hal_tim.c.obj
                0x080062c8                HAL_TIM_PWM_ConfigChannel
 .text.TIM_CCxChannelCmd
                0x080063a4       0x1e CMakeFiles/Frankenstein.elf.dir/Drivers/STM32F4xx_HAL_Driver/Src/stm32f4xx_hal_tim.c.obj
                0x080063a4                TIM_CCxChannelCmd
 *fill*         0x080063c2        0x2 
 .text.HAL_TIM_PWM_Start
                0x080063c4      0x104 CMakeFiles/Frankenstein.elf.dir/Drivers/STM32F4xx_HAL_Driver/Src/stm32f4xx_hal_tim.c.obj
                0x080063c4                HAL_TIM_PWM_Start
 .text.HAL_TIMEx_MasterConfigSynchronization
                0x080064c8       0x8c CMakeFiles/Frankenstein.elf.dir/Drivers/STM32F4xx_HAL_Driver/Src/stm32f4xx_hal_tim_ex.c.obj
                0x080064c8                HAL_TIMEx_MasterConfigSynchronization
 .text.HAL_TIMEx_CommutCallback
                0x08006554        0x2 CMakeFiles/Frankenstein.elf.dir/Drivers/STM32F4xx_HAL_Driver/Src/stm32f4xx_hal_tim_ex.c.obj
                0x08006554                HAL_TIMEx_CommutCallback
 .text.HAL_TIMEx_BreakCallback
                0x08006556        0x2 CMakeFiles/Frankenstein.elf.dir/Drivers/STM32F4xx_HAL_Driver/Src/stm32f4xx_hal_tim_ex.c.obj
                0x08006556                HAL_TIMEx_BreakCallback
 .text.UART_EndTxTransfer
                0x08006558       0x20 CMakeFiles/Frankenstein.elf.dir/Drivers/STM32F4xx_HAL_Driver/Src/stm32f4xx_hal_uart.c.obj
 .text.UART_EndRxTransfer
                0x08006578       0x5c CMakeFiles/Frankenstein.elf.dir/Drivers/STM32F4xx_HAL_Driver/Src/stm32f4xx_hal_uart.c.obj
 .text.UART_Transmit_IT
                0x080065d4       0x60 CMakeFiles/Frankenstein.elf.dir/Drivers/STM32F4xx_HAL_Driver/Src/stm32f4xx_hal_uart.c.obj
 .text.UART_SetConfig
                0x08006634      0x110 CMakeFiles/Frankenstein.elf.dir/Drivers/STM32F4xx_HAL_Driver/Src/stm32f4xx_hal_uart.c.obj
 .text.UART_WaitOnFlagUntilTimeout
                0x08006744       0x8a CMakeFiles/Frankenstein.elf.dir/Drivers/STM32F4xx_HAL_Driver/Src/stm32f4xx_hal_uart.c.obj
 .text.HAL_UART_Init
                0x080067ce       0x60 CMakeFiles/Frankenstein.elf.dir/Drivers/STM32F4xx_HAL_Driver/Src/stm32f4xx_hal_uart.c.obj
                0x080067ce                HAL_UART_Init
 .text.HAL_UART_Transmit
                0x0800682e       0xcc CMakeFiles/Frankenstein.elf.dir/Drivers/STM32F4xx_HAL_Driver/Src/stm32f4xx_hal_uart.c.obj
                0x0800682e                HAL_UART_Transmit
 *fill*         0x080068fa        0x2 
 .text.HAL_UART_Transmit_DMA
                0x080068fc       0x84 CMakeFiles/Frankenstein.elf.dir/Drivers/STM32F4xx_HAL_Driver/Src/stm32f4xx_hal_uart.c.obj
                0x080068fc                HAL_UART_Transmit_DMA
 .text.HAL_UART_DMAStop
                0x08006980       0x84 CMakeFiles/Frankenstein.elf.dir/Drivers/STM32F4xx_HAL_Driver/Src/stm32f4xx_hal_uart.c.obj
                0x08006980                HAL_UART_DMAStop
 .text.HAL_UART_TxCpltCallback
                0x08006a04        0x2 CMakeFiles/Frankenstein.elf.dir/Drivers/STM32F4xx_HAL_Driver/Src/stm32f4xx_hal_uart.c.obj
                0x08006a04                HAL_UART_TxCpltCallback
 .text.UART_DMATransmitCplt
                0x08006a06       0x4c CMakeFiles/Frankenstein.elf.dir/Drivers/STM32F4xx_HAL_Driver/Src/stm32f4xx_hal_uart.c.obj
 .text.UART_EndTransmit_IT
                0x08006a52       0x1a CMakeFiles/Frankenstein.elf.dir/Drivers/STM32F4xx_HAL_Driver/Src/stm32f4xx_hal_uart.c.obj
 .text.HAL_UART_TxHalfCpltCallback
                0x08006a6c        0x2 CMakeFiles/Frankenstein.elf.dir/Drivers/STM32F4xx_HAL_Driver/Src/stm32f4xx_hal_uart.c.obj
                0x08006a6c                HAL_UART_TxHalfCpltCallback
 .text.UART_DMATxHalfCplt
                0x08006a6e        0xa CMakeFiles/Frankenstein.elf.dir/Drivers/STM32F4xx_HAL_Driver/Src/stm32f4xx_hal_uart.c.obj
 .text.HAL_UART_RxCpltCallback
                0x08006a78        0x2 CMakeFiles/Frankenstein.elf.dir/Drivers/STM32F4xx_HAL_Driver/Src/stm32f4xx_hal_uart.c.obj
                0x08006a78                HAL_UART_RxCpltCallback
 .text.HAL_UART_RxHalfCpltCallback
                0x08006a7a        0x2 CMakeFiles/Frankenstein.elf.dir/Drivers/STM32F4xx_HAL_Driver/Src/stm32f4xx_hal_uart.c.obj
                0x08006a7a                HAL_UART_RxHalfCpltCallback
 .text.UART_DMAError
                0x08006a7c       0x58 CMakeFiles/Frankenstein.elf.dir/Drivers/STM32F4xx_HAL_Driver/Src/stm32f4xx_hal_uart.c.obj
 .text.UART_DMAAbortOnError
                0x08006ad4       0x10 CMakeFiles/Frankenstein.elf.dir/Drivers/STM32F4xx_HAL_Driver/Src/stm32f4xx_hal_uart.c.obj
 .text.HAL_UARTEx_RxEventCallback
                0x08006ae4        0x2 CMakeFiles/Frankenstein.elf.dir/Drivers/STM32F4xx_HAL_Driver/Src/stm32f4xx_hal_uart.c.obj
                0x08006ae4                HAL_UARTEx_RxEventCallback
 .text.UART_Receive_IT
                0x08006ae6       0xe6 CMakeFiles/Frankenstein.elf.dir/Drivers/STM32F4xx_HAL_Driver/Src/stm32f4xx_hal_uart.c.obj
 .text.HAL_UART_IRQHandler
                0x08006bcc      0x288 CMakeFiles/Frankenstein.elf.dir/Drivers/STM32F4xx_HAL_Driver/Src/stm32f4xx_hal_uart.c.obj
                0x08006bcc                HAL_UART_IRQHandler
 .text.UART_DMARxHalfCplt
                0x08006e54       0x1e CMakeFiles/Frankenstein.elf.dir/Drivers/STM32F4xx_HAL_Driver/Src/stm32f4xx_hal_uart.c.obj
 .text.UART_DMAReceiveCplt
                0x08006e72       0x9a CMakeFiles/Frankenstein.elf.dir/Drivers/STM32F4xx_HAL_Driver/Src/stm32f4xx_hal_uart.c.obj
 .text.UART_Start_Receive_DMA
                0x08006f0c       0xa4 CMakeFiles/Frankenstein.elf.dir/Drivers/STM32F4xx_HAL_Driver/Src/stm32f4xx_hal_uart.c.obj
                0x08006f0c                UART_Start_Receive_DMA
 .text.HAL_UART_Receive_DMA
                0x08006fb0       0x26 CMakeFiles/Frankenstein.elf.dir/Drivers/STM32F4xx_HAL_Driver/Src/stm32f4xx_hal_uart.c.obj
                0x08006fb0                HAL_UART_Receive_DMA
 .text.makeFreeRtosPriority
                0x08006fd6        0xc CMakeFiles/Frankenstein.elf.dir/Middlewares/Third_Party/FreeRTOS/Source/CMSIS_RTOS/cmsis_os.c.obj
 .text.osKernelStart
                0x08006fe2        0xa CMakeFiles/Frankenstein.elf.dir/Middlewares/Third_Party/FreeRTOS/Source/CMSIS_RTOS/cmsis_os.c.obj
                0x08006fe2                osKernelStart
 .text.osThreadCreate
                0x08006fec       0x6a CMakeFiles/Frankenstein.elf.dir/Middlewares/Third_Party/FreeRTOS/Source/CMSIS_RTOS/cmsis_os.c.obj
                0x08006fec                osThreadCreate
 .text.osDelay  0x08007056        0xe CMakeFiles/Frankenstein.elf.dir/Middlewares/Third_Party/FreeRTOS/Source/CMSIS_RTOS/cmsis_os.c.obj
                0x08007056                osDelay
 .text.vListInitialise
                0x08007064       0x16 CMakeFiles/Frankenstein.elf.dir/Middlewares/Third_Party/FreeRTOS/Source/list.c.obj
                0x08007064                vListInitialise
 .text.vListInitialiseItem
                0x0800707a        0x6 CMakeFiles/Frankenstein.elf.dir/Middlewares/Third_Party/FreeRTOS/Source/list.c.obj
                0x0800707a                vListInitialiseItem
 .text.vListInsertEnd
                0x08007080       0x16 CMakeFiles/Frankenstein.elf.dir/Middlewares/Third_Party/FreeRTOS/Source/list.c.obj
                0x08007080                vListInsertEnd
 .text.vListInsert
                0x08007096       0x32 CMakeFiles/Frankenstein.elf.dir/Middlewares/Third_Party/FreeRTOS/Source/list.c.obj
                0x08007096                vListInsert
 .text.uxListRemove
                0x080070c8       0x26 CMakeFiles/Frankenstein.elf.dir/Middlewares/Third_Party/FreeRTOS/Source/list.c.obj
                0x080070c8                uxListRemove
 *fill*         0x080070ee        0x2 
 .text.prvTaskExitError
                0x080070f0       0x40 CMakeFiles/Frankenstein.elf.dir/Middlewares/Third_Party/FreeRTOS/Source/portable/GCC/ARM_CM4F/port.c.obj
 .text.prvPortStartFirstTask
                0x08007130       0x28 CMakeFiles/Frankenstein.elf.dir/Middlewares/Third_Party/FreeRTOS/Source/portable/GCC/ARM_CM4F/port.c.obj
 .text.vPortEnableVFP
                0x08007158       0x14 CMakeFiles/Frankenstein.elf.dir/Middlewares/Third_Party/FreeRTOS/Source/portable/GCC/ARM_CM4F/port.c.obj
 .text.pxPortInitialiseStack
                0x0800716c       0x2c CMakeFiles/Frankenstein.elf.dir/Middlewares/Third_Party/FreeRTOS/Source/portable/GCC/ARM_CM4F/port.c.obj
                0x0800716c                pxPortInitialiseStack
 *fill*         0x08007198        0x8 
 .text.SVC_Handler
                0x080071a0       0x24 CMakeFiles/Frankenstein.elf.dir/Middlewares/Third_Party/FreeRTOS/Source/portable/GCC/ARM_CM4F/port.c.obj
                0x080071a0                SVC_Handler
 .text.vPortEnterCritical
                0x080071c4       0x44 CMakeFiles/Frankenstein.elf.dir/Middlewares/Third_Party/FreeRTOS/Source/portable/GCC/ARM_CM4F/port.c.obj
                0x080071c4                vPortEnterCritical
 .text.vPortExitCritical
                0x08007208       0x2c CMakeFiles/Frankenstein.elf.dir/Middlewares/Third_Party/FreeRTOS/Source/portable/GCC/ARM_CM4F/port.c.obj
                0x08007208                vPortExitCritical
 *fill*         0x08007234        0xc 
 .text.PendSV_Handler
                0x08007240       0x64 CMakeFiles/Frankenstein.elf.dir/Middlewares/Third_Party/FreeRTOS/Source/portable/GCC/ARM_CM4F/port.c.obj
                0x08007240                PendSV_Handler
 .text.SysTick_Handler
                0x080072a4       0x2c CMakeFiles/Frankenstein.elf.dir/Middlewares/Third_Party/FreeRTOS/Source/portable/GCC/ARM_CM4F/port.c.obj
                0x080072a4                SysTick_Handler
 .text.vPortSetupTimerInterrupt
                0x080072d0       0x28 CMakeFiles/Frankenstein.elf.dir/Middlewares/Third_Party/FreeRTOS/Source/portable/GCC/ARM_CM4F/port.c.obj
                0x080072d0                vPortSetupTimerInterrupt
 .text.xPortStartScheduler
                0x080072f8      0x118 CMakeFiles/Frankenstein.elf.dir/Middlewares/Third_Party/FreeRTOS/Source/portable/GCC/ARM_CM4F/port.c.obj
                0x080072f8                xPortStartScheduler
 .text.prvHeapInit
                0x08007410       0x64 CMakeFiles/Frankenstein.elf.dir/Middlewares/Third_Party/FreeRTOS/Source/portable/MemMang/heap_4.c.obj
 .text.prvInsertBlockIntoFreeList
                0x08007474       0x64 CMakeFiles/Frankenstein.elf.dir/Middlewares/Third_Party/FreeRTOS/Source/portable/MemMang/heap_4.c.obj
 .text.pvPortMalloc
                0x080074d8       0xfc CMakeFiles/Frankenstein.elf.dir/Middlewares/Third_Party/FreeRTOS/Source/portable/MemMang/heap_4.c.obj
                0x080074d8                pvPortMalloc
 .text.vPortFree
                0x080075d4       0x7c CMakeFiles/Frankenstein.elf.dir/Middlewares/Third_Party/FreeRTOS/Source/portable/MemMang/heap_4.c.obj
                0x080075d4                vPortFree
 .text.prvResetNextTaskUnblockTime
                0x08007650       0x2c CMakeFiles/Frankenstein.elf.dir/Middlewares/Third_Party/FreeRTOS/Source/tasks.c.obj
 .text.prvInitialiseNewTask
                0x0800767c       0xfe CMakeFiles/Frankenstein.elf.dir/Middlewares/Third_Party/FreeRTOS/Source/tasks.c.obj
 *fill*         0x0800777a        0x2 
 .text.prvInitialiseTaskLists
                0x0800777c       0x68 CMakeFiles/Frankenstein.elf.dir/Middlewares/Third_Party/FreeRTOS/Source/tasks.c.obj
 .text.prvAddNewTaskToReadyList
                0x080077e4       0xa8 CMakeFiles/Frankenstein.elf.dir/Middlewares/Third_Party/FreeRTOS/Source/tasks.c.obj
 .text.prvDeleteTCB
                0x0800788c       0x40 CMakeFiles/Frankenstein.elf.dir/Middlewares/Third_Party/FreeRTOS/Source/tasks.c.obj
 .text.prvCheckTasksWaitingTermination
                0x080078cc       0x4c CMakeFiles/Frankenstein.elf.dir/Middlewares/Third_Party/FreeRTOS/Source/tasks.c.obj
 .text.prvIdleTask
                0x08007918       0x28 CMakeFiles/Frankenstein.elf.dir/Middlewares/Third_Party/FreeRTOS/Source/tasks.c.obj
 .text.prvAddCurrentTaskToDelayedList
                0x08007940       0x98 CMakeFiles/Frankenstein.elf.dir/Middlewares/Third_Party/FreeRTOS/Source/tasks.c.obj
 .text.xTaskCreateStatic
                0x080079d8       0x7a CMakeFiles/Frankenstein.elf.dir/Middlewares/Third_Party/FreeRTOS/Source/tasks.c.obj
                0x080079d8                xTaskCreateStatic
 .text.xTaskCreate
                0x08007a52       0x6a CMakeFiles/Frankenstein.elf.dir/Middlewares/Third_Party/FreeRTOS/Source/tasks.c.obj
                0x08007a52                xTaskCreate
 .text.vTaskStartScheduler
                0x08007abc       0x84 CMakeFiles/Frankenstein.elf.dir/Middlewares/Third_Party/FreeRTOS/Source/tasks.c.obj
                0x08007abc                vTaskStartScheduler
 .text.vTaskSuspendAll
                0x08007b40       0x10 CMakeFiles/Frankenstein.elf.dir/Middlewares/Third_Party/FreeRTOS/Source/tasks.c.obj
                0x08007b40                vTaskSuspendAll
 .text.xTaskIncrementTick
                0x08007b50      0x118 CMakeFiles/Frankenstein.elf.dir/Middlewares/Third_Party/FreeRTOS/Source/tasks.c.obj
                0x08007b50                xTaskIncrementTick
 .text.xTaskResumeAll
                0x08007c68       0xf8 CMakeFiles/Frankenstein.elf.dir/Middlewares/Third_Party/FreeRTOS/Source/tasks.c.obj
                0x08007c68                xTaskResumeAll
 .text.vTaskDelay
                0x08007d60       0x4c CMakeFiles/Frankenstein.elf.dir/Middlewares/Third_Party/FreeRTOS/Source/tasks.c.obj
                0x08007d60                vTaskDelay
 .text.vTaskSwitchContext
                0x08007dac       0xa4 CMakeFiles/Frankenstein.elf.dir/Middlewares/Third_Party/FreeRTOS/Source/tasks.c.obj
                0x08007dac                vTaskSwitchContext
 .text.__errno  0x08007e50        0xc d:/competition/robotcon/clion/gcc-arm-none-eabi-10.3-2021.10/bin/../lib/gcc/arm-none-eabi/10.3.1/../../../../arm-none-eabi/lib/thumb/v7e-m+fp/hard\libg.a(lib_a-errno.o)
                0x08007e50                __errno
 .text.__libc_init_array
                0x08007e5c       0x48 d:/competition/robotcon/clion/gcc-arm-none-eabi-10.3-2021.10/bin/../lib/gcc/arm-none-eabi/10.3.1/../../../../arm-none-eabi/lib/thumb/v7e-m+fp/hard\libg.a(lib_a-init.o)
                0x08007e5c                __libc_init_array
 .text.memset   0x08007ea4       0xa4 d:/competition/robotcon/clion/gcc-arm-none-eabi-10.3-2021.10/bin/../lib/gcc/arm-none-eabi/10.3.1/../../../../arm-none-eabi/lib/thumb/v7e-m+fp/hard\libg.a(lib_a-memset.o)
                0x08007ea4                memset
 .text.cleanup_glue
                0x08007f48       0x48 d:/competition/robotcon/clion/gcc-arm-none-eabi-10.3-2021.10/bin/../lib/gcc/arm-none-eabi/10.3.1/../../../../arm-none-eabi/lib/thumb/v7e-m+fp/hard\libg.a(lib_a-reent.o)
                0x08007f48                cleanup_glue
 .text._reclaim_reent
                0x08007f90       0x90 d:/competition/robotcon/clion/gcc-arm-none-eabi-10.3-2021.10/bin/../lib/gcc/arm-none-eabi/10.3.1/../../../../arm-none-eabi/lib/thumb/v7e-m+fp/hard\libg.a(lib_a-reent.o)
                0x08007f90                _reclaim_reent
 .text.startup.register_fini
                0x08008020       0x14 d:/competition/robotcon/clion/gcc-arm-none-eabi-10.3-2021.10/bin/../lib/gcc/arm-none-eabi/10.3.1/../../../../arm-none-eabi/lib/thumb/v7e-m+fp/hard\libg.a(lib_a-__call_atexit.o)
 .text.atexit   0x08008034        0xc d:/competition/robotcon/clion/gcc-arm-none-eabi-10.3-2021.10/bin/../lib/gcc/arm-none-eabi/10.3.1/../../../../arm-none-eabi/lib/thumb/v7e-m+fp/hard\libg.a(lib_a-atexit.o)
                0x08008034                atexit
 .text.__libc_fini_array
                0x08008040       0x2c d:/competition/robotcon/clion/gcc-arm-none-eabi-10.3-2021.10/bin/../lib/gcc/arm-none-eabi/10.3.1/../../../../arm-none-eabi/lib/thumb/v7e-m+fp/hard\libg.a(lib_a-fini.o)
                0x08008040                __libc_fini_array
 .text._malloc_trim_r
                0x0800806c       0xa0 d:/competition/robotcon/clion/gcc-arm-none-eabi-10.3-2021.10/bin/../lib/gcc/arm-none-eabi/10.3.1/../../../../arm-none-eabi/lib/thumb/v7e-m+fp/hard\libg.a(lib_a-freer.o)
                0x0800806c                _malloc_trim_r
 .text._free_r  0x0800810c      0x20c d:/competition/robotcon/clion/gcc-arm-none-eabi-10.3-2021.10/bin/../lib/gcc/arm-none-eabi/10.3.1/../../../../arm-none-eabi/lib/thumb/v7e-m+fp/hard\libg.a(lib_a-freer.o)
                0x0800810c                _free_r
 .text.__retarget_lock_acquire_recursive
                0x08008318        0x4 d:/competition/robotcon/clion/gcc-arm-none-eabi-10.3-2021.10/bin/../lib/gcc/arm-none-eabi/10.3.1/../../../../arm-none-eabi/lib/thumb/v7e-m+fp/hard\libg.a(lib_a-lock.o)
                0x08008318                __retarget_lock_acquire_recursive
 .text.__retarget_lock_release_recursive
                0x0800831c        0x4 d:/competition/robotcon/clion/gcc-arm-none-eabi-10.3-2021.10/bin/../lib/gcc/arm-none-eabi/10.3.1/../../../../arm-none-eabi/lib/thumb/v7e-m+fp/hard\libg.a(lib_a-lock.o)
                0x0800831c                __retarget_lock_release_recursive
 .text.__malloc_lock
                0x08008320        0xc d:/competition/robotcon/clion/gcc-arm-none-eabi-10.3-2021.10/bin/../lib/gcc/arm-none-eabi/10.3.1/../../../../arm-none-eabi/lib/thumb/v7e-m+fp/hard\libg.a(lib_a-mlock.o)
                0x08008320                __malloc_lock
 .text.__malloc_unlock
                0x0800832c        0xc d:/competition/robotcon/clion/gcc-arm-none-eabi-10.3-2021.10/bin/../lib/gcc/arm-none-eabi/10.3.1/../../../../arm-none-eabi/lib/thumb/v7e-m+fp/hard\libg.a(lib_a-mlock.o)
                0x0800832c                __malloc_unlock
 .text._sbrk_r  0x08008338       0x24 d:/competition/robotcon/clion/gcc-arm-none-eabi-10.3-2021.10/bin/../lib/gcc/arm-none-eabi/10.3.1/../../../../arm-none-eabi/lib/thumb/v7e-m+fp/hard\libg.a(lib_a-sbrkr.o)
                0x08008338                _sbrk_r
 .text.__register_exitproc
                0x0800835c       0x8c d:/competition/robotcon/clion/gcc-arm-none-eabi-10.3-2021.10/bin/../lib/gcc/arm-none-eabi/10.3.1/../../../../arm-none-eabi/lib/thumb/v7e-m+fp/hard\libg.a(lib_a-__atexit.o)
                0x0800835c                __register_exitproc
 .text.cosf     0x080083e8       0x70 d:/competition/robotcon/clion/gcc-arm-none-eabi-10.3-2021.10/bin/../lib/gcc/arm-none-eabi/10.3.1/../../../../arm-none-eabi/lib/thumb/v7e-m+fp/hard\libm.a(lib_a-sf_cos.o)
                0x080083e8                cosf
 .text.sinf     0x08008458       0x74 d:/competition/robotcon/clion/gcc-arm-none-eabi-10.3-2021.10/bin/../lib/gcc/arm-none-eabi/10.3.1/../../../../arm-none-eabi/lib/thumb/v7e-m+fp/hard\libm.a(lib_a-sf_sin.o)
                0x08008458                sinf
 .text.asinf    0x080084cc       0x58 d:/competition/robotcon/clion/gcc-arm-none-eabi-10.3-2021.10/bin/../lib/gcc/arm-none-eabi/10.3.1/../../../../arm-none-eabi/lib/thumb/v7e-m+fp/hard\libm.a(lib_a-wf_asin.o)
                0x080084cc                asinf
 .text.atan2f   0x08008524        0x4 d:/competition/robotcon/clion/gcc-arm-none-eabi-10.3-2021.10/bin/../lib/gcc/arm-none-eabi/10.3.1/../../../../arm-none-eabi/lib/thumb/v7e-m+fp/hard\libm.a(lib_a-wf_atan2.o)
                0x08008524                atan2f
 .text.sqrtf    0x08008528       0x44 d:/competition/robotcon/clion/gcc-arm-none-eabi-10.3-2021.10/bin/../lib/gcc/arm-none-eabi/10.3.1/../../../../arm-none-eabi/lib/thumb/v7e-m+fp/hard\libm.a(lib_a-wf_sqrt.o)
                0x08008528                sqrtf
 .text.__ieee754_asinf
                0x0800856c      0x20c d:/competition/robotcon/clion/gcc-arm-none-eabi-10.3-2021.10/bin/../lib/gcc/arm-none-eabi/10.3.1/../../../../arm-none-eabi/lib/thumb/v7e-m+fp/hard\libm.a(lib_a-ef_asin.o)
                0x0800856c                __ieee754_asinf
 .text.__ieee754_atan2f
                0x08008778      0x150 d:/competition/robotcon/clion/gcc-arm-none-eabi-10.3-2021.10/bin/../lib/gcc/arm-none-eabi/10.3.1/../../../../arm-none-eabi/lib/thumb/v7e-m+fp/hard\libm.a(lib_a-ef_atan2.o)
                0x08008778                __ieee754_atan2f
 .text.__ieee754_rem_pio2f
                0x080088c8      0x264 d:/competition/robotcon/clion/gcc-arm-none-eabi-10.3-2021.10/bin/../lib/gcc/arm-none-eabi/10.3.1/../../../../arm-none-eabi/lib/thumb/v7e-m+fp/hard\libm.a(lib_a-ef_rem_pio2.o)
                0x080088c8                __ieee754_rem_pio2f
 .text.__ieee754_sqrtf
                0x08008b2c        0x8 d:/competition/robotcon/clion/gcc-arm-none-eabi-10.3-2021.10/bin/../lib/gcc/arm-none-eabi/10.3.1/../../../../arm-none-eabi/lib/thumb/v7e-m+fp/hard\libm.a(lib_a-ef_sqrt.o)
                0x08008b2c                __ieee754_sqrtf
 .text.__kernel_cosf
                0x08008b34      0x104 d:/competition/robotcon/clion/gcc-arm-none-eabi-10.3-2021.10/bin/../lib/gcc/arm-none-eabi/10.3.1/../../../../arm-none-eabi/lib/thumb/v7e-m+fp/hard\libm.a(lib_a-kf_cos.o)
                0x08008b34                __kernel_cosf
 .text.__kernel_rem_pio2f
                0x08008c38      0x674 d:/competition/robotcon/clion/gcc-arm-none-eabi-10.3-2021.10/bin/../lib/gcc/arm-none-eabi/10.3.1/../../../../arm-none-eabi/lib/thumb/v7e-m+fp/hard\libm.a(lib_a-kf_rem_pio2.o)
                0x08008c38                __kernel_rem_pio2f
 .text.__kernel_sinf
                0x080092ac       0x90 d:/competition/robotcon/clion/gcc-arm-none-eabi-10.3-2021.10/bin/../lib/gcc/arm-none-eabi/10.3.1/../../../../arm-none-eabi/lib/thumb/v7e-m+fp/hard\libm.a(lib_a-kf_sin.o)
                0x080092ac                __kernel_sinf
 .text.atanf    0x0800933c      0x1b4 d:/competition/robotcon/clion/gcc-arm-none-eabi-10.3-2021.10/bin/../lib/gcc/arm-none-eabi/10.3.1/../../../../arm-none-eabi/lib/thumb/v7e-m+fp/hard\libm.a(lib_a-sf_atan.o)
                0x0800933c                atanf
 .text.fabsf    0x080094f0       0x10 d:/competition/robotcon/clion/gcc-arm-none-eabi-10.3-2021.10/bin/../lib/gcc/arm-none-eabi/10.3.1/../../../../arm-none-eabi/lib/thumb/v7e-m+fp/hard\libm.a(lib_a-sf_fabs.o)
                0x080094f0                fabsf
 .text.floorf   0x08009500       0x8c d:/competition/robotcon/clion/gcc-arm-none-eabi-10.3-2021.10/bin/../lib/gcc/arm-none-eabi/10.3.1/../../../../arm-none-eabi/lib/thumb/v7e-m+fp/hard\libm.a(lib_a-sf_floor.o)
                0x08009500                floorf
 .text.nanf     0x0800958c        0xc d:/competition/robotcon/clion/gcc-arm-none-eabi-10.3-2021.10/bin/../lib/gcc/arm-none-eabi/10.3.1/../../../../arm-none-eabi/lib/thumb/v7e-m+fp/hard\libm.a(lib_a-sf_nan.o)
                0x0800958c                nanf
 .text.scalbnf  0x08009598       0xe4 d:/competition/robotcon/clion/gcc-arm-none-eabi-10.3-2021.10/bin/../lib/gcc/arm-none-eabi/10.3.1/../../../../arm-none-eabi/lib/thumb/v7e-m+fp/hard\libm.a(lib_a-sf_scalbn.o)
                0x08009598                scalbnf
 *(.glue_7)
 .glue_7        0x0800967c        0x0 linker stubs
 *(.glue_7t)
 .glue_7t       0x0800967c        0x0 linker stubs
 *(.eh_frame)
 .eh_frame      0x0800967c        0x0 d:/competition/robotcon/clion/gcc-arm-none-eabi-10.3-2021.10/bin/../lib/gcc/arm-none-eabi/10.3.1/thumb/v7e-m+fp/hard/crtbegin.o
 *(.init)
 .init          0x0800967c        0x4 d:/competition/robotcon/clion/gcc-arm-none-eabi-10.3-2021.10/bin/../lib/gcc/arm-none-eabi/10.3.1/thumb/v7e-m+fp/hard/crti.o
                0x0800967c                _init
 .init          0x08009680        0x8 d:/competition/robotcon/clion/gcc-arm-none-eabi-10.3-2021.10/bin/../lib/gcc/arm-none-eabi/10.3.1/thumb/v7e-m+fp/hard/crtn.o
 *(.fini)
 .fini          0x08009688        0x4 d:/competition/robotcon/clion/gcc-arm-none-eabi-10.3-2021.10/bin/../lib/gcc/arm-none-eabi/10.3.1/thumb/v7e-m+fp/hard/crti.o
                0x08009688                _fini
 .fini          0x0800968c        0x8 d:/competition/robotcon/clion/gcc-arm-none-eabi-10.3-2021.10/bin/../lib/gcc/arm-none-eabi/10.3.1/thumb/v7e-m+fp/hard/crtn.o
                0x08009694                . = ALIGN (0x4)
                0x08009694                _etext = .

.vfp11_veneer   0x08009694        0x0
 .vfp11_veneer  0x08009694        0x0 linker stubs

.v4_bx          0x08009694        0x0
 .v4_bx         0x08009694        0x0 linker stubs

.iplt           0x08009694        0x0
 .iplt          0x08009694        0x0 d:/competition/robotcon/clion/gcc-arm-none-eabi-10.3-2021.10/bin/../lib/gcc/arm-none-eabi/10.3.1/thumb/v7e-m+fp/hard/crtbegin.o

.rodata         0x08009694      0x53c
                0x08009694                . = ALIGN (0x4)
 *(.rodata)
 .rodata        0x08009694        0xc CMakeFiles/Frankenstein.elf.dir/Core/Application/lqr_wbr.c.obj
 .rodata        0x080096a0        0xc CMakeFiles/Frankenstein.elf.dir/Core/Bsp_for_DM01/BMI088/Attitude.c.obj
 .rodata        0x080096ac        0x8 CMakeFiles/Frankenstein.elf.dir/Core/Bsp_for_DM01/BMI088/BMI088driver.c.obj
 .rodata        0x080096b4       0x8c CMakeFiles/Frankenstein.elf.dir/Core/Src/freertos.c.obj
 *(.rodata*)
 .rodata.write_BMI088_accel_reg_data_error
                0x08009740       0x12 CMakeFiles/Frankenstein.elf.dir/Core/Bsp_for_DM01/BMI088/BMI088driver.c.obj
 *fill*         0x08009752        0x2 
 .rodata.write_BMI088_gyro_reg_data_error
                0x08009754       0x12 CMakeFiles/Frankenstein.elf.dir/Core/Bsp_for_DM01/BMI088/BMI088driver.c.obj
 *fill*         0x08009766        0x2 
 .rodata.str1.4
                0x08009768       0x34 CMakeFiles/Frankenstein.elf.dir/Core/Src/freertos.c.obj
 .rodata.AHBPrescTable
                0x0800979c       0x10 CMakeFiles/Frankenstein.elf.dir/Core/Src/system_stm32f4xx.c.obj
                0x0800979c                AHBPrescTable
 .rodata.APBPrescTable
                0x080097ac        0x8 CMakeFiles/Frankenstein.elf.dir/Core/Src/system_stm32f4xx.c.obj
                0x080097ac                APBPrescTable
 .rodata.flagBitshiftOffset.0
                0x080097b4        0x8 CMakeFiles/Frankenstein.elf.dir/Drivers/STM32F4xx_HAL_Driver/Src/stm32f4xx_hal_dma.c.obj
 .rodata.vTaskStartScheduler.str1.4
                0x080097bc        0x5 CMakeFiles/Frankenstein.elf.dir/Middlewares/Third_Party/FreeRTOS/Source/tasks.c.obj
 *fill*         0x080097c1        0x3 
 .rodata._global_impure_ptr
                0x080097c4        0x4 d:/competition/robotcon/clion/gcc-arm-none-eabi-10.3-2021.10/bin/../lib/gcc/arm-none-eabi/10.3.1/../../../../arm-none-eabi/lib/thumb/v7e-m+fp/hard\libg.a(lib_a-impure.o)
                0x080097c4                _global_impure_ptr
 .rodata.asinf.str1.4
                0x080097c8        0x5 d:/competition/robotcon/clion/gcc-arm-none-eabi-10.3-2021.10/bin/../lib/gcc/arm-none-eabi/10.3.1/../../../../arm-none-eabi/lib/thumb/v7e-m+fp/hard\libm.a(lib_a-wf_asin.o)
                                  0x1 (size before relaxing)
 .rodata.CSWTCH.8
                0x080097c8        0xc d:/competition/robotcon/clion/gcc-arm-none-eabi-10.3-2021.10/bin/../lib/gcc/arm-none-eabi/10.3.1/../../../../arm-none-eabi/lib/thumb/v7e-m+fp/hard\libm.a(lib_a-ef_atan2.o)
 .rodata.CSWTCH.9
                0x080097d4        0xc d:/competition/robotcon/clion/gcc-arm-none-eabi-10.3-2021.10/bin/../lib/gcc/arm-none-eabi/10.3.1/../../../../arm-none-eabi/lib/thumb/v7e-m+fp/hard\libm.a(lib_a-ef_atan2.o)
 .rodata.npio2_hw
                0x080097e0       0x80 d:/competition/robotcon/clion/gcc-arm-none-eabi-10.3-2021.10/bin/../lib/gcc/arm-none-eabi/10.3.1/../../../../arm-none-eabi/lib/thumb/v7e-m+fp/hard\libm.a(lib_a-ef_rem_pio2.o)
 .rodata.two_over_pi
                0x08009860      0x318 d:/competition/robotcon/clion/gcc-arm-none-eabi-10.3-2021.10/bin/../lib/gcc/arm-none-eabi/10.3.1/../../../../arm-none-eabi/lib/thumb/v7e-m+fp/hard\libm.a(lib_a-ef_rem_pio2.o)
 .rodata.PIo2   0x08009b78       0x2c d:/competition/robotcon/clion/gcc-arm-none-eabi-10.3-2021.10/bin/../lib/gcc/arm-none-eabi/10.3.1/../../../../arm-none-eabi/lib/thumb/v7e-m+fp/hard\libm.a(lib_a-kf_rem_pio2.o)
 .rodata.init_jk
                0x08009ba4        0xc d:/competition/robotcon/clion/gcc-arm-none-eabi-10.3-2021.10/bin/../lib/gcc/arm-none-eabi/10.3.1/../../../../arm-none-eabi/lib/thumb/v7e-m+fp/hard\libm.a(lib_a-kf_rem_pio2.o)
 .rodata.atanhi
                0x08009bb0       0x10 d:/competition/robotcon/clion/gcc-arm-none-eabi-10.3-2021.10/bin/../lib/gcc/arm-none-eabi/10.3.1/../../../../arm-none-eabi/lib/thumb/v7e-m+fp/hard\libm.a(lib_a-sf_atan.o)
 .rodata.atanlo
                0x08009bc0       0x10 d:/competition/robotcon/clion/gcc-arm-none-eabi-10.3-2021.10/bin/../lib/gcc/arm-none-eabi/10.3.1/../../../../arm-none-eabi/lib/thumb/v7e-m+fp/hard\libm.a(lib_a-sf_atan.o)
                0x08009bd0                . = ALIGN (0x4)

.ARM.extab      0x08009bd0        0x0
                0x08009bd0                . = ALIGN (0x4)
 *(.ARM.extab* .gnu.linkonce.armextab.*)
                0x08009bd0                . = ALIGN (0x4)

.ARM            0x08009bd0        0x8
                0x08009bd0                . = ALIGN (0x4)
                0x08009bd0                __exidx_start = .
 *(.ARM.exidx*)
 .ARM.exidx     0x08009bd0        0x8 d:/competition/robotcon/clion/gcc-arm-none-eabi-10.3-2021.10/bin/../lib/gcc/arm-none-eabi/10.3.1/thumb/v7e-m+fp/hard\libgcc.a(_udivmoddi4.o)
                0x08009bd8                __exidx_end = .
                0x08009bd8                . = ALIGN (0x4)

.rel.dyn        0x08009bd8        0x0
 .rel.iplt      0x08009bd8        0x0 d:/competition/robotcon/clion/gcc-arm-none-eabi-10.3-2021.10/bin/../lib/gcc/arm-none-eabi/10.3.1/thumb/v7e-m+fp/hard/crtbegin.o

.preinit_array  0x08009bd8        0x0
                0x08009bd8                . = ALIGN (0x4)
                0x08009bd8                PROVIDE (__preinit_array_start = .)
 *(.preinit_array*)
                0x08009bd8                PROVIDE (__preinit_array_end = .)
                0x08009bd8                . = ALIGN (0x4)

.init_array     0x08009bd8        0x8
                0x08009bd8                . = ALIGN (0x4)
                0x08009bd8                PROVIDE (__init_array_start = .)
 *(SORT_BY_NAME(.init_array.*))
 .init_array.00000
                0x08009bd8        0x4 d:/competition/robotcon/clion/gcc-arm-none-eabi-10.3-2021.10/bin/../lib/gcc/arm-none-eabi/10.3.1/../../../../arm-none-eabi/lib/thumb/v7e-m+fp/hard\libg.a(lib_a-__call_atexit.o)
 *(.init_array*)
 .init_array    0x08009bdc        0x4 d:/competition/robotcon/clion/gcc-arm-none-eabi-10.3-2021.10/bin/../lib/gcc/arm-none-eabi/10.3.1/thumb/v7e-m+fp/hard/crtbegin.o
                0x08009be0                PROVIDE (__init_array_end = .)
                0x08009be0                . = ALIGN (0x4)

.fini_array     0x08009be0        0x4
                0x08009be0                . = ALIGN (0x4)
                0x08009be0                PROVIDE (__fini_array_start = .)
 *(SORT_BY_NAME(.fini_array.*))
 *(.fini_array*)
 .fini_array    0x08009be0        0x4 d:/competition/robotcon/clion/gcc-arm-none-eabi-10.3-2021.10/bin/../lib/gcc/arm-none-eabi/10.3.1/thumb/v7e-m+fp/hard/crtbegin.o
                0x08009be4                PROVIDE (__fini_array_end = .)
                0x08009be4                . = ALIGN (0x4)
                0x08009be4                _sidata = LOADADDR (.data)

.data           0x20000000      0x85c load address 0x08009be4
                0x20000000                . = ALIGN (0x4)
                0x20000000                _sdata = .
 *(.data)
 *(.data*)
 .data.BMI088_ACCEL_SEN
                0x20000000        0x4 CMakeFiles/Frankenstein.elf.dir/Core/Bsp_for_DM01/BMI088/BMI088driver.c.obj
                0x20000000                BMI088_ACCEL_SEN
 .data.BMI088_GYRO_SEN
                0x20000004        0x4 CMakeFiles/Frankenstein.elf.dir/Core/Bsp_for_DM01/BMI088/BMI088driver.c.obj
                0x20000004                BMI088_GYRO_SEN
 .data.SystemCoreClock
                0x20000008        0x4 CMakeFiles/Frankenstein.elf.dir/Core/Src/system_stm32f4xx.c.obj
                0x20000008                SystemCoreClock
 .data.uwTickFreq
                0x2000000c        0x1 CMakeFiles/Frankenstein.elf.dir/Drivers/STM32F4xx_HAL_Driver/Src/stm32f4xx_hal.c.obj
                0x2000000c                uwTickFreq
 *fill*         0x2000000d        0x3 
 .data.uwTickPrio
                0x20000010        0x4 CMakeFiles/Frankenstein.elf.dir/Drivers/STM32F4xx_HAL_Driver/Src/stm32f4xx_hal.c.obj
                0x20000010                uwTickPrio
 .data.uxCriticalNesting
                0x20000014        0x4 CMakeFiles/Frankenstein.elf.dir/Middlewares/Third_Party/FreeRTOS/Source/portable/GCC/ARM_CM4F/port.c.obj
 .data._impure_ptr
                0x20000018        0x4 d:/competition/robotcon/clion/gcc-arm-none-eabi-10.3-2021.10/bin/../lib/gcc/arm-none-eabi/10.3.1/../../../../arm-none-eabi/lib/thumb/v7e-m+fp/hard\libg.a(lib_a-impure.o)
                0x20000018                _impure_ptr
 *fill*         0x2000001c        0x4 
 .data.impure_data
                0x20000020      0x428 d:/competition/robotcon/clion/gcc-arm-none-eabi-10.3-2021.10/bin/../lib/gcc/arm-none-eabi/10.3.1/../../../../arm-none-eabi/lib/thumb/v7e-m+fp/hard\libg.a(lib_a-impure.o)
 .data.__atexit_recursive_mutex
                0x20000448        0x4 d:/competition/robotcon/clion/gcc-arm-none-eabi-10.3-2021.10/bin/../lib/gcc/arm-none-eabi/10.3.1/../../../../arm-none-eabi/lib/thumb/v7e-m+fp/hard\libg.a(lib_a-__call_atexit.o)
                0x20000448                __atexit_recursive_mutex
 .data.__malloc_av_
                0x2000044c      0x408 d:/competition/robotcon/clion/gcc-arm-none-eabi-10.3-2021.10/bin/../lib/gcc/arm-none-eabi/10.3.1/../../../../arm-none-eabi/lib/thumb/v7e-m+fp/hard\libg.a(lib_a-mallocr.o)
                0x2000044c                __malloc_av_
 .data.__malloc_sbrk_base
                0x20000854        0x4 d:/competition/robotcon/clion/gcc-arm-none-eabi-10.3-2021.10/bin/../lib/gcc/arm-none-eabi/10.3.1/../../../../arm-none-eabi/lib/thumb/v7e-m+fp/hard\libg.a(lib_a-mallocr.o)
                0x20000854                __malloc_sbrk_base
 .data.__malloc_trim_threshold
                0x20000858        0x4 d:/competition/robotcon/clion/gcc-arm-none-eabi-10.3-2021.10/bin/../lib/gcc/arm-none-eabi/10.3.1/../../../../arm-none-eabi/lib/thumb/v7e-m+fp/hard\libg.a(lib_a-mallocr.o)
                0x20000858                __malloc_trim_threshold
 *(.RamFunc)
 *(.RamFunc*)
                0x2000085c                . = ALIGN (0x4)
                0x2000085c                _edata = .

.igot.plt       0x2000085c        0x0 load address 0x0800a440
 .igot.plt      0x2000085c        0x0 d:/competition/robotcon/clion/gcc-arm-none-eabi-10.3-2021.10/bin/../lib/gcc/arm-none-eabi/10.3.1/thumb/v7e-m+fp/hard/crtbegin.o
                0x2000085c                . = ALIGN (0x4)

.bss            0x20000860     0x4e4c load address 0x0800a440
                0x20000860                _sbss = .
                0x20000860                __bss_start__ = _sbss
 *(.bss)
 .bss           0x20000860       0x1c d:/competition/robotcon/clion/gcc-arm-none-eabi-10.3-2021.10/bin/../lib/gcc/arm-none-eabi/10.3.1/thumb/v7e-m+fp/hard/crtbegin.o
 *(.bss*)
 .bss.DM_Motor_measure
                0x2000087c      0x120 CMakeFiles/Frankenstein.elf.dir/Core/Application/CAN_receive_dm.c.obj
                0x2000087c                DM_Motor_measure
 .bss.i.0       0x2000099c        0x1 CMakeFiles/Frankenstein.elf.dir/Core/Application/CAN_receive_dm.c.obj
 *fill*         0x2000099d        0x3 
 .bss.buffer_receive_5
                0x200009a0       0x32 CMakeFiles/Frankenstein.elf.dir/Core/Application/UART_DMA.c.obj
                0x200009a0                buffer_receive_5
 *fill*         0x200009d2        0x2 
 .bss.lqr_data_L
                0x200009d4      0x128 CMakeFiles/Frankenstein.elf.dir/Core/Application/lqr_wbr.c.obj
                0x200009d4                lqr_data_L
 .bss.lqr_data_R
                0x20000afc      0x128 CMakeFiles/Frankenstein.elf.dir/Core/Application/lqr_wbr.c.obj
                0x20000afc                lqr_data_R
 .bss.VofaData  0x20000c24       0x40 CMakeFiles/Frankenstein.elf.dir/Core/Application/vofa.c.obj
                0x20000c24                VofaData
 .bss.Vofa_RX   0x20000c64       0x18 CMakeFiles/Frankenstein.elf.dir/Core/Application/vofa.c.obj
                0x20000c64                Vofa_RX
 .bss.tempData  0x20000c7c       0x54 CMakeFiles/Frankenstein.elf.dir/Core/Application/vofa.c.obj
                0x20000c7c                tempData
 .bss.tempFloat
                0x20000cd0       0x50 CMakeFiles/Frankenstein.elf.dir/Core/Application/vofa.c.obj
                0x20000cd0                tempFloat
 .bss.imu_data  0x20000d20      0x130 CMakeFiles/Frankenstein.elf.dir/Core/Bsp_for_DM01/BMI088/Attitude.c.obj
                0x20000d20                imu_data
 .bss.anglesComputed
                0x20000e50        0x1 CMakeFiles/Frankenstein.elf.dir/Core/Bsp_for_DM01/BMI088/MahonyAHRS.c.obj
                0x20000e50                anglesComputed
 *fill*         0x20000e51        0x3 
 .bss.integralFBx
                0x20000e54        0x4 CMakeFiles/Frankenstein.elf.dir/Core/Bsp_for_DM01/BMI088/MahonyAHRS.c.obj
                0x20000e54                integralFBx
 .bss.integralFBy
                0x20000e58        0x4 CMakeFiles/Frankenstein.elf.dir/Core/Bsp_for_DM01/BMI088/MahonyAHRS.c.obj
                0x20000e58                integralFBy
 .bss.integralFBz
                0x20000e5c        0x4 CMakeFiles/Frankenstein.elf.dir/Core/Bsp_for_DM01/BMI088/MahonyAHRS.c.obj
                0x20000e5c                integralFBz
 .bss.invSampleFreq
                0x20000e60        0x4 CMakeFiles/Frankenstein.elf.dir/Core/Bsp_for_DM01/BMI088/MahonyAHRS.c.obj
                0x20000e60                invSampleFreq
 .bss.pitch     0x20000e64        0x4 CMakeFiles/Frankenstein.elf.dir/Core/Bsp_for_DM01/BMI088/MahonyAHRS.c.obj
                0x20000e64                pitch
 .bss.q0        0x20000e68        0x4 CMakeFiles/Frankenstein.elf.dir/Core/Bsp_for_DM01/BMI088/MahonyAHRS.c.obj
                0x20000e68                q0
 .bss.q1        0x20000e6c        0x4 CMakeFiles/Frankenstein.elf.dir/Core/Bsp_for_DM01/BMI088/MahonyAHRS.c.obj
                0x20000e6c                q1
 .bss.q2        0x20000e70        0x4 CMakeFiles/Frankenstein.elf.dir/Core/Bsp_for_DM01/BMI088/MahonyAHRS.c.obj
                0x20000e70                q2
 .bss.q3        0x20000e74        0x4 CMakeFiles/Frankenstein.elf.dir/Core/Bsp_for_DM01/BMI088/MahonyAHRS.c.obj
                0x20000e74                q3
 .bss.roll      0x20000e78        0x4 CMakeFiles/Frankenstein.elf.dir/Core/Bsp_for_DM01/BMI088/MahonyAHRS.c.obj
                0x20000e78                roll
 .bss.twoKi     0x20000e7c        0x4 CMakeFiles/Frankenstein.elf.dir/Core/Bsp_for_DM01/BMI088/MahonyAHRS.c.obj
                0x20000e7c                twoKi
 .bss.yaw       0x20000e80        0x4 CMakeFiles/Frankenstein.elf.dir/Core/Bsp_for_DM01/BMI088/MahonyAHRS.c.obj
                0x20000e80                yaw
 .bss.fac_ms    0x20000e84        0x4 CMakeFiles/Frankenstein.elf.dir/Core/Bsp_for_DM01/bsp_delay.c.obj
 .bss.fac_us    0x20000e88        0x1 CMakeFiles/Frankenstein.elf.dir/Core/Bsp_for_DM01/bsp_delay.c.obj
 *fill*         0x20000e89        0x3 
 .bss.HAL_RCC_CAN1_CLK_ENABLED
                0x20000e8c        0x4 CMakeFiles/Frankenstein.elf.dir/Core/Src/can.c.obj
 .bss.hcan1     0x20000e90       0x28 CMakeFiles/Frankenstein.elf.dir/Core/Src/can.c.obj
                0x20000e90                hcan1
 .bss.hcan2     0x20000eb8       0x28 CMakeFiles/Frankenstein.elf.dir/Core/Src/can.c.obj
                0x20000eb8                hcan2
 .bss.board_init_flag
                0x20000ee0        0x1 CMakeFiles/Frankenstein.elf.dir/Core/Src/freertos.c.obj
                0x20000ee0                board_init_flag
 *fill*         0x20000ee1        0x3 
 .bss.defaultTaskHandle
                0x20000ee4        0x4 CMakeFiles/Frankenstein.elf.dir/Core/Src/freertos.c.obj
                0x20000ee4                defaultTaskHandle
 .bss.imuTaskHandle
                0x20000ee8        0x4 CMakeFiles/Frankenstein.elf.dir/Core/Src/freertos.c.obj
                0x20000ee8                imuTaskHandle
 .bss.initTaskHandle
                0x20000eec        0x4 CMakeFiles/Frankenstein.elf.dir/Core/Src/freertos.c.obj
                0x20000eec                initTaskHandle
 .bss.lqrTaskHandle
                0x20000ef0        0x4 CMakeFiles/Frankenstein.elf.dir/Core/Src/freertos.c.obj
                0x20000ef0                lqrTaskHandle
 .bss.vofaTaskHandle
                0x20000ef4        0x4 CMakeFiles/Frankenstein.elf.dir/Core/Src/freertos.c.obj
                0x20000ef4                vofaTaskHandle
 .bss.xIdleStack
                0x20000ef8      0x200 CMakeFiles/Frankenstein.elf.dir/Core/Src/freertos.c.obj
 .bss.xIdleTaskTCBBuffer
                0x200010f8      0x480 CMakeFiles/Frankenstein.elf.dir/Core/Src/freertos.c.obj
 .bss.hdma_spi2_rx
                0x20001578       0x60 CMakeFiles/Frankenstein.elf.dir/Core/Src/spi.c.obj
                0x20001578                hdma_spi2_rx
 .bss.hdma_spi2_tx
                0x200015d8       0x60 CMakeFiles/Frankenstein.elf.dir/Core/Src/spi.c.obj
                0x200015d8                hdma_spi2_tx
 .bss.hspi2     0x20001638       0x58 CMakeFiles/Frankenstein.elf.dir/Core/Src/spi.c.obj
                0x20001638                hspi2
 .bss.htim1     0x20001690       0x48 CMakeFiles/Frankenstein.elf.dir/Core/Src/stm32f4xx_hal_timebase_tim.c.obj
                0x20001690                htim1
 .bss.__sbrk_heap_end
                0x200016d8        0x4 CMakeFiles/Frankenstein.elf.dir/Core/Src/sysmem.c.obj
 .bss.htim2     0x200016dc       0x48 CMakeFiles/Frankenstein.elf.dir/Core/Src/tim.c.obj
                0x200016dc                htim2
 .bss.htim3     0x20001724       0x48 CMakeFiles/Frankenstein.elf.dir/Core/Src/tim.c.obj
                0x20001724                htim3
 .bss.hdma_uart4_rx
                0x2000176c       0x60 CMakeFiles/Frankenstein.elf.dir/Core/Src/usart.c.obj
                0x2000176c                hdma_uart4_rx
 .bss.hdma_uart5_rx
                0x200017cc       0x60 CMakeFiles/Frankenstein.elf.dir/Core/Src/usart.c.obj
                0x200017cc                hdma_uart5_rx
 .bss.hdma_uart5_tx
                0x2000182c       0x60 CMakeFiles/Frankenstein.elf.dir/Core/Src/usart.c.obj
                0x2000182c                hdma_uart5_tx
 .bss.huart4    0x2000188c       0x48 CMakeFiles/Frankenstein.elf.dir/Core/Src/usart.c.obj
                0x2000188c                huart4
 .bss.huart5    0x200018d4       0x48 CMakeFiles/Frankenstein.elf.dir/Core/Src/usart.c.obj
                0x200018d4                huart5
 .bss.uwTick    0x2000191c        0x4 CMakeFiles/Frankenstein.elf.dir/Drivers/STM32F4xx_HAL_Driver/Src/stm32f4xx_hal.c.obj
                0x2000191c                uwTick
 .bss.ucMaxSysCallPriority
                0x20001920        0x1 CMakeFiles/Frankenstein.elf.dir/Middlewares/Third_Party/FreeRTOS/Source/portable/GCC/ARM_CM4F/port.c.obj
 *fill*         0x20001921        0x3 
 .bss.ulMaxPRIGROUPValue
                0x20001924        0x4 CMakeFiles/Frankenstein.elf.dir/Middlewares/Third_Party/FreeRTOS/Source/portable/GCC/ARM_CM4F/port.c.obj
 .bss.pxEnd     0x20001928        0x4 CMakeFiles/Frankenstein.elf.dir/Middlewares/Third_Party/FreeRTOS/Source/portable/MemMang/heap_4.c.obj
 .bss.ucHeap    0x2000192c     0x3c00 CMakeFiles/Frankenstein.elf.dir/Middlewares/Third_Party/FreeRTOS/Source/portable/MemMang/heap_4.c.obj
 .bss.xBlockAllocatedBit
                0x2000552c        0x4 CMakeFiles/Frankenstein.elf.dir/Middlewares/Third_Party/FreeRTOS/Source/portable/MemMang/heap_4.c.obj
 .bss.xFreeBytesRemaining
                0x20005530        0x4 CMakeFiles/Frankenstein.elf.dir/Middlewares/Third_Party/FreeRTOS/Source/portable/MemMang/heap_4.c.obj
 .bss.xMinimumEverFreeBytesRemaining
                0x20005534        0x4 CMakeFiles/Frankenstein.elf.dir/Middlewares/Third_Party/FreeRTOS/Source/portable/MemMang/heap_4.c.obj
 .bss.xNumberOfSuccessfulAllocations
                0x20005538        0x4 CMakeFiles/Frankenstein.elf.dir/Middlewares/Third_Party/FreeRTOS/Source/portable/MemMang/heap_4.c.obj
 .bss.xNumberOfSuccessfulFrees
                0x2000553c        0x4 CMakeFiles/Frankenstein.elf.dir/Middlewares/Third_Party/FreeRTOS/Source/portable/MemMang/heap_4.c.obj
 .bss.xStart    0x20005540        0x8 CMakeFiles/Frankenstein.elf.dir/Middlewares/Third_Party/FreeRTOS/Source/portable/MemMang/heap_4.c.obj
 .bss.pxCurrentTCB
                0x20005548        0x4 CMakeFiles/Frankenstein.elf.dir/Middlewares/Third_Party/FreeRTOS/Source/tasks.c.obj
                0x20005548                pxCurrentTCB
 .bss.pxDelayedTaskList
                0x2000554c        0x4 CMakeFiles/Frankenstein.elf.dir/Middlewares/Third_Party/FreeRTOS/Source/tasks.c.obj
 .bss.pxOverflowDelayedTaskList
                0x20005550        0x4 CMakeFiles/Frankenstein.elf.dir/Middlewares/Third_Party/FreeRTOS/Source/tasks.c.obj
 .bss.pxReadyTasksLists
                0x20005554       0x8c CMakeFiles/Frankenstein.elf.dir/Middlewares/Third_Party/FreeRTOS/Source/tasks.c.obj
 .bss.uxCurrentNumberOfTasks
                0x200055e0        0x4 CMakeFiles/Frankenstein.elf.dir/Middlewares/Third_Party/FreeRTOS/Source/tasks.c.obj
 .bss.uxDeletedTasksWaitingCleanUp
                0x200055e4        0x4 CMakeFiles/Frankenstein.elf.dir/Middlewares/Third_Party/FreeRTOS/Source/tasks.c.obj
 .bss.uxSchedulerSuspended
                0x200055e8        0x4 CMakeFiles/Frankenstein.elf.dir/Middlewares/Third_Party/FreeRTOS/Source/tasks.c.obj
 .bss.uxTaskNumber